** Drc report for KEPR.kicad_pcb **
** Created on 2026-01-16T01:00:56+0000 **

** Found 177 DRC violations **
[track_dangling]: Track has unconnected end
    Local override; warning
    @(133.5510 mm, 88.0801 mm): Track [GND] on F.Cu, length 0.0068 mm
[track_dangling]: Track has unconnected end
    Local override; warning
    @(170.9400 mm, 222.9200 mm): Track [GND] on F.Cu, length 0.5600 mm
[track_dangling]: Track has unconnected end
    Local override; warning
    @(99.0000 mm, 82.0000 mm): Track [GND] on F.Cu, length 1.5000 mm
[track_dangling]: Track has unconnected end
    Local override; warning
    @(171.3000 mm, 222.7200 mm): Track [GND] on F.Cu, length 0.2828 mm
[track_dangling]: Track has unconnected end
    Local override; warning
    @(107.5000 mm, 109.0000 mm): Track [GND] on F.Cu, length 0.5000 mm
[track_dangling]: Track has unconnected end
    Local override; warning
    @(111.5000 mm, 93.7480 mm): Track [GND] on F.Cu, length 0.7520 mm
[via_dangling]: Via is not connected or connected on only one layer
    Local override; warning
    @(177.0000 mm, 134.0000 mm): Via [GND] on F.Cu - B.Cu
[via_dangling]: Via is not connected or connected on only one layer
    Local override; warning
    @(122.0000 mm, 135.5000 mm): Via [GND] on F.Cu - B.Cu
[via_dangling]: Via is not connected or connected on only one layer
    Local override; warning
    @(331.5000 mm, 223.0000 mm): Via [GND] on F.Cu - B.Cu
[via_dangling]: Via is not connected or connected on only one layer
    Local override; warning
    @(181.0000 mm, 33.5000 mm): Via [GND] on F.Cu - B.Cu
[via_dangling]: Via is not connected or connected on only one layer
    Local override; warning
    @(98.0000 mm, 78.5990 mm): Via [GND] on F.Cu - B.Cu
[via_dangling]: Via is not connected or connected on only one layer
    Local override; warning
    @(98.0000 mm, 82.0000 mm): Via [GND] on F.Cu - B.Cu
[via_dangling]: Via is not connected or connected on only one layer
    Local override; warning
    @(252.5000 mm, 223.0000 mm): Via [GND] on F.Cu - B.Cu
[via_dangling]: Via is not connected or connected on only one layer
    Local override; warning
    @(56.0000 mm, 33.5000 mm): Via [GND] on F.Cu - B.Cu
[track_dangling]: Track has unconnected end
    Local override; warning
    @(360.2433 mm, 215.7433 mm): Track [GND] on B.Cu, length 0.0047 mm
[track_dangling]: Track has unconnected end
    Local override; warning
    @(58.0000 mm, 54.5000 mm): Track [GND] on B.Cu, length 2.0000 mm
[track_dangling]: Track has unconnected end
    Local override; warning
    @(292.0000 mm, 223.0000 mm): Track [GND] on B.Cu, length 2.5000 mm
[track_dangling]: Track has unconnected end
    Local override; warning
    @(203.5000 mm, 85.3336 mm): Track [GND] on In2.Cu, length 0.3336 mm
[track_dangling]: Track has unconnected end
    Local override; warning
    @(112.5000 mm, 104.5000 mm): Track [GND] on In2.Cu, length 1.4142 mm
[track_dangling]: Track has unconnected end
    Local override; warning
    @(100.5000 mm, 82.0000 mm): Track [GND] on In2.Cu, length 5.2500 mm
[track_dangling]: Track has unconnected end
    Local override; warning
    @(102.3980 mm, 82.0000 mm): Track [GND] on In2.Cu, length 1.2700 mm
[track_dangling]: Track has unconnected end
    Local override; warning
    @(111.5000 mm, 82.5980 mm): Track [GND] on In2.Cu, length 0.8457 mm
[track_dangling]: Track has unconnected end
    Local override; warning
    @(109.0000 mm, 110.0000 mm): Track [GND] on In2.Cu, length 9.5000 mm
[track_dangling]: Track has unconnected end
    Local override; warning
    @(122.0000 mm, 135.5000 mm): Track [GND] on In2.Cu, length 2.0000 mm
[track_dangling]: Track has unconnected end
    Local override; warning
    @(68.5000 mm, 180.5000 mm): Track [GND] on In2.Cu, length 6.0000 mm
[track_dangling]: Track has unconnected end
    Local override; warning
    @(140.0480 mm, 75.9980 mm): Track [GND] on In2.Cu, length 1.6292 mm
[track_dangling]: Track has unconnected end
    Local override; warning
    @(106.0090 mm, 148.1260 mm): Track [GND] on In2.Cu, length 2.4339 mm
[track_dangling]: Track has unconnected end
    Local override; warning
    @(173.5000 mm, 107.1579 mm): Track [I2S_BCLK] on F.Cu, length 13.2079 mm
[track_dangling]: Track has unconnected end
    Local override; warning
    @(173.5000 mm, 122.6342 mm): Track [I2S_BCLK] on F.Cu, length 55.2909 mm
[track_dangling]: Track has unconnected end
    Local override; warning
    @(185.5000 mm, 87.0000 mm): Track [MDIO] on F.Cu, length 13.5000 mm
[via_dangling]: Via is not connected or connected on only one layer
    Local override; warning
    @(226.0000 mm, 82.5000 mm): Via [DBG_SWCLK] on F.Cu - B.Cu
[track_dangling]: Track has unconnected end
    Local override; warning
    @(174.3250 mm, 97.7750 mm): Track [GPIO0] on F.Cu, length 0.3182 mm
[track_dangling]: Track has unconnected end
    Local override; warning
    @(177.3678 mm, 94.6928 mm): Track [GPIO0] on F.Cu, length 0.1163 mm
[track_dangling]: Track has unconnected end
    Local override; warning
    @(172.4329 mm, 135.5000 mm): Track [GPIO0] on F.Cu, length 0.0671 mm
[via_dangling]: Via is not connected or connected on only one layer
    Local override; warning
    @(143.5485 mm, 132.8000 mm): Via [GPIO0] on F.Cu - B.Cu
[track_dangling]: Track has unconnected end
    Local override; warning
    @(277.6123 mm, 69.9060 mm): Track [MOD_TYPE0] on F.Cu, length 12.6123 mm
[via_dangling]: Via is not connected or connected on only one layer
    Local override; warning
    @(165.5000 mm, 95.0000 mm): Via [NET_CTL2_ODD] on F.Cu - B.Cu
[track_dangling]: Track has unconnected end
    Local override; warning
    @(280.8129 mm, 132.6200 mm): Track [SDIO_D2] on F.Cu, length 69.5539 mm
[track_dangling]: Track has unconnected end
    Local override; warning
    @(283.0000 mm, 132.6200 mm): Track [SDIO_D2] on In2.Cu, length 2.1871 mm
[track_dangling]: Track has unconnected end
    Local override; warning
    @(162.5000 mm, 199.5400 mm): Track [I2S_LRCLK] on F.Cu, length 11.0400 mm
[track_dangling]: Track has unconnected end
    Local override; warning
    @(179.0000 mm, 97.5237 mm): Track [GPIO6] on F.Cu, length 2.3344 mm
[track_dangling]: Track has unconnected end
    Local override; warning
    @(152.2543 mm, 168.5000 mm): Track [GPIO6] on F.Cu, length 3.2457 mm
[track_dangling]: Track has unconnected end
    Local override; warning
    @(185.0000 mm, 87.0000 mm): Track [NET_CTL0_ODD] on F.Cu, length 13.5000 mm
[via_dangling]: Via is not connected or connected on only one layer
    Local override; warning
    @(227.0124 mm, 81.2523 mm): Via [DBG_UART_RX] on F.Cu - B.Cu
[via_dangling]: Via is not connected or connected on only one layer
    Local override; warning
    @(165.5000 mm, 94.2000 mm): Via [NET_CTL1_ODD] on F.Cu - B.Cu
[track_dangling]: Track has unconnected end
    Local override; warning
    @(137.4000 mm, 111.1000 mm): Track [NET_CTL1_ODD] on B.Cu, length 0.1414 mm
[track_dangling]: Track has unconnected end
    Local override; warning
    @(176.9500 mm, 100.7079 mm): Track [PWM2] on F.Cu, length 0.0671 mm
[track_dangling]: Track has unconnected end
    Local override; warning
    @(155.5710 mm, 194.0710 mm): Track [AIN2] on F.Cu, length 0.1004 mm
[track_dangling]: Track has unconnected end
    Local override; warning
    @(94.5000 mm, 115.5000 mm): Track [NET_D0_EVEN] on F.Cu, length 1.4142 mm
[track_dangling]: Track has unconnected end
    Local override; warning
    @(154.4200 mm, 193.5800 mm): Track [AIN6] on F.Cu, length 0.1131 mm
[track_dangling]: Track has unconnected end
    Local override; warning
    @(238.3758 mm, 83.7750 mm): Track [DBG_TMS] on F.Cu, length 0.3758 mm
[track_dangling]: Track has unconnected end
    Local override; warning
    @(121.4000 mm, 191.6000 mm): Track [GPIO10] on F.Cu, length 42.5678 mm
[track_dangling]: Track has unconnected end
    Local override; warning
    @(180.5990 mm, 96.4918 mm): Track [PWM0] on F.Cu, length 4.5483 mm
[via_dangling]: Via is not connected or connected on only one layer
    Local override; warning
    @(110.5000 mm, 190.5000 mm): Via [SPI1_SCK] on F.Cu - B.Cu
[via_dangling]: Via is not connected or connected on only one layer
    Local override; warning
    @(165.5000 mm, 93.4000 mm): Via [NET_CTL0_EVEN] on F.Cu - B.Cu
[track_dangling]: Track has unconnected end
    Local override; warning
    @(283.0000 mm, 57.0000 mm): Track [DBG_VREF] on F.Cu, length 1.4142 mm
[track_dangling]: Track has unconnected end
    Local override; warning
    @(149.0000 mm, 161.0000 mm): Track [GPIO1] on F.Cu, length 2.0000 mm
[via_dangling]: Via is not connected or connected on only one layer
    Local override; warning
    @(179.3010 mm, 82.1000 mm): Via [GPIO1] on F.Cu - B.Cu
[via_dangling]: Via is not connected or connected on only one layer
    Local override; warning
    @(173.3500 mm, 82.3000 mm): Via [VREF_IO] on F.Cu - B.Cu
[track_dangling]: Track has unconnected end
    Local override; warning
    @(153.2690 mm, 188.7690 mm): Track [AIN1] on F.Cu, length 0.3804 mm
[track_dangling]: Track has unconnected end
    Local override; warning
    @(158.0000 mm, 131.0000 mm): Track [AIN1] on F.Cu, length 0.5000 mm
[track_dangling]: Track has unconnected end
    Local override; warning
    @(150.4910 mm, 201.3890 mm): Track [AIN0] on F.Cu, length 15.3800 mm
[track_dangling]: Track has unconnected end
    Local override; warning
    @(151.5000 mm, 167.2684 mm): Track [GPIO13] on F.Cu, length 0.2684 mm
[track_dangling]: Track has unconnected end
    Local override; warning
    @(126.4800 mm, 191.1542 mm): Track [GPIO12] on F.Cu, length 32.2965 mm
[track_dangling]: Track has unconnected end
    Local override; warning
    @(115.5000 mm, 190.0000 mm): Track [SPI1_CS1] on F.Cu, length 0.3536 mm
[track_dangling]: Track has unconnected end
    Local override; warning
    @(169.5000 mm, 136.0000 mm): Track [SPI1_CS1] on F.Cu, length 0.3536 mm
[track_dangling]: Track has unconnected end
    Local override; warning
    @(167.0000 mm, 101.0000 mm): Track [SPI1_CS1] on In1.Cu, length 2.8284 mm
[via_dangling]: Via is not connected or connected on only one layer
    Local override; warning
    @(134.3000 mm, 135.2000 mm): Via [UART3_RX] on F.Cu - B.Cu
[track_dangling]: Track has unconnected end
    Local override; warning
    @(177.5000 mm, 92.6579 mm): Track [SPI0_CS1] on F.Cu, length 0.0218 mm
[track_dangling]: Track has unconnected end
    Local override; warning
    @(170.5000 mm, 134.0000 mm): Track [SPI1_CS2] on F.Cu, length 1.5000 mm
[track_dangling]: Track has unconnected end
    Local override; warning
    @(174.0000 mm, 180.0000 mm): Track [I2S_DIN] on B.Cu, length 4.2426 mm
[track_dangling]: Track has unconnected end
    Local override; warning
    @(157.0000 mm, 193.5000 mm): Track [AIN7] on F.Cu, length 0.0566 mm
[track_dangling]: Track has unconnected end
    Local override; warning
    @(135.2510 mm, 186.8161 mm): Track [GPIO7] on F.Cu, length 17.3701 mm
[via_dangling]: Via is not connected or connected on only one layer
    Local override; warning
    @(181.1257 mm, 82.6010 mm): Via [GPIO7] on F.Cu - B.Cu
[track_dangling]: Track has unconnected end
    Local override; warning
    @(123.9400 mm, 192.5600 mm): Track [GPIO11] on F.Cu, length 34.7331 mm
[track_dangling]: Track has unconnected end
    Local override; warning
    @(172.0000 mm, 135.0000 mm): Track [GPIO8] on F.Cu, length 0.5990 mm
[track_dangling]: Track has unconnected end
    Local override; warning
    @(150.0000 mm, 168.2013 mm): Track [GPIO4] on F.Cu, length 0.2013 mm
[via_dangling]: Via is not connected or connected on only one layer
    Local override; warning
    @(148.7500 mm, 125.2500 mm): Via [GPIO4] on F.Cu - B.Cu
[via_dangling]: Via is not connected or connected on only one layer
    Local override; warning
    @(226.5111 mm, 81.8758 mm): Via [DBG_TDO] on F.Cu - B.Cu
[track_dangling]: Track has unconnected end
    Local override; warning
    @(119.0000 mm, 189.5000 mm): Track [GPIO9] on F.Cu, length 9.1924 mm
[track_dangling]: Track has unconnected end
    Local override; warning
    @(149.0000 mm, 168.0671 mm): Track [GPIO3] on F.Cu, length 0.5671 mm
[track_dangling]: Track has unconnected end
    Local override; warning
    @(167.0000 mm, 102.0000 mm): Track [GPIO3] on In1.Cu, length 2.1213 mm
[track_dangling]: Track has unconnected end
    Local override; warning
    @(173.0000 mm, 131.0000 mm): Track [SPI1_CS0] on F.Cu, length 1.4142 mm
[track_dangling]: Track has unconnected end
    Local override; warning
    @(171.0000 mm, 129.0000 mm): Track [SPI1_MOSI] on F.Cu, length 1.5000 mm
[track_dangling]: Track has unconnected end
    Local override; warning
    @(146.8000 mm, 189.2000 mm): Track [IR_TX_OUT] on F.Cu, length 0.9899 mm
[track_dangling]: Track has unconnected end
    Local override; warning
    @(158.5000 mm, 131.5000 mm): Track [AIN3] on F.Cu, length 1.0000 mm
[track_dangling]: Track has unconnected end
    Local override; warning
    @(158.3490 mm, 193.6510 mm): Track [AIN3] on F.Cu, length 0.2135 mm
[track_dangling]: Track has unconnected end
    Local override; warning
    @(148.9390 mm, 172.5610 mm): Track [GPIO15] on F.Cu, length 0.1786 mm
[track_dangling]: Track has unconnected end
    Local override; warning
    @(160.5000 mm, 199.0000 mm): Track [AOUT1] on F.Cu, length 10.5000 mm
[track_dangling]: Track has unconnected end
    Local override; warning
    @(151.8778 mm, 186.3778 mm): Track [AIN5] on F.Cu, length 0.6496 mm
[track_dangling]: Track has unconnected end
    Local override; warning
    @(147.9510 mm, 201.3890 mm): Track [IR_RX_IN] on F.Cu, length 26.8400 mm
[track_dangling]: Track has unconnected end
    Local override; warning
    @(157.0000 mm, 131.0000 mm): Track [IR_RX_IN] on F.Cu, length 0.5000 mm
[track_dangling]: Track has unconnected end
    Local override; warning
    @(131.5600 mm, 188.3426 mm): Track [GPIO14] on F.Cu, length 32.3043 mm
[track_dangling]: Track has unconnected end
    Local override; warning
    @(151.9010 mm, 167.4345 mm): Track [GPIO5] on F.Cu, length 0.4345 mm
[track_dangling]: Track has unconnected end
    Local override; warning
    @(167.0000 mm, 103.0000 mm): Track [GPIO5] on In1.Cu, length 1.4142 mm
[track_dangling]: Track has unconnected end
    Local override; warning
    @(149.3400 mm, 200.0000 mm): Track [AIN4] on F.Cu, length 28.0186 mm
[track_dangling]: Track has unconnected end
    Local override; warning
    @(283.4940 mm, 138.9940 mm): Track [UART0_TX] on B.Cu, length 0.0085 mm
[track_dangling]: Track has unconnected end
    Local override; warning
    @(175.5000 mm, 82.0000 mm): Track [UART0_TX] on In2.Cu, length 0.5000 mm
[track_dangling]: Track has unconnected end
    Local override; warning
    @(326.5000 mm, 198.8490 mm): Track [MCU_BOOT1] on B.Cu, length 0.6368 mm
[track_dangling]: Track has unconnected end
    Local override; warning
    @(173.6756 mm, 94.0036 mm): Track [I2C0_SCL] on B.Cu, length 0.4168 mm
[track_dangling]: Track has unconnected end
    Local override; warning
    @(325.5771 mm, 198.4480 mm): Track [MCU_RST_N] on B.Cu, length 0.4229 mm
[via_dangling]: Via is not connected or connected on only one layer
    Local override; warning
    @(190.0095 mm, 90.8345 mm): Via [MCU_BOOT0] on F.Cu - B.Cu
[via_dangling]: Via is not connected or connected on only one layer
    Local override; warning
    @(217.2747 mm, 91.2253 mm): Via [MCU_BOOT0] on F.Cu - B.Cu
[track_dangling]: Track has unconnected end
    Local override; warning
    @(308.8422 mm, 180.7990 mm): Track [VCC_IN] on F.Cu, length 4.1578 mm
[track_dangling]: Track has unconnected end
    Local override; warning
    @(313.0000 mm, 180.7990 mm): Track [VCC_IN] on B.Cu, length 4.1578 mm
[track_dangling]: Track has unconnected end
    Local override; warning
    @(312.9505 mm, 180.7990 mm): Track [VCC_IN] on B.Cu, length 4.1083 mm
[track_dangling]: Track has unconnected end
    Local override; warning
    @(287.5000 mm, 180.7990 mm): Track [VCC_IN] on In1.Cu, length 25.4505 mm
[track_dangling]: Track has unconnected end
    Local override; warning
    @(184.5000 mm, 87.0000 mm): Track [RMII_TXD0] on F.Cu, length 13.5000 mm
[via_dangling]: Via is not connected or connected on only one layer
    Local override; warning
    @(134.6010 mm, 77.0000 mm): Via [/UCE board/+3.3v Shunt Out] on F.Cu - B.Cu
[track_dangling]: Track has unconnected end
    Local override; warning
    @(144.2470 mm, 74.5970 mm): Track [+24V] on F.Cu, length 2.1963 mm
[track_dangling]: Track has unconnected end
    Local override; warning
    @(109.5000 mm, 84.0000 mm): Track [+24V] on F.Cu, length 0.7071 mm
[track_dangling]: Track has unconnected end
    Local override; warning
    @(110.0000 mm, 94.3000 mm): Track [+24V] on F.Cu, length 0.3000 mm
[track_dangling]: Track has unconnected end
    Local override; warning
    @(95.0000 mm, 80.0000 mm): Track [+24V] on F.Cu, length 0.3823 mm
[track_dangling]: Track has unconnected end
    Local override; warning
    @(110.0000 mm, 96.0000 mm): Track [+24V] on F.Cu, length 0.5000 mm
[track_dangling]: Track has unconnected end
    Local override; warning
    @(105.7500 mm, 95.1500 mm): Track [+24V] on In1.Cu, length 3.2500 mm
[track_dangling]: Track has unconnected end
    Local override; warning
    @(109.0000 mm, 84.0000 mm): Track [+24V] on In1.Cu, length 0.5000 mm
[track_dangling]: Track has unconnected end
    Local override; warning
    @(110.0000 mm, 105.6020 mm): Track [+24V] on In1.Cu, length 1.2700 mm
[track_dangling]: Track has unconnected end
    Local override; warning
    @(100.0207 mm, 74.5970 mm): Track [+24V] on In1.Cu, length 44.2263 mm
[track_dangling]: Track has unconnected end
    Local override; warning
    @(115.2500 mm, 80.0000 mm): Track [+3v3 Shunt] on In1.Cu, length 15.7500 mm
[track_dangling]: Track has unconnected end
    Local override; warning
    @(115.2500 mm, 91.1500 mm): Track [+5v Shunt] on In1.Cu, length 15.6924 mm
[track_dangling]: Track has unconnected end
    Local override; warning
    @(119.5000 mm, 103.0000 mm): Track [+12v Shunt] on F.Cu, length 0.7071 mm
[track_dangling]: Track has unconnected end
    Local override; warning
    @(120.0000 mm, 102.5000 mm): Track [+12v Shunt] on In1.Cu, length 4.7500 mm
[track_dangling]: Track has unconnected end
    Local override; warning
    @(131.0265 mm, 102.5000 mm): Track [+12v Shunt] on In1.Cu, length 11.0265 mm
[track_dangling]: Track has unconnected end
    Local override; warning
    @(108.1000 mm, 134.0000 mm): Track [Net-(BT1-+)] on B.Cu, length 0.6010 mm
[track_dangling]: Track has unconnected end
    Local override; warning
    @(112.8547 mm, 141.9510 mm): Track [/UCE board/VDDA_MCU_CTL_3] on F.Cu, length 0.1453 mm
[track_dangling]: Track has unconnected end
    Local override; warning
    @(184.0000 mm, 97.7921 mm): Track [NET_D2_EVEN] on F.Cu, length 3.3290 mm
[via_dangling]: Via is not connected or connected on only one layer
    Local override; warning
    @(169.8500 mm, 88.5750 mm): Via [+1v8] on F.Cu - B.Cu
[track_dangling]: Track has unconnected end
    Local override; warning
    @(150.6500 mm, 78.0000 mm): Track [+1v8] on In1.Cu, length 10.1116 mm
[track_dangling]: Track has unconnected end
    Local override; warning
    @(195.8077 mm, 75.0000 mm): Track [+1v8] on In2.Cu, length 18.6923 mm
[track_dangling]: Track has unconnected end
    Local override; warning
    @(208.8200 mm, 197.0000 mm): Track [+1v8] on In2.Cu, length 0.8200 mm
[via_dangling]: Via is not connected or connected on only one layer
    Local override; warning
    @(254.8361 mm, 206.3361 mm): Via [+5V] on F.Cu - B.Cu
[via_dangling]: Via is not connected or connected on only one layer
    Local override; warning
    @(172.0000 mm, 84.4000 mm): Via [+5V] on F.Cu - B.Cu
[track_dangling]: Track has unconnected end
    Local override; warning
    @(172.1490 mm, 76.0310 mm): Track [+5V] on B.Cu, length 0.0310 mm
[track_dangling]: Track has unconnected end
    Local override; warning
    @(107.2001 mm, 135.9500 mm): Track [+12V] on F.Cu, length 0.1768 mm
[track_dangling]: Track has unconnected end
    Local override; warning
    @(229.3787 mm, 85.5000 mm): Track [+3.3V] on F.Cu, length 0.2375 mm
[track_dangling]: Track has unconnected end
    Local override; warning
    @(171.9990 mm, 65.5010 mm): Track [+3.3V] on B.Cu, length 20.5047 mm
[track_dangling]: Track has unconnected end
    Local override; warning
    @(206.3909 mm, 74.4000 mm): Track [+3.3V] on In2.Cu, length 15.1591 mm
[track_dangling]: Track has unconnected end
    Local override; warning
    @(116.5875 mm, 142.5875 mm): Track [VDD_MCU_CTL_3v3] on F.Cu, length 0.0875 mm
[clearance]: Clearance violation (netclass 'Default' clearance 0.2000 mm; actual 0.1691 mm)
    Rule: netclass 'Default'; error
    @(132.9000 mm, 80.0000 mm): Track [+3.3V] on F.Cu, length 2.1000 mm
    @(135.9691 mm, 78.3681 mm): Track [/UCE board/+3.3v Shunt Out] on F.Cu, length 42.9129 mm
[clearance]: Clearance violation (netclass 'Default' clearance 0.2000 mm; actual 0.1112 mm)
    Rule: netclass 'Default'; error
    @(135.5000 mm, 124.0000 mm): Track [/UCE board/+3.3v Shunt Out] on F.Cu, length 21.2132 mm
    @(134.0800 mm, 127.0500 mm): PTH pad 1 [GND] of Brd1
[clearance]: Clearance violation (netclass 'Default' clearance 0.2000 mm; actual 0.1900 mm)
    Rule: netclass 'Default'; error
    @(132.9000 mm, 80.0000 mm): Track [+3.3V] on F.Cu, length 2.1000 mm
    @(131.0000 mm, 78.5844 mm): Track [+5v Shunt] on F.Cu, length 1.4156 mm
[clearance]: Clearance violation (netclass 'Default' clearance 0.2000 mm; actual 0.0990 mm)
    Rule: netclass 'Default'; error
    @(132.9000 mm, 80.0000 mm): Track [+3.3V] on F.Cu, length 2.1000 mm
    @(132.0010 mm, 79.5854 mm): Track [+5v Shunt] on F.Cu, length 6.8712 mm
[clearance]: Clearance violation (netclass 'Default' clearance 0.2000 mm; actual 0.1691 mm)
    Rule: netclass 'Default'; error
    @(135.9691 mm, 78.3681 mm): Track [/UCE board/+3.3v Shunt Out] on F.Cu, length 42.9129 mm
    @(135.0000 mm, 80.0000 mm): Via [+3.3V] on F.Cu - B.Cu
[courtyards_overlap]: Courtyards overlap
    Rule: board setup constraints courtyard; error
    @(107.0000 mm, 144.5000 mm): Footprint U1
    @(113.8375 mm, 136.7500 mm): Footprint U2
[silk_edge_clearance]: Silkscreen clipped by board edge
    Rule: board setup constraints silk; warning
    @(55.0000 mm, 27.0000 mm): Segment on Edge.Cuts
    @(331.0800 mm, 46.7600 mm): Dimension '19.76' on F.Silkscreen
[silk_edge_clearance]: Silkscreen clipped by board edge
    Rule: board setup constraints silk; warning
    @(50.0000 mm, 221.5000 mm): Segment on Edge.Cuts
    @(79.3700 mm, 184.9300 mm): Dimension '29.37' on F.Silkscreen
[drill_out_of_range]: Hole size out of range (board setup constraints min hole 0.3000 mm; actual 0.2000 mm)
    Rule: netclass 'Default'; error
    @(171.9215 mm, 76.5813 mm): Via [+3.3V] on F.Cu - B.Cu
[lib_footprint_issues]: The current configuration does not include the footprint library 'TDN 5WISM Series, 5 Watt'.
    Local override; warning
    @(110.5000 mm, 81.0000 mm): Footprint PS1
[lib_footprint_issues]: The current configuration does not include the footprint library 'TDN 5WISM Series, 5 Watt'.
    Local override; warning
    @(110.5000 mm, 103.5000 mm): Footprint PS3
[lib_footprint_issues]: The current configuration does not include the footprint library 'ACS37041'.
    Local override; warning
    @(131.9765 mm, 101.3000 mm): Footprint IC3
[lib_footprint_mismatch]: Footprint 'IDC-Header_2x12_P2.54mm_Latch9.5mm_Vertical' does not match copy in library 'Connector_IDC'.
    Local override; warning
    @(82.5000 mm, 113.0000 mm): Footprint J3
[lib_footprint_issues]: The current configuration does not include the footprint library 'REF193'.
    Local override; warning
    @(107.0000 mm, 144.5000 mm): Footprint U1
[lib_footprint_mismatch]: Footprint 'IDC-Header_2x15-1MP_P2.54mm_Latch_Vertical' does not match copy in library 'Connector_IDC'.
    Local override; warning
    @(284.4400 mm, 52.5400 mm): Footprint J4
[lib_footprint_issues]: The current configuration does not include the footprint library 'Capacitor'.
    Local override; warning
    @(121.0500 mm, 134.0000 mm): Footprint C1
[lib_footprint_mismatch]: Footprint 'PinHeader_2x08_P2.00mm_Vertical' does not match copy in library 'Connector_PinHeader_2.00mm'.
    Local override; warning
    @(248.5000 mm, 186.5000 mm): Footprint J7
[lib_footprint_issues]: The current configuration does not include the footprint library 'Capacitor'.
    Local override; warning
    @(106.5000 mm, 138.0000 mm): Footprint C3
[lib_footprint_issues]: The current configuration does not include the footprint library 'SSD1306'.
    Local override; warning
    @(137.7000 mm, 137.6500 mm): Footprint Brd1
[lib_footprint_mismatch]: Footprint 'IDC-Header_2x08_P2.54mm_Latch12.0mm_Vertical' does not match copy in library 'Connector_IDC'.
    Local override; warning
    @(283.0000 mm, 125.0000 mm): Footprint J5
[lib_footprint_issues]: The current configuration does not include the footprint library 'TDN 5WISM Series, 5 Watt'.
    Local override; warning
    @(110.5000 mm, 92.1500 mm): Footprint PS2
[lib_footprint_mismatch]: Footprint 'PinHeader_1x08_P2.00mm_Vertical' does not match copy in library 'Connector_PinHeader_2.00mm'.
    Local override; warning
    @(248.5000 mm, 181.5000 mm): Footprint J8
[lib_footprint_issues]: The current configuration does not include the footprint library 'Barrel Jack'.
    Local override; warning
    @(64.0000 mm, 54.5000 mm): Footprint J22
[lib_footprint_mismatch]: Footprint 'LQFP-48_7x7mm_P0.5mm' does not match copy in library 'Package_QFP'.
    Local override; warning
    @(113.8375 mm, 136.7500 mm): Footprint U2
[lib_footprint_issues]: The current configuration does not include the footprint library 'Capacitor'.
    Local override; warning
    @(108.5500 mm, 131.5000 mm): Footprint C2
[lib_footprint_issues]: The current configuration does not include the footprint library 'Logo Rapport'.
    Local override; warning
    @(116.5000 mm, 45.5000 mm): Footprint G***
[lib_footprint_issues]: The current configuration does not include the footprint library 'Capacitor'.
    Local override; warning
    @(113.0000 mm, 144.5000 mm): Footprint C5
[lib_footprint_issues]: The current configuration does not include the footprint library 'ACS37041'.
    Local override; warning
    @(131.9118 mm, 89.9693 mm): Footprint IC2
[lib_footprint_issues]: The current configuration does not include the footprint library 'ACS37041'.
    Local override; warning
    @(131.9500 mm, 78.8000 mm): Footprint IC1
[lib_footprint_issues]: The current configuration does not include the footprint library 'Capacitor'.
    Local override; warning
    @(116.5000 mm, 144.5000 mm): Footprint C4
[invalid_outline]: Board has malformed outline (not a closed shape)
    Local override; error
    @(375.0000 mm, 226.5000 mm): Segment on Edge.Cuts
[invalid_outline]: Board has malformed outline (self-intersecting)
    Local override; error
    @(379.5000 mm, 32.0000 mm): Segment on Edge.Cuts
    @(374.5000 mm, 32.0000 mm): Arc on Edge.Cuts
[silk_over_copper]: Silkscreen clipped by solder mask
    Local override; warning
    @(131.9765 mm, 101.3000 mm): Reference field of IC3
[silk_over_copper]: Silkscreen clipped by solder mask
    Local override; warning
    @(131.9118 mm, 89.9693 mm): Reference field of IC2
[silk_over_copper]: Silkscreen clipped by solder mask
    Local override; warning
    @(131.9500 mm, 78.8000 mm): Reference field of IC1
[silk_overlap]: Silkscreen overlap
    Rule: board setup constraints silk; warning
    @(48.4000 mm, 180.5000 mm): Arc of BT1 on F.Silkscreen
    @(79.3700 mm, 184.9300 mm): Dimension '29.37' on F.Silkscreen
[silk_overlap]: Silkscreen overlap
    Rule: board setup constraints silk; warning
    @(66.2500 mm, 191.1800 mm): Segment of BT1 on F.Silkscreen
    @(79.3700 mm, 184.9300 mm): Dimension '29.37' on F.Silkscreen
[silk_overlap]: Silkscreen overlap
    Rule: board setup constraints silk; warning
    @(131.9765 mm, 101.3000 mm): Reference field of IC3
    @(133.4665 mm, 100.9000 mm): Segment of IC3 on F.Silkscreen
[silk_overlap]: Silkscreen overlap
    Rule: board setup constraints silk; warning
    @(131.9118 mm, 89.9693 mm): Reference field of IC2
    @(133.4018 mm, 89.5693 mm): Segment of IC2 on F.Silkscreen

** Found 117 unconnected pads **
[unconnected_items]: Missing connection between items
    Local override; error
    @(100.5000 mm, 82.0000 mm): Track [GND] on In2.Cu, length 5.2500 mm
    @(99.0000 mm, 82.0000 mm): Track [GND] on F.Cu, length 1.5000 mm
[unconnected_items]: Missing connection between items
    Local override; error
    @(111.5000 mm, 94.5000 mm): Track [GND] on In2.Cu, length 2.0000 mm
    @(111.5000 mm, 93.7480 mm): Track [GND] on F.Cu, length 0.7520 mm
[unconnected_items]: Missing connection between items
    Local override; error
    @(140.0480 mm, 75.9980 mm): Track [GND] on In2.Cu, length 1.6292 mm
    @(141.2000 mm, 77.1500 mm): Pad 1 [GND] of U4 on F.Cu
[unconnected_items]: Missing connection between items
    Local override; error
    @(100.5000 mm, 82.0000 mm): Track [GND] on In2.Cu, length 5.2500 mm
    @(105.7500 mm, 82.0000 mm): Track [GND] on F.Cu, length 3.3520 mm
[unconnected_items]: Missing connection between items
    Local override; error
    @(360.2400 mm, 215.7400 mm): Track [GND] on In2.Cu, length 12.3200 mm
    @(360.2433 mm, 215.7433 mm): Track [GND] on B.Cu, length 0.0047 mm
[unconnected_items]: Missing connection between items
    Local override; error
    @(106.0090 mm, 148.1260 mm): Track [GND] on In2.Cu, length 2.4339 mm
    @(104.2880 mm, 146.4050 mm): Pad 4 [GND] of U1 on F.Cu
[unconnected_items]: Missing connection between items
    Local override; error
    @(170.9400 mm, 222.9200 mm): Track [GND] on In2.Cu, length 2.5400 mm
    @(170.9400 mm, 222.9200 mm): Track [GND] on F.Cu, length 0.5600 mm
[unconnected_items]: Missing connection between items
    Local override; error
    @(122.0000 mm, 135.5000 mm): Track [GND] on In2.Cu, length 2.0000 mm
    @(122.0000 mm, 133.5000 mm): Track [GND] on F.Cu, length 0.7071 mm
[unconnected_items]: Missing connection between items
    Local override; error
    @(102.3980 mm, 93.1500 mm): Track [GND] on In2.Cu, length 1.2700 mm
    @(105.7500 mm, 93.1500 mm): Track [GND] on F.Cu, length 3.3520 mm
[unconnected_items]: Missing connection between items
    Local override; error
    @(111.5000 mm, 82.5980 mm): Track [GND] on In2.Cu, length 0.8457 mm
    @(112.0980 mm, 82.0000 mm): Track [GND] on F.Cu, length 3.1520 mm
[unconnected_items]: Missing connection between items
    Local override; error
    @(112.5000 mm, 104.5000 mm): Track [GND] on In2.Cu, length 1.4142 mm
    @(113.1000 mm, 104.5000 mm): Track [GND] on F.Cu, length 0.6000 mm
[unconnected_items]: Missing connection between items
    Local override; error
    @(109.0000 mm, 110.0000 mm): Track [GND] on In2.Cu, length 9.5000 mm
    @(110.8213 mm, 121.3213 mm): Track [GND] on F.Cu, length 2.5758 mm
[unconnected_items]: Missing connection between items
    Local override; error
    @(108.0000 mm, 109.0000 mm): Track [GND] on In2.Cu, length 1.4142 mm
    @(107.5000 mm, 109.0000 mm): Track [GND] on F.Cu, length 0.5000 mm
[unconnected_items]: Missing connection between items
    Local override; error
    @(68.5000 mm, 180.5000 mm): Track [GND] on In2.Cu, length 6.0000 mm
    @(62.0000 mm, 180.5000 mm): Pad 2 [GND] of BT1 on F.Cu
[unconnected_items]: Missing connection between items
    Local override; error
    @(133.5510 mm, 88.0801 mm): Track [GND] on F.Cu, length 0.0068 mm
    @(133.5462 mm, 89.4538 mm): Track [GND] on F.Cu, length 0.9680 mm
[unconnected_items]: Missing connection between items
    Local override; error
    @(85.0400 mm, 113.0000 mm): PTH pad 2 [GND] of J3
    @(73.5000 mm, 113.0000 mm): Track [GND] on In2.Cu, length 9.0000 mm
[unconnected_items]: Missing connection between items
    Local override; error
    @(173.5000 mm, 107.1579 mm): Track [I2S_BCLK] on F.Cu, length 13.2079 mm
    @(173.5000 mm, 122.6342 mm): Track [I2S_BCLK] on F.Cu, length 55.2909 mm
[unconnected_items]: Missing connection between items
    Local override; error
    @(226.0000 mm, 82.5000 mm): Via [DBG_SWCLK] on F.Cu - B.Cu
    @(232.1400 mm, 200.0000 mm): PTH pad 34 [DBG_SWCLK] of J10
[unconnected_items]: Missing connection between items
    Local override; error
    @(172.4329 mm, 135.5000 mm): Track [GPIO0] on F.Cu, length 0.0671 mm
    @(146.3000 mm, 129.4000 mm): Track [GPIO0] on B.Cu, length 0.6485 mm
[unconnected_items]: Missing connection between items
    Local override; error
    @(277.6123 mm, 69.9060 mm): Track [MOD_TYPE0] on F.Cu, length 12.6123 mm
    @(227.5000 mm, 87.0000 mm): Pad 219 [MOD_TYPE0] of J11 on F.Cu
[unconnected_items]: Missing connection between items
    Local override; error
    @(227.5000 mm, 87.0000 mm): Pad 219 [MOD_TYPE0] of J11 on F.Cu
    @(244.8400 mm, 200.0000 mm): PTH pad 44 [MOD_TYPE0] of J10
[unconnected_items]: Missing connection between items
    Local override; error
    @(83.6510 mm, 137.2490 mm): Track [NET_CTL2_ODD] on F.Cu, length 1.6278 mm
    @(82.5000 mm, 140.9400 mm): PTH pad 23 [NET_CTL2_ODD] of J3
[unconnected_items]: Missing connection between items
    Local override; error
    @(220.0000 mm, 87.0000 mm): Pad 189 [NET_CTL2_ODD] of J11 on F.Cu
    @(220.2500 mm, 78.8000 mm): Pad 190 [NET_CTL2_ODD] of J11 on F.Cu
[unconnected_items]: Missing connection between items
    Local override; error
    @(220.0000 mm, 87.0000 mm): Pad 189 [NET_CTL2_ODD] of J11 on F.Cu
    @(165.5000 mm, 95.0000 mm): Via [NET_CTL2_ODD] on F.Cu - B.Cu
[unconnected_items]: Missing connection between items
    Local override; error
    @(283.0000 mm, 132.6200 mm): Track [SDIO_D2] on In2.Cu, length 2.1871 mm
    @(280.8129 mm, 132.6200 mm): Track [SDIO_D2] on F.Cu, length 69.5539 mm
[unconnected_items]: Missing connection between items
    Local override; error
    @(186.2500 mm, 78.8000 mm): Pad 62 [SDIO_D2] of J11 on F.Cu
    @(218.3322 mm, 181.8020 mm): Track [SDIO_D2] on F.Cu, length 21.3532 mm
[unconnected_items]: Missing connection between items
    Local override; error
    @(217.7500 mm, 78.8000 mm): Pad 180 [I2S_LRCLK] of J11 on F.Cu
    @(162.5000 mm, 199.5400 mm): Track [I2S_LRCLK] on F.Cu, length 11.0400 mm
[unconnected_items]: Missing connection between items
    Local override; error
    @(179.0000 mm, 97.5237 mm): Track [GPIO6] on F.Cu, length 2.3344 mm
    @(152.2543 mm, 168.5000 mm): Track [GPIO6] on F.Cu, length 3.2457 mm
[unconnected_items]: Missing connection between items
    Local override; error
    @(227.0124 mm, 81.2523 mm): Track [DBG_UART_RX] on F.Cu, length 0.0452 mm
    @(242.3000 mm, 200.0000 mm): PTH pad 42 [DBG_UART_RX] of J10
[unconnected_items]: Missing connection between items
    Local override; error
    @(173.0000 mm, 87.0000 mm): Pad 9 [PWR_GOOD] of J11 on F.Cu
    @(205.6308 mm, 80.1308 mm): Track [PWR_GOOD] on B.Cu, length 1.2292 mm
[unconnected_items]: Missing connection between items
    Local override; error
    @(219.7500 mm, 78.8000 mm): Pad 188 [NET_CTL1_ODD] of J11 on F.Cu
    @(165.5000 mm, 94.2000 mm): Track [NET_CTL1_ODD] on F.Cu, length 1.2000 mm
[unconnected_items]: Missing connection between items
    Local override; error
    @(176.9500 mm, 100.7079 mm): Track [PWM2] on F.Cu, length 0.0671 mm
    @(252.5000 mm, 181.5000 mm): PTH pad 3 [PWM2] of J8
[unconnected_items]: Missing connection between items
    Local override; error
    @(182.2500 mm, 78.8000 mm): Pad 46 [AIN2] of J11 on F.Cu
    @(155.5710 mm, 194.0710 mm): Track [AIN2] on F.Cu, length 0.1004 mm
[unconnected_items]: Missing connection between items
    Local override; error
    @(215.7500 mm, 78.8000 mm): Pad 172 [PWM6] of J11 on F.Cu
    @(260.5000 mm, 181.5000 mm): PTH pad 7 [PWM6] of J8
[unconnected_items]: Missing connection between items
    Local override; error
    @(154.4200 mm, 193.5800 mm): Track [AIN6] on F.Cu, length 0.1131 mm
    @(217.0000 mm, 87.0000 mm): Pad 177 [AIN6] of J11 on F.Cu
[unconnected_items]: Missing connection between items
    Local override; error
    @(226.5000 mm, 85.6579 mm): Track [DBG_TMS] on F.Cu, length 1.3421 mm
    @(234.6800 mm, 200.0000 mm): PTH pad 36 [DBG_TMS] of J10
[unconnected_items]: Missing connection between items
    Local override; error
    @(191.5000 mm, 202.5400 mm): PTH pad 1 [SDIO_CLK] of J10
    @(195.2481 mm, 201.3319 mm): Track [SDIO_CLK] on In2.Cu, length 1.7084 mm
[unconnected_items]: Missing connection between items
    Local override; error
    @(185.7500 mm, 78.8000 mm): Pad 60 [SDIO_CLK] of J11 on F.Cu
    @(186.0000 mm, 87.0000 mm): Pad 61 [SDIO_CLK] of J11 on F.Cu
[unconnected_items]: Missing connection between items
    Local override; error
    @(203.0000 mm, 196.0000 mm): Track [SDIO_CLK] on F.Cu, length 21.2132 mm
    @(186.0000 mm, 87.0000 mm): Pad 61 [SDIO_CLK] of J11 on F.Cu
[unconnected_items]: Missing connection between items
    Local override; error
    @(121.4000 mm, 191.6000 mm): Track [GPIO10] on F.Cu, length 42.5678 mm
    @(213.7500 mm, 78.8000 mm): Pad 164 [GPIO10] of J11 on F.Cu
[unconnected_items]: Missing connection between items
    Local override; error
    @(180.7500 mm, 78.8000 mm): Pad 40 [PWM1] of J11 on F.Cu
    @(250.5000 mm, 181.5000 mm): PTH pad 2 [PWM1] of J8
[unconnected_items]: Missing connection between items
    Local override; error
    @(180.5990 mm, 96.4918 mm): Track [PWM0] on F.Cu, length 4.5483 mm
    @(248.5000 mm, 181.5000 mm): PTH pad 1 [PWM0] of J8
[unconnected_items]: Missing connection between items
    Local override; error
    @(218.7500 mm, 78.8000 mm): Pad 184 [NET_CTL0_EVEN] of J11 on F.Cu
    @(165.5000 mm, 93.4000 mm): Track [NET_CTL0_EVEN] on F.Cu, length 1.9000 mm
[unconnected_items]: Missing connection between items
    Local override; error
    @(227.0000 mm, 85.7250 mm): Track [DBG_VREF] on F.Cu, length 1.2750 mm
    @(239.7600 mm, 200.0000 mm): PTH pad 40 [DBG_VREF] of J10
[unconnected_items]: Missing connection between items
    Local override; error
    @(149.0000 mm, 161.0000 mm): Track [GPIO1] on F.Cu, length 2.0000 mm
    @(179.3010 mm, 80.9655 mm): Track [GPIO1] on F.Cu, length 1.1345 mm
[unconnected_items]: Missing connection between items
    Local override; error
    @(173.3500 mm, 82.3000 mm): Track [VREF_IO] on F.Cu, length 0.2000 mm
    @(205.0000 mm, 88.1644 mm): Track [VREF_IO] on F.Cu, length 1.1644 mm
[unconnected_items]: Missing connection between items
    Local override; error
    @(214.3600 mm, 200.0000 mm): Track [VREF_IO] on F.Cu, length 12.5000 mm
    @(267.6200 mm, 195.0000 mm): Track [VREF_IO] on In2.Cu, length 7.0711 mm
[unconnected_items]: Missing connection between items
    Local override; error
    @(88.3800 mm, 202.5400 mm): Track [VREF_IO] on B.Cu, length 2.5400 mm
    @(214.3600 mm, 200.0000 mm): Track [VREF_IO] on F.Cu, length 12.5000 mm
[unconnected_items]: Missing connection between items
    Local override; error
    @(158.0000 mm, 131.0000 mm): Track [AIN1] on F.Cu, length 0.5000 mm
    @(153.2690 mm, 188.7690 mm): Track [AIN1] on F.Cu, length 0.3804 mm
[unconnected_items]: Missing connection between items
    Local override; error
    @(181.7500 mm, 78.8000 mm): Pad 44 [AIN0] of J11 on F.Cu
    @(150.4910 mm, 201.3890 mm): Track [AIN0] on F.Cu, length 15.3800 mm
[unconnected_items]: Missing connection between items
    Local override; error
    @(191.7500 mm, 77.0750 mm): Track [DBG_TCK] on F.Cu, length 1.7250 mm
    @(234.6800 mm, 202.5400 mm): PTH pad 35 [DBG_TCK] of J10
[unconnected_items]: Missing connection between items
    Local override; error
    @(237.2200 mm, 202.5400 mm): PTH pad 37 [DBG_TDI] of J10
    @(226.9470 mm, 89.3760 mm): Track [DBG_TDI] on F.Cu, length 33.5710 mm
[unconnected_items]: Missing connection between items
    Local override; error
    @(181.2500 mm, 78.8000 mm): Pad 42 [PWM3] of J11 on F.Cu
    @(254.5000 mm, 181.5000 mm): PTH pad 4 [PWM3] of J8
[unconnected_items]: Missing connection between items
    Local override; error
    @(214.5000 mm, 87.0000 mm): Pad 167 [GPIO13] of J11 on F.Cu
    @(151.5000 mm, 167.2684 mm): Track [GPIO13] on F.Cu, length 0.2684 mm
[unconnected_items]: Missing connection between items
    Local override; error
    @(214.2500 mm, 78.8000 mm): Pad 166 [GPIO12] of J11 on F.Cu
    @(126.4800 mm, 191.1542 mm): Track [GPIO12] on F.Cu, length 32.2965 mm
[unconnected_items]: Missing connection between items
    Local override; error
    @(192.5000 mm, 85.5671 mm): Track [DBG_UART_TX] on F.Cu, length 1.4329 mm
    @(242.3000 mm, 202.5400 mm): PTH pad 41 [DBG_UART_TX] of J10
[unconnected_items]: Missing connection between items
    Local override; error
    @(235.5000 mm, 92.0000 mm): Track [SDIO_CMD] on B.Cu, length 48.6334 mm
    @(191.5000 mm, 200.0000 mm): PTH pad 2 [SDIO_CMD] of J10
[unconnected_items]: Missing connection between items
    Local override; error
    @(115.5000 mm, 190.0000 mm): Track [SPI1_CS1] on F.Cu, length 76.3675 mm
    @(167.0000 mm, 101.0000 mm): Track [SPI1_CS1] on In1.Cu, length 2.8284 mm
[unconnected_items]: Missing connection between items
    Local override; error
    @(170.5000 mm, 134.0000 mm): Track [SPI1_CS2] on F.Cu, length 1.5000 mm
    @(213.0000 mm, 87.0000 mm): Pad 161 [SPI1_CS2] of J11 on F.Cu
[unconnected_items]: Missing connection between items
    Local override; error
    @(215.5000 mm, 87.0000 mm): Pad 171 [PWM5] of J11 on F.Cu
    @(258.5000 mm, 181.5000 mm): PTH pad 6 [PWM5] of J8
[unconnected_items]: Missing connection between items
    Local override; error
    @(218.0000 mm, 87.0000 mm): Pad 181 [I2S_DIN] of J11 on F.Cu
    @(174.0000 mm, 180.0000 mm): Track [I2S_DIN] on B.Cu, length 4.2426 mm
[unconnected_items]: Missing connection between items
    Local override; error
    @(157.0000 mm, 193.5000 mm): Track [AIN7] on F.Cu, length 0.0566 mm
    @(217.2500 mm, 78.8000 mm): Pad 178 [AIN7] of J11 on F.Cu
[unconnected_items]: Missing connection between items
    Local override; error
    @(215.2500 mm, 78.8000 mm): Pad 170 [PWM4] of J11 on F.Cu
    @(256.5000 mm, 181.5000 mm): PTH pad 5 [PWM4] of J8
[unconnected_items]: Missing connection between items
    Local override; error
    @(135.2510 mm, 186.8161 mm): Track [GPIO7] on F.Cu, length 17.3701 mm
    @(181.1257 mm, 82.6010 mm): Track [GPIO7] on F.Cu, length 1.6095 mm
[unconnected_items]: Missing connection between items
    Local override; error
    @(214.0000 mm, 87.0000 mm): Pad 165 [GPIO11] of J11 on F.Cu
    @(123.9400 mm, 192.5600 mm): Track [GPIO11] on F.Cu, length 34.7331 mm
[unconnected_items]: Missing connection between items
    Local override; error
    @(213.2500 mm, 78.8000 mm): Pad 162 [GPIO8] of J11 on F.Cu
    @(172.0000 mm, 135.0000 mm): Track [GPIO8] on F.Cu, length 0.5990 mm
[unconnected_items]: Missing connection between items
    Local override; error
    @(148.7500 mm, 125.2500 mm): Track [GPIO4] on F.Cu, length 0.3536 mm
    @(150.0000 mm, 168.2013 mm): Track [GPIO4] on F.Cu, length 0.2013 mm
[unconnected_items]: Missing connection between items
    Local override; error
    @(237.2200 mm, 200.0000 mm): PTH pad 38 [DBG_TDO] of J10
    @(226.5111 mm, 81.8758 mm): Via [DBG_TDO] on F.Cu - B.Cu
[unconnected_items]: Missing connection between items
    Local override; error
    @(213.5000 mm, 87.0000 mm): Pad 163 [GPIO9] of J11 on F.Cu
    @(119.0000 mm, 189.5000 mm): Track [GPIO9] on F.Cu, length 9.1924 mm
[unconnected_items]: Missing connection between items
    Local override; error
    @(192.2500 mm, 78.8000 mm): Track [DBG_RESET_N] on F.Cu, length 1.6579 mm
    @(239.7600 mm, 202.5400 mm): PTH pad 39 [DBG_RESET_N] of J10
[unconnected_items]: Missing connection between items
    Local override; error
    @(167.0000 mm, 102.0000 mm): Track [GPIO3] on In1.Cu, length 2.1213 mm
    @(149.0000 mm, 168.0671 mm): Track [GPIO3] on F.Cu, length 0.5671 mm
[unconnected_items]: Missing connection between items
    Local override; error
    @(216.0000 mm, 87.0000 mm): Pad 173 [PWM7] of J11 on F.Cu
    @(262.5000 mm, 181.5000 mm): PTH pad 8 [PWM7] of J8
[unconnected_items]: Missing connection between items
    Local override; error
    @(173.0000 mm, 131.0000 mm): Track [SPI1_CS0] on F.Cu, length 1.4142 mm
    @(212.7500 mm, 78.8000 mm): Pad 160 [SPI1_CS0] of J11 on F.Cu
[unconnected_items]: Missing connection between items
    Local override; error
    @(212.5000 mm, 87.0000 mm): Pad 159 [SPI1_MOSI] of J11 on F.Cu
    @(171.0000 mm, 129.0000 mm): Track [SPI1_MOSI] on F.Cu, length 1.5000 mm
[unconnected_items]: Missing connection between items
    Local override; error
    @(146.8000 mm, 189.2000 mm): Track [IR_TX_OUT] on F.Cu, length 0.9899 mm
    @(216.2500 mm, 78.8000 mm): Pad 174 [IR_TX_OUT] of J11 on F.Cu
[unconnected_items]: Missing connection between items
    Local override; error
    @(158.5000 mm, 131.5000 mm): Track [AIN3] on F.Cu, length 1.0000 mm
    @(158.3490 mm, 193.6510 mm): Track [AIN3] on F.Cu, length 0.2135 mm
[unconnected_items]: Missing connection between items
    Local override; error
    @(215.0000 mm, 87.0000 mm): Pad 169 [GPIO15] of J11 on F.Cu
    @(148.9390 mm, 172.5610 mm): Track [GPIO15] on F.Cu, length 0.1786 mm
[unconnected_items]: Missing connection between items
    Local override; error
    @(217.5000 mm, 87.0000 mm): Pad 179 [AOUT1] of J11 on F.Cu
    @(160.5000 mm, 199.0000 mm): Track [AOUT1] on F.Cu, length 10.5000 mm
[unconnected_items]: Missing connection between items
    Local override; error
    @(244.8400 mm, 202.5400 mm): PTH pad 43 [MOD_PRESENT_N] of J10
    @(277.2801 mm, 69.1040 mm): Track [MOD_PRESENT_N] on F.Cu, length 36.1761 mm
[unconnected_items]: Missing connection between items
    Local override; error
    @(216.7500 mm, 78.8000 mm): Pad 176 [AIN5] of J11 on F.Cu
    @(151.8778 mm, 186.3778 mm): Track [AIN5] on F.Cu, length 0.6496 mm
[unconnected_items]: Missing connection between items
    Local override; error
    @(193.0000 mm, 85.5000 mm): Track [MOD_TYPE1] on F.Cu, length 1.5000 mm
    @(247.3800 mm, 202.5400 mm): PTH pad 45 [MOD_TYPE1] of J10
[unconnected_items]: Missing connection between items
    Local override; error
    @(227.0600 mm, 202.5400 mm): PTH pad 29 [CLOCK_0] of J10
    @(227.0600 mm, 200.0000 mm): PTH pad 30 [CLOCK_0] of J10
[unconnected_items]: Missing connection between items
    Local override; error
    @(224.0000 mm, 87.0000 mm): Pad 205 [CLOCK_0] of J11 on F.Cu
    @(189.2500 mm, 78.8000 mm): Pad 74 [CLOCK_0] of J11 on F.Cu
[unconnected_items]: Missing connection between items
    Local override; error
    @(227.0600 mm, 200.0000 mm): PTH pad 30 [CLOCK_0] of J10
    @(224.0000 mm, 87.0000 mm): Pad 205 [CLOCK_0] of J11 on F.Cu
[unconnected_items]: Missing connection between items
    Local override; error
    @(157.0000 mm, 131.0000 mm): Track [IR_RX_IN] on F.Cu, length 0.5000 mm
    @(147.9510 mm, 201.3890 mm): Track [IR_RX_IN] on F.Cu, length 26.8400 mm
[unconnected_items]: Missing connection between items
    Local override; error
    @(214.7500 mm, 78.8000 mm): Pad 168 [GPIO14] of J11 on F.Cu
    @(131.5600 mm, 188.3426 mm): Track [GPIO14] on F.Cu, length 32.3043 mm
[unconnected_items]: Missing connection between items
    Local override; error
    @(151.9010 mm, 167.4345 mm): Track [GPIO5] on F.Cu, length 0.4345 mm
    @(167.0000 mm, 103.0000 mm): Track [GPIO5] on In1.Cu, length 1.4142 mm
[unconnected_items]: Missing connection between items
    Local override; error
    @(216.5000 mm, 87.0000 mm): Pad 175 [AIN4] of J11 on F.Cu
    @(149.3400 mm, 200.0000 mm): Track [AIN4] on F.Cu, length 28.0186 mm
[unconnected_items]: Missing connection between items
    Local override; error
    @(100.0207 mm, 74.5970 mm): Track [+24V] on In1.Cu, length 44.2263 mm
    @(144.2470 mm, 74.5970 mm): Track [+24V] on F.Cu, length 2.1963 mm
[unconnected_items]: Missing connection between items
    Local override; error
    @(77.0000 mm, 80.0000 mm): Track [+24V] on In1.Cu, length 18.0000 mm
    @(95.0000 mm, 80.0000 mm): Track [+24V] on F.Cu, length 0.3823 mm
[unconnected_items]: Missing connection between items
    Local override; error
    @(105.7500 mm, 95.1500 mm): Track [+24V] on In1.Cu, length 3.2500 mm
    @(105.7500 mm, 95.1500 mm): Track [+24V] on F.Cu, length 3.4000 mm
[unconnected_items]: Missing connection between items
    Local override; error
    @(109.0000 mm, 84.0000 mm): Track [+24V] on In1.Cu, length 0.5000 mm
    @(105.7500 mm, 84.0000 mm): Track [+24V] on F.Cu, length 3.2500 mm
[unconnected_items]: Missing connection between items
    Local override; error
    @(110.0000 mm, 105.6020 mm): Track [+24V] on In1.Cu, length 1.2700 mm
    @(109.1020 mm, 106.5000 mm): Track [+24V] on F.Cu, length 3.3520 mm
[unconnected_items]: Missing connection between items
    Local override; error
    @(110.0000 mm, 94.0000 mm): Track [+24V] on In1.Cu, length 2.0000 mm
    @(110.0000 mm, 94.3000 mm): Track [+24V] on F.Cu, length 0.3000 mm
[unconnected_items]: Missing connection between items
    Local override; error
    @(109.1500 mm, 95.1500 mm): Track [+24V] on In1.Cu, length 1.2021 mm
    @(110.0000 mm, 96.0000 mm): Track [+24V] on F.Cu, length 0.5000 mm
[unconnected_items]: Missing connection between items
    Local override; error
    @(115.2500 mm, 80.0000 mm): Track [+3v3 Shunt] on F.Cu, length 2.1520 mm
    @(115.2500 mm, 80.0000 mm): Track [+3v3 Shunt] on In1.Cu, length 15.7500 mm
[unconnected_items]: Missing connection between items
    Local override; error
    @(115.2500 mm, 80.0000 mm): Track [+3v3 Shunt] on In1.Cu, length 15.7500 mm
    @(131.0000 mm, 80.0000 mm): Pad 1 [+3v3 Shunt] of IC1 on F.Cu
[unconnected_items]: Missing connection between items
    Local override; error
    @(115.2500 mm, 91.1500 mm): Track [+5v Shunt] on In1.Cu, length 15.6924 mm
    @(115.2500 mm, 91.1500 mm): Pad 7 [+5v Shunt] of PS2 on F.Cu
[unconnected_items]: Missing connection between items
    Local override; error
    @(131.0265 mm, 91.2341 mm): Track [+5v Shunt] on F.Cu, length 0.1189 mm
    @(115.2500 mm, 91.1500 mm): Track [+5v Shunt] on In1.Cu, length 15.6924 mm
[unconnected_items]: Missing connection between items
    Local override; error
    @(120.0000 mm, 102.5000 mm): Track [+12v Shunt] on In1.Cu, length 4.7500 mm
    @(115.2500 mm, 102.5000 mm): Pad 7 [+12v Shunt] of PS3 on F.Cu
[unconnected_items]: Missing connection between items
    Local override; error
    @(119.5000 mm, 103.0000 mm): Track [+12v Shunt] on F.Cu, length 0.7071 mm
    @(120.0000 mm, 102.5000 mm): Track [+12v Shunt] on In1.Cu, length 4.7500 mm
[unconnected_items]: Missing connection between items
    Local override; error
    @(131.0265 mm, 102.5000 mm): Pad 1 [+12v Shunt] of IC3 on F.Cu
    @(131.0265 mm, 102.5000 mm): Track [+12v Shunt] on In1.Cu, length 11.0265 mm
[unconnected_items]: Missing connection between items
    Local override; error
    @(150.6500 mm, 78.0000 mm): Track [+1v8] on In1.Cu, length 10.1116 mm
    @(143.5000 mm, 70.8500 mm): Pad 2 [+1v8] of U4 on F.Cu
[unconnected_items]: Missing connection between items
    Local override; error
    @(194.2500 mm, 78.8000 mm): Pad 94 [+1v8] of J11 on F.Cu
    @(187.9480 mm, 77.3500 mm): Track [+1v8] on In2.Cu, length 4.7020 mm
[unconnected_items]: Missing connection between items
    Local override; error
    @(143.5000 mm, 70.8500 mm): Pad 2 [+1v8] of U4 on F.Cu
    @(143.5000 mm, 77.1500 mm): Pad 2 [+1v8] of U4 on F.Cu
[unconnected_items]: Missing connection between items
    Local override; error
    @(228.7500 mm, 78.8000 mm): Pad 224 [+1v8] of J11 on F.Cu
    @(222.5000 mm, 87.0000 mm): Pad 199 [+1v8] of J11 on F.Cu
[unconnected_items]: Missing connection between items
    Local override; error
    @(222.5000 mm, 87.0000 mm): Pad 199 [+1v8] of J11 on F.Cu
    @(195.8077 mm, 75.0000 mm): Track [+1v8] on In2.Cu, length 18.6923 mm
[unconnected_items]: Missing connection between items
    Local override; error
    @(211.8200 mm, 202.5400 mm): Track [+1v8] on In2.Cu, length 2.5400 mm
    @(260.0800 mm, 202.5400 mm): Track [+1v8] on B.Cu, length 0.3800 mm
[unconnected_items]: Missing connection between items
    Local override; error
    @(208.8200 mm, 197.0000 mm): Track [+1v8] on In2.Cu, length 0.8200 mm
    @(204.5000 mm, 84.0000 mm): Track [+1v8] on F.Cu, length 3.0000 mm
[unconnected_items]: Missing connection between items
    Local override; error
    @(85.8400 mm, 202.5400 mm): Track [+1v8] on B.Cu, length 2.5400 mm
    @(208.8200 mm, 197.0000 mm): Track [+1v8] on In2.Cu, length 0.8200 mm
[unconnected_items]: Missing connection between items
    Local override; error
    @(170.5000 mm, 76.0000 mm): Track [+5V] on In1.Cu, length 13.4350 mm
    @(172.1490 mm, 76.0310 mm): Track [+5V] on B.Cu, length 0.0310 mm
[unconnected_items]: Missing connection between items
    Local override; error
    @(193.7500 mm, 78.8000 mm): Pad 92 [+5V] of J11 on F.Cu
    @(187.2500 mm, 76.7500 mm): Track [+5V] on F.Cu, length 2.0500 mm
[unconnected_items]: Missing connection between items
    Local override; error
    @(132.9265 mm, 102.5000 mm): Track [+12V] on F.Cu, length 1.0735 mm
    @(109.9050 mm, 121.2490 mm): Track [+12V] on F.Cu, length 0.7288 mm
[unconnected_items]: Missing connection between items
    Local override; error
    @(194.0000 mm, 87.0000 mm): Pad 93 [+3.3V] of J11 on F.Cu
    @(187.5000 mm, 82.0000 mm): Track [+3.3V] on F.Cu, length 5.0000 mm
[unconnected_items]: Missing connection between items
    Local override; error
    @(171.9411 mm, 76.6010 mm): Track [+3.3V] on In1.Cu, length 0.0278 mm
    @(171.9990 mm, 65.5010 mm): Track [+3.3V] on B.Cu, length 20.5047 mm
[unconnected_items]: Missing connection between items
    Local override; error
    @(257.5400 mm, 202.5400 mm): PTH pad 53 [+3.3V] of J10
    @(218.5918 mm, 208.0000 mm): Track [+3.3V] on In1.Cu, length 3.0918 mm
[unconnected_items]: Missing connection between items
    Local override; error
    @(107.8501 mm, 121.8000 mm): Track [VDD_MCU_CTL_3v3] on F.Cu, length 1.1499 mm
    @(115.0000 mm, 122.0000 mm): Rectangle [VDD_MCU_CTL_3v3] on F.Cu

** Found 5 Footprint errors **
[footprint_symbol_mismatch]: ACS37041:APS12628LLHALTBAP doesn't match footprint given by symbol (APS12628LLHALTBAP).
    Local override; warning
    @(131.9500 mm, 78.8000 mm): Footprint IC1
[footprint_symbol_mismatch]: ACS37041:APS12628LLHALTBAP doesn't match footprint given by symbol (APS12628LLHALTBAP).
    Local override; warning
    @(131.9118 mm, 89.9693 mm): Footprint IC2
[footprint_symbol_mismatch]: ACS37041:APS12628LLHALTBAP doesn't match footprint given by symbol (APS12628LLHALTBAP).
    Local override; warning
    @(131.9765 mm, 101.3000 mm): Footprint IC3
[net_conflict]: No pad found for pin MP1 in schematic.
    Local override; warning
    @(204.3750 mm, 74.9750 mm): Footprint J11
[net_conflict]: No pad found for pin MP2 in schematic.
    Local override; warning
    @(204.3750 mm, 74.9750 mm): Footprint J11

** End of Report **
