** Drc report for KEPR.kicad_pcb **
** Created on 2026-01-11T23:07:52+0000 **

** Found 170 DRC violations **
[track_dangling]: Track has unconnected end
    Local override; warning
    @(117.0510 mm, 84.0801 mm): Track [GND] on F.Cu, length 0.0068 mm
[track_dangling]: Track has unconnected end
    Local override; warning
    @(226.3194 mm, 218.9197 mm): Track [GND] on F.Cu, length 1.5000 mm
[via_dangling]: Via is not connected or connected on only one layer
    Local override; warning
    @(165.0000 mm, 126.5000 mm): Via [GND] on F.Cu - B.Cu
[via_dangling]: Via is not connected or connected on only one layer
    Local override; warning
    @(285.5000 mm, 127.0000 mm): Via [GND] on F.Cu - B.Cu
[via_dangling]: Via is not connected or connected on only one layer
    Local override; warning
    @(39.5000 mm, 29.5000 mm): Via [GND] on F.Cu - B.Cu
[track_dangling]: Track has unconnected end
    Local override; warning
    @(41.5000 mm, 50.5000 mm): Track [GND] on B.Cu, length 2.0000 mm
[track_dangling]: Track has unconnected end
    Local override; warning
    @(275.5000 mm, 219.0000 mm): Track [GND] on B.Cu, length 2.5000 mm
[track_dangling]: Track has unconnected end
    Local override; warning
    @(168.5500 mm, 80.8829 mm): Track [I2S_BCLK] on F.Cu, length 5.7750 mm
[track_dangling]: Track has unconnected end
    Local override; warning
    @(282.0290 mm, 51.9710 mm): Track [DBG_SWCLK] on F.Cu, length 0.7481 mm
[track_dangling]: Track has unconnected end
    Local override; warning
    @(159.8750 mm, 81.0000 mm): Track [GPIO0] on F.Cu, length 4.3031 mm
[track_dangling]: Track has unconnected end
    Local override; warning
    @(162.9178 mm, 77.9177 mm): Track [GPIO0] on F.Cu, length 0.1163 mm
[track_dangling]: Track has unconnected end
    Local override; warning
    @(290.8000 mm, 53.7000 mm): Track [MOD_TYPE0] on F.Cu, length 0.4243 mm
[track_dangling]: Track has unconnected end
    Local override; warning
    @(165.5500 mm, 79.7487 mm): Track [GPIO6] on F.Cu, length 3.7486 mm
[track_dangling]: Track has unconnected end
    Local override; warning
    @(284.5690 mm, 53.0690 mm): Track [DBG_UART_RX] on F.Cu, length 0.6095 mm
[via_dangling]: Via is not connected or connected on only one layer
    Local override; warning
    @(159.1500 mm, 72.4000 mm): Via [PWR_GOOD] on F.Cu - B.Cu
[track_dangling]: Track has unconnected end
    Local override; warning
    @(321.0400 mm, 194.5000 mm): Track [PWR_GOOD] on B.Cu, length 6.5400 mm
[track_dangling]: Track has unconnected end
    Local override; warning
    @(162.5000 mm, 83.9329 mm): Track [PWM2] on F.Cu, length 0.0671 mm
[track_dangling]: Track has unconnected end
    Local override; warning
    @(166.0500 mm, 79.8158 mm): Track [PWM0] on F.Cu, length 4.4082 mm
[track_dangling]: Track has unconnected end
    Local override; warning
    @(266.5000 mm, 53.0000 mm): Track [DBG_VREF] on F.Cu, length 1.4142 mm
[track_dangling]: Track has unconnected end
    Local override; warning
    @(156.5474 mm, 64.9526 mm): Track [VREF_IO] on F.Cu, length 0.2170 mm
[via_dangling]: Via is not connected or connected on only one layer
    Local override; warning
    @(157.3713 mm, 59.9066 mm): Via [VREF_IO] on F.Cu - B.Cu
[track_dangling]: Track has unconnected end
    Local override; warning
    @(325.1600 mm, 191.0000 mm): Track [VREF_IO] on B.Cu, length 8.6600 mm
[track_dangling]: Track has unconnected end
    Local override; warning
    @(167.5500 mm, 80.3829 mm): Track [AIN1] on F.Cu, length 6.4347 mm
[track_dangling]: Track has unconnected end
    Local override; warning
    @(161.6010 mm, 76.3990 mm): Track [UART3_TX] on F.Cu, length 1.5570 mm
[track_dangling]: Track has unconnected end
    Local override; warning
    @(163.5500 mm, 76.7184 mm): Track [SPI1_MISO] on F.Cu, length 0.9416 mm
[track_dangling]: Track has unconnected end
    Local override; warning
    @(156.6342 mm, 73.0000 mm): Track [VIO_BANK0] on F.Cu, length 0.1342 mm
[via_dangling]: Via is not connected or connected on only one layer
    Local override; warning
    @(158.3500 mm, 72.4000 mm): Via [VIO_BANK0] on F.Cu - B.Cu
[track_dangling]: Track has unconnected end
    Local override; warning
    @(323.1200 mm, 191.5000 mm): Track [VIO_BANK0] on B.Cu, length 6.6200 mm
[track_dangling]: Track has unconnected end
    Local override; warning
    @(278.1000 mm, 52.4000 mm): Track [DBG_TDI] on F.Cu, length 0.8485 mm
[track_dangling]: Track has unconnected end
    Local override; warning
    @(285.7200 mm, 53.7800 mm): Track [DBG_UART_TX] on F.Cu, length 0.3111 mm
[track_dangling]: Track has unconnected end
    Local override; warning
    @(283.1800 mm, 48.5400 mm): Track [DBG_SWDIO] on F.Cu, length 4.7800 mm
[track_dangling]: Track has unconnected end
    Local override; warning
    @(162.0335 mm, 77.6677 mm): Track [SPI0_CS1] on F.Cu, length 0.3658 mm
[track_dangling]: Track has unconnected end
    Local override; warning
    @(163.0500 mm, 75.8829 mm): Track [SPI0_CS1] on F.Cu, length 0.0218 mm
[track_dangling]: Track has unconnected end
    Local override; warning
    @(160.5671 mm, 78.0000 mm): Track [UART0_DSR] on F.Cu, length 0.0671 mm
[track_dangling]: Track has unconnected end
    Local override; warning
    @(165.0500 mm, 77.3151 mm): Track [GPIO4] on F.Cu, length 6.4347 mm
[track_dangling]: Track has unconnected end
    Local override; warning
    @(280.6400 mm, 51.8600 mm): Track [DBG_RESET_N] on F.Cu, length 0.1980 mm
[track_dangling]: Track has unconnected end
    Local override; warning
    @(289.6490 mm, 53.8510 mm): Track [MOD_TYPE2] on F.Cu, length 0.9178 mm
[track_dangling]: Track has unconnected end
    Local override; warning
    @(158.2030 mm, 65.7970 mm): Track [VIO_BANK2] on F.Cu, length 2.4084 mm
[via_dangling]: Via is not connected or connected on only one layer
    Local override; warning
    @(158.0000 mm, 59.5000 mm): Via [VIO_BANK2] on F.Cu - B.Cu
[track_dangling]: Track has unconnected end
    Local override; warning
    @(322.0800 mm, 193.0000 mm): Track [VIO_BANK2] on B.Cu, length 6.5800 mm
[track_dangling]: Track has unconnected end
    Local override; warning
    @(161.0000 mm, 78.1342 mm): Track [SPI0_SCK] on F.Cu, length 0.3658 mm
[track_dangling]: Track has unconnected end
    Local override; warning
    @(168.0500 mm, 80.4500 mm): Track [AIN3] on F.Cu, length 6.4347 mm
[track_dangling]: Track has unconnected end
    Local override; warning
    @(288.2600 mm, 53.7600 mm): Track [MOD_PRESENT_N] on F.Cu, length 0.3394 mm
[track_dangling]: Track has unconnected end
    Local override; warning
    @(287.0000 mm, 47.2600 mm): Track [MOD_TYPE1] on F.Cu, length 5.7400 mm
[track_dangling]: Track has unconnected end
    Local override; warning
    @(167.0500 mm, 79.9500 mm): Track [IR_RX_IN] on F.Cu, length 5.7276 mm
[track_dangling]: Track has unconnected end
    Local override; warning
    @(169.0500 mm, 80.9500 mm): Track [I2S_MCLK] on F.Cu, length 7.8489 mm
[track_dangling]: Track has unconnected end
    Local override; warning
    @(164.5500 mm, 76.9500 mm): Track [GPIO2] on F.Cu, length 6.4347 mm
[track_dangling]: Track has unconnected end
    Local override; warning
    @(277.5671 mm, 171.5000 mm): Track [UART0_RX] on F.Cu, length 1.0671 mm
[track_dangling]: Track has unconnected end
    Local override; warning
    @(278.0000 mm, 174.3200 mm): Track [UART0_TX] on F.Cu, length 1.8200 mm
[track_dangling]: Track has unconnected end
    Local override; warning
    @(298.2910 mm, 195.1781 mm): Track [UART1_RX] on F.Cu, length 32.9384 mm
[track_dangling]: Track has unconnected end
    Local override; warning
    @(287.5078 mm, 169.5000 mm): Track [MCU_EN] on F.Cu, length 0.5078 mm
[track_dangling]: Track has unconnected end
    Local override; warning
    @(272.6000 mm, 174.0000 mm): Track [UART2_TX] on F.Cu, length 2.6000 mm
[track_dangling]: Track has unconnected end
    Local override; warning
    @(280.3878 mm, 170.0000 mm): Track [I2C1_SDA] on F.Cu, length 0.3878 mm
[track_dangling]: Track has unconnected end
    Local override; warning
    @(274.6400 mm, 173.5000 mm): Track [UART1_TX] on F.Cu, length 1.6400 mm
[track_dangling]: Track has unconnected end
    Local override; warning
    @(161.0000 mm, 74.5000 mm): Track [UART1_TX] on B.Cu, length 4.2426 mm
[track_dangling]: Track has unconnected end
    Local override; warning
    @(310.9910 mm, 195.4910 mm): Track [MCU_BOOT1] on F.Cu, length 38.1710 mm
[track_dangling]: Track has unconnected end
    Local override; warning
    @(279.0000 mm, 169.5000 mm): Track [I2C0_SDA] on F.Cu, length 3.4278 mm
[via_dangling]: Via is not connected or connected on only one layer
    Local override; warning
    @(160.0335 mm, 75.9664 mm): Via [I2C0_SCL] on F.Cu - B.Cu
[track_dangling]: Track has unconnected end
    Local override; warning
    @(167.9010 mm, 83.8339 mm): Track [I2C0_SCL] on B.Cu, length 0.0671 mm
[track_dangling]: Track has unconnected end
    Local override; warning
    @(293.9729 mm, 198.5400 mm): Track [UART2_RX] on F.Cu, length 34.6099 mm
[track_dangling]: Track has unconnected end
    Local override; warning
    @(287.2600 mm, 178.5000 mm): Track [I2C1_SCL] on B.Cu, length 25.7436 mm
[via_dangling]: Via is not connected or connected on only one layer
    Local override; warning
    @(160.0577 mm, 76.9423 mm): Via [MCU_RST_N] on F.Cu - B.Cu
[via_dangling]: Via is not connected or connected on only one layer
    Local override; warning
    @(159.5000 mm, 71.5000 mm): Via [MCU_RST_N] on F.Cu - B.Cu
[track_dangling]: Track has unconnected end
    Local override; warning
    @(261.1154 mm, 178.0000 mm): Track [MCU_RST_N] on B.Cu, length 33.5746 mm
[track_dangling]: Track has unconnected end
    Local override; warning
    @(276.9101 mm, 169.0000 mm): Track [I2C2_SDA] on F.Cu, length 0.4101 mm
[track_dangling]: Track has unconnected end
    Local override; warning
    @(192.0000 mm, 90.5000 mm): Track [MCU_BOOT0] on F.Cu, length 26.8701 mm
[track_dangling]: Track has unconnected end
    Local override; warning
    @(301.0000 mm, 194.0000 mm): Track [I2C2_SCL] on F.Cu, length 25.4558 mm
[via_dangling]: Via is not connected or connected on only one layer
    Local override; warning
    @(312.5000 mm, 192.5000 mm): Via [I2C2_SCL] on F.Cu - B.Cu
[track_dangling]: Track has unconnected end
    Local override; warning
    @(156.5000 mm, 68.0000 mm): Track [VCC_IN] on F.Cu, length 0.0671 mm
[via_dangling]: Via is not connected or connected on only one layer
    Local override; warning
    @(312.9600 mm, 194.0400 mm): Via [VCC_IN] on F.Cu - B.Cu
[track_dangling]: Track has unconnected end
    Local override; warning
    @(261.2835 mm, 176.7165 mm): Track [VCC_IN] on B.Cu, length 0.6810 mm
[via_dangling]: Via is not connected or connected on only one layer
    Local override; warning
    @(118.1010 mm, 73.0000 mm): Via [/UCE board/+3.3v Shunt Out] on F.Cu - B.Cu
[track_dangling]: Track has unconnected end
    Local override; warning
    @(114.5000 mm, 76.0000 mm): Track [+3v3 Shunt] on F.Cu, length 5.5000 mm
[track_dangling]: Track has unconnected end
    Local override; warning
    @(110.6000 mm, 86.9000 mm): Track [+5v Shunt] on F.Cu, length 0.1414 mm
[track_dangling]: Track has unconnected end
    Local override; warning
    @(103.0000 mm, 99.0000 mm): Track [+12v Shunt] on F.Cu, length 0.7071 mm
[track_dangling]: Track has unconnected end
    Local override; warning
    @(91.6000 mm, 130.0000 mm): Track [Net-(BT1-+)] on B.Cu, length 0.6010 mm
[track_dangling]: Track has unconnected end
    Local override; warning
    @(100.0875 mm, 138.5875 mm): Track [/UCE board/VDD_MCU_CTL_3v3] on F.Cu, length 0.0875 mm
[track_dangling]: Track has unconnected end
    Local override; warning
    @(96.3547 mm, 137.9510 mm): Track [/UCE board/VDDA_MCU_CTL_3] on F.Cu, length 0.1453 mm
[track_dangling]: Track has unconnected end
    Local override; warning
    @(306.0000 mm, 205.5000 mm): Track [+5V] on F.Cu, length 0.2135 mm
[via_dangling]: Via is not connected or connected on only one layer
    Local override; warning
    @(120.8307 mm, 87.1693 mm): Via [+5V] on F.Cu - B.Cu
[track_dangling]: Track has unconnected end
    Local override; warning
    @(90.7001 mm, 131.9500 mm): Track [+12V] on F.Cu, length 0.1768 mm
[via_dangling]: Via is not connected or connected on only one layer
    Local override; warning
    @(122.0000 mm, 98.5000 mm): Via [+12V] on F.Cu - B.Cu
[track_dangling]: Track has unconnected end
    Local override; warning
    @(306.0000 mm, 204.5000 mm): Track [+3.3V] on F.Cu, length 0.5000 mm
[via_dangling]: Via is not connected or connected on only one layer
    Local override; warning
    @(155.4990 mm, 60.5000 mm): Via [+3.3V] on F.Cu - B.Cu
[track_dangling]: Track has unconnected end
    Local override; warning
    @(327.2671 mm, 190.0000 mm): Track [VCC_3V3] on B.Cu, length 10.7671 mm
[track_dangling]: Track has unconnected end
    Local override; warning
    @(81.0000 mm, 205.3490 mm): Track [VCC_3V3] on B.Cu, length 1.3490 mm
[track_dangling]: Track has unconnected end
    Local override; warning
    @(192.3200 mm, 193.0000 mm): Track [VCC_1V8] on F.Cu, length 0.8200 mm
[via_dangling]: Via is not connected or connected on only one layer
    Local override; warning
    @(157.5500 mm, 72.4000 mm): Via [VCC_1V8] on F.Cu - B.Cu
[track_dangling]: Track has unconnected end
    Local override; warning
    @(327.2000 mm, 190.5000 mm): Track [VCC_1V8] on B.Cu, length 10.7000 mm
[clearance]: Clearance violation (netclass 'Default' clearance 0.2000 mm; actual 0.1900 mm)
    Rule: netclass 'Default'; error
    @(116.4000 mm, 76.0000 mm): Track [+3.3V] on F.Cu, length 2.1000 mm
    @(114.5000 mm, 74.5844 mm): Track [+5v Shunt] on F.Cu, length 1.4156 mm
[clearance]: Clearance violation (netclass 'Default' clearance 0.2000 mm; actual 0.0990 mm)
    Rule: netclass 'Default'; error
    @(116.4000 mm, 76.0000 mm): Track [+3.3V] on F.Cu, length 2.1000 mm
    @(115.5010 mm, 75.5854 mm): Track [+5v Shunt] on F.Cu, length 6.8712 mm
[shorting_items]: Items shorting two nets (nets GND and unconnected-(J9-Pin_1-Pad1))
    Local override; error
    @(56.6400 mm, 198.5400 mm): Track [GND] on F.Cu, length 2.5400 mm
    @(56.6400 mm, 198.5400 mm): PTH pad 1 [unconnected-(J9-Pin_1-Pad1)] of J9
[shorting_items]: Items shorting two nets (nets GND and I2S_DIN)
    Local override; error
    @(148.0800 mm, 196.0000 mm): Track [GND] on B.Cu, length 1.6278 mm
    @(148.0800 mm, 196.0000 mm): PTH pad 74 [I2S_DIN] of J9
[shorting_items]: Items shorting two nets (nets GND and unconnected-(J9-Pin_1-Pad1))
    Local override; error
    @(59.1800 mm, 198.5400 mm): Track [GND] on F.Cu, length 2.5400 mm
    @(56.6400 mm, 198.5400 mm): PTH pad 1 [unconnected-(J9-Pin_1-Pad1)] of J9
[shorting_items]: Items shorting two nets (nets GND and unconnected-(J9-Pin_1-Pad1))
    Local override; error
    @(56.6400 mm, 198.5400 mm): Track [GND] on F.Cu, length 1.6000 mm
    @(56.6400 mm, 198.5400 mm): PTH pad 1 [unconnected-(J9-Pin_1-Pad1)] of J9
[shorting_items]: Items shorting two nets (nets unconnected-(J9-Pin_2-Pad2) and GND)
    Local override; error
    @(56.6400 mm, 196.0000 mm): PTH pad 2 [unconnected-(J9-Pin_2-Pad2)] of J9
    @(56.6400 mm, 196.0000 mm): Track [GND] on F.Cu, length 2.5400 mm
[shorting_items]: Items shorting two nets (nets GND and UART0_DCD)
    Local override; error
    @(79.5000 mm, 196.0000 mm): Track [GND] on F.Cu, length 1.9643 mm
    @(79.5000 mm, 196.0000 mm): PTH pad 20 [UART0_DCD] of J9
[clearance]: Clearance violation (netclass 'Default' clearance 0.2000 mm; actual 0.1691 mm)
    Rule: netclass 'Default'; error
    @(116.4000 mm, 76.0000 mm): Track [+3.3V] on F.Cu, length 2.1000 mm
    @(119.4691 mm, 74.3681 mm): Track [/UCE board/+3.3v Shunt Out] on F.Cu, length 42.9129 mm
[shorting_items]: Items shorting two nets (nets +3.3V and VCC_3V3)
    Local override; error
    @(157.3000 mm, 62.0250 mm): Track [+3.3V] on F.Cu, length 1.2250 mm
    @(157.3000 mm, 62.0250 mm): Pad 4 [VCC_3V3] of J11 on F.Cu
[shorting_items]: Items shorting two nets (nets +3.3V and VCC_3V3)
    Local override; error
    @(194.4728 mm, 200.4728 mm): Track [+3.3V] on F.Cu, length 1.4126 mm
    @(192.7800 mm, 198.5400 mm): PTH pad 15 [VCC_3V3] of J10
[courtyards_overlap]: Courtyards overlap
    Rule: board setup constraints courtyard; error
    @(90.5000 mm, 140.5000 mm): Footprint U1
    @(97.3375 mm, 132.7500 mm): Footprint U2
[silk_edge_clearance]: Silkscreen clipped by board edge
    Rule: board setup constraints silk; warning
    @(363.0000 mm, 28.0000 mm): Segment on Edge.Cuts
    @(272.1700 mm, 110.0300 mm): Dimension '90.83' on F.Silkscreen
[silk_edge_clearance]: Silkscreen clipped by board edge
    Rule: board setup constraints silk; warning
    @(381.0000 mm, 222.5000 mm): Segment on Edge.Cuts
    @(358.0000 mm, 23.0000 mm): Dimension '199.5' on F.Silkscreen
[silk_edge_clearance]: Silkscreen clipped by board edge
    Rule: board setup constraints silk; warning
    @(381.0000 mm, 222.5000 mm): Segment on Edge.Cuts
    @(357.0000 mm, 216.5000 mm): Dimension '6' on F.Silkscreen
[silk_edge_clearance]: Silkscreen clipped by board edge
    Rule: board setup constraints silk; warning
    @(381.0000 mm, 222.5000 mm): Segment on Edge.Cuts
    @(298.4400 mm, 199.9200 mm): Dimension '18.53' on F.Silkscreen
[silk_edge_clearance]: Silkscreen clipped by board edge
    Rule: board setup constraints silk; warning
    @(38.5000 mm, 23.0000 mm): Segment on Edge.Cuts
    @(314.5800 mm, 42.7600 mm): Dimension '19.76' on F.Silkscreen
[silk_edge_clearance]: Silkscreen clipped by board edge
    Rule: board setup constraints silk; warning
    @(33.5000 mm, 217.5000 mm): Segment on Edge.Cuts
    @(62.8700 mm, 180.9300 mm): Dimension '29.37' on F.Silkscreen
[silk_edge_clearance]: Silkscreen clipped by board edge
    Rule: board setup constraints silk; warning
    @(381.0000 mm, 222.5000 mm): Segment on Edge.Cuts
    @(157.0800 mm, 199.9200 mm): Dimension '16.54' on F.Silkscreen
[silk_edge_clearance]: Silkscreen clipped by board edge
    Rule: board setup constraints silk; warning
    @(381.0000 mm, 222.5000 mm): Segment on Edge.Cuts
    @(361.0000 mm, 216.5000 mm): Dimension '1.5' on F.Silkscreen
[silk_edge_clearance]: Silkscreen clipped by board edge
    Rule: board setup constraints silk; warning
    @(363.0000 mm, 28.0000 mm): Segment on Edge.Cuts
    @(314.5800 mm, 51.7800 mm): Dimension '48.42' on F.Silkscreen
[silk_edge_clearance]: Silkscreen clipped by board edge
    Rule: board setup constraints silk; warning
    @(381.0000 mm, 222.5000 mm): Segment on Edge.Cuts
    @(359.5000 mm, 216.5000 mm): Dimension '3.5' on F.Silkscreen
[silk_edge_clearance]: Silkscreen clipped by board edge
    Rule: board setup constraints silk; warning
    @(33.5000 mm, 217.5000 mm): Segment on Edge.Cuts
    @(38.5000 mm, 23.0000 mm): Dimension '74.92' on F.Silkscreen
[silk_edge_clearance]: Silkscreen clipped by board edge
    Rule: board setup constraints silk; warning
    @(363.0000 mm, 28.0000 mm): Segment on Edge.Cuts
    @(272.2800 mm, 109.9200 mm): Dimension '86.92' on F.Silkscreen
[silk_edge_clearance]: Silkscreen clipped by board edge
    Rule: board setup constraints silk; warning
    @(381.0000 mm, 222.5000 mm): Segment on Edge.Cuts
    @(345.1200 mm, 200.2700 mm): Dimension '17.88' on F.Silkscreen
[silk_edge_clearance]: Silkscreen clipped by board edge
    Rule: board setup constraints silk; warning
    @(358.0000 mm, 28.0000 mm): Arc on Edge.Cuts
    @(226.9250 mm, 71.6300 mm): Dimension '136.075' on F.Silkscreen
[silk_edge_clearance]: Silkscreen clipped by board edge
    Rule: board setup constraints silk; warning
    @(38.5000 mm, 23.0000 mm): Segment on Edge.Cuts
    @(226.4250 mm, 45.2750 mm): Dimension '22.275' on F.Silkscreen
[drill_out_of_range]: Hole size out of range (board setup constraints min hole 0.3000 mm; actual 0.2000 mm)
    Rule: netclass 'Default'; error
    @(157.3713 mm, 59.9066 mm): Via [VREF_IO] on F.Cu - B.Cu
[drill_out_of_range]: Hole size out of range (board setup constraints min hole 0.3000 mm; actual 0.2000 mm)
    Rule: netclass 'Default'; error
    @(158.0000 mm, 59.5000 mm): Via [VIO_BANK2] on F.Cu - B.Cu
[drill_out_of_range]: Hole size out of range (board setup constraints min hole 0.3000 mm; actual 0.2000 mm)
    Rule: netclass 'Default'; error
    @(157.0000 mm, 60.5000 mm): Via [+3.3V] on F.Cu - B.Cu
[lib_footprint_issues]: The current configuration does not include the footprint library 'TDN 5WISM Series, 5 Watt'.
    Local override; warning
    @(94.0000 mm, 77.0000 mm): Footprint PS1
[lib_footprint_issues]: The current configuration does not include the footprint library 'TDN 5WISM Series, 5 Watt'.
    Local override; warning
    @(94.0000 mm, 99.5000 mm): Footprint PS3
[lib_footprint_issues]: The current configuration does not include the footprint library 'ACS37041'.
    Local override; warning
    @(115.4765 mm, 97.3000 mm): Footprint IC3
[lib_footprint_mismatch]: Footprint 'IDC-Header_2x12_P2.54mm_Latch9.5mm_Vertical' does not match copy in library 'Connector_IDC'.
    Local override; warning
    @(66.0000 mm, 109.0000 mm): Footprint J3
[lib_footprint_issues]: The current configuration does not include the footprint library 'REF193'.
    Local override; warning
    @(90.5000 mm, 140.5000 mm): Footprint U1
[lib_footprint_mismatch]: Footprint 'IDC-Header_2x15-1MP_P2.54mm_Latch_Vertical' does not match copy in library 'Connector_IDC'.
    Local override; warning
    @(267.9400 mm, 48.5400 mm): Footprint J4
[lib_footprint_issues]: The current configuration does not include the footprint library 'Capacitor'.
    Local override; warning
    @(104.5500 mm, 130.0000 mm): Footprint C1
[lib_footprint_issues]: The current configuration does not include the footprint library 'Capacitor'.
    Local override; warning
    @(90.0000 mm, 134.0000 mm): Footprint C3
[lib_footprint_mismatch]: Footprint 'IDC-Header_2x08_P2.54mm_Latch12.0mm_Vertical' does not match copy in library 'Connector_IDC'.
    Local override; warning
    @(266.5000 mm, 121.0000 mm): Footprint J5
[lib_footprint_issues]: The current configuration does not include the footprint library 'TDN 5WISM Series, 5 Watt'.
    Local override; warning
    @(94.0000 mm, 88.1500 mm): Footprint PS2
[lib_footprint_issues]: The current configuration does not include the footprint library 'Barrel Jack'.
    Local override; warning
    @(47.5000 mm, 50.5000 mm): Footprint J22
[lib_footprint_mismatch]: Footprint 'LQFP-48_7x7mm_P0.5mm' does not match copy in library 'Package_QFP'.
    Local override; warning
    @(97.3375 mm, 132.7500 mm): Footprint U2
[lib_footprint_issues]: The current configuration does not include the footprint library 'Capacitor'.
    Local override; warning
    @(92.0500 mm, 127.5000 mm): Footprint C2
[lib_footprint_issues]: The current configuration does not include the footprint library 'Logo Rapport'.
    Local override; warning
    @(100.0000 mm, 41.5000 mm): Footprint G***
[lib_footprint_issues]: The current configuration does not include the footprint library 'Capacitor'.
    Local override; warning
    @(96.5000 mm, 140.5000 mm): Footprint C5
[lib_footprint_issues]: The current configuration does not include the footprint library 'ACS37041'.
    Local override; warning
    @(115.4118 mm, 85.9693 mm): Footprint IC2
[lib_footprint_issues]: The current configuration does not include the footprint library 'ACS37041'.
    Local override; warning
    @(115.4500 mm, 74.8000 mm): Footprint IC1
[lib_footprint_issues]: The current configuration does not include the footprint library 'Capacitor'.
    Local override; warning
    @(100.0000 mm, 140.5000 mm): Footprint C4
[invalid_outline]: Board has malformed outline (not a closed shape)
    Local override; error
    @(38.5000 mm, 217.5000 mm): Arc on Edge.Cuts
[invalid_outline]: Board has malformed outline (not a closed shape)
    Local override; error
    @(381.0000 mm, 222.5000 mm): Segment on Edge.Cuts
[invalid_outline]: Board has malformed outline (self-intersecting)
    Local override; error
    @(363.0000 mm, 28.0000 mm): Segment on Edge.Cuts
    @(358.0000 mm, 28.0000 mm): Arc on Edge.Cuts
[silk_over_copper]: Silkscreen clipped by solder mask
    Local override; warning
    @(115.4765 mm, 97.3000 mm): Reference field of IC3
[silk_over_copper]: Silkscreen clipped by solder mask
    Local override; warning
    @(115.4118 mm, 85.9693 mm): Reference field of IC2
[silk_over_copper]: Silkscreen clipped by solder mask
    Local override; warning
    @(115.4500 mm, 74.8000 mm): Reference field of IC1
[solder_mask_bridge]: Front solder mask aperture bridges items with different nets
    Rule: board setup solder mask min width; error
    @(56.6400 mm, 198.5400 mm): Track [GND] on F.Cu, length 2.5400 mm
    @(56.6400 mm, 198.5400 mm): PTH pad 1 [unconnected-(J9-Pin_1-Pad1)] of J9
[solder_mask_bridge]: Front solder mask aperture bridges items with different nets
    Rule: board setup solder mask min width; error
    @(56.6400 mm, 198.5400 mm): Track [GND] on F.Cu, length 2.5400 mm
    @(56.6400 mm, 196.0000 mm): PTH pad 2 [unconnected-(J9-Pin_2-Pad2)] of J9
[solder_mask_bridge]: Front solder mask aperture bridges items with different nets
    Rule: board setup solder mask min width; error
    @(59.1800 mm, 198.5400 mm): Track [GND] on F.Cu, length 2.5400 mm
    @(56.6400 mm, 198.5400 mm): PTH pad 1 [unconnected-(J9-Pin_1-Pad1)] of J9
[solder_mask_bridge]: Front solder mask aperture bridges items with different nets
    Rule: board setup solder mask min width; error
    @(56.6400 mm, 198.5400 mm): Track [GND] on F.Cu, length 1.6000 mm
    @(56.6400 mm, 198.5400 mm): PTH pad 1 [unconnected-(J9-Pin_1-Pad1)] of J9
[solder_mask_bridge]: Front solder mask aperture bridges items with different nets
    Rule: board setup solder mask min width; error
    @(56.6400 mm, 196.0000 mm): Track [GND] on F.Cu, length 2.5400 mm
    @(56.6400 mm, 196.0000 mm): PTH pad 2 [unconnected-(J9-Pin_2-Pad2)] of J9
[solder_mask_bridge]: Front solder mask aperture bridges items with different nets
    Rule: board setup solder mask min width; error
    @(79.5000 mm, 196.0000 mm): Track [GND] on F.Cu, length 1.9643 mm
    @(79.5000 mm, 196.0000 mm): PTH pad 20 [UART0_DCD] of J9
[solder_mask_bridge]: Rear solder mask aperture bridges items with different nets
    Rule: board setup solder mask min width; error
    @(148.0800 mm, 196.0000 mm): Track [GND] on B.Cu, length 1.6278 mm
    @(148.0800 mm, 196.0000 mm): PTH pad 74 [I2S_DIN] of J9
[solder_mask_bridge]: Front solder mask aperture bridges items with different nets
    Rule: board setup solder mask min width; error
    @(157.3000 mm, 62.0250 mm): Track [+3.3V] on F.Cu, length 1.2250 mm
    @(157.3000 mm, 62.0250 mm): Pad 4 [VCC_3V3] of J11 on F.Cu
[solder_mask_bridge]: Front solder mask aperture bridges items with different nets
    Rule: board setup solder mask min width; error
    @(194.4728 mm, 200.4728 mm): Track [+3.3V] on F.Cu, length 1.4126 mm
    @(192.7800 mm, 198.5400 mm): PTH pad 15 [VCC_3V3] of J10
[silk_overlap]: Silkscreen overlap
    Rule: board setup constraints silk; warning
    @(226.9250 mm, 71.6300 mm): Dimension '136.075' on F.Silkscreen
    @(226.4250 mm, 45.2750 mm): Dimension '22.275' on F.Silkscreen
[silk_overlap]: Silkscreen overlap
    Rule: board setup constraints silk; warning
    @(115.4765 mm, 97.3000 mm): Reference field of IC3
    @(116.9665 mm, 96.9000 mm): Segment of IC3 on F.Silkscreen
[silk_overlap]: Silkscreen overlap
    Rule: board setup constraints silk; warning
    @(116.9018 mm, 85.5693 mm): Segment of IC2 on F.Silkscreen
    @(115.4118 mm, 85.9693 mm): Reference field of IC2
[silk_overlap]: Silkscreen overlap
    Rule: board setup constraints silk; warning
    @(361.0000 mm, 216.5000 mm): Dimension '1.5' on F.Silkscreen
    @(359.5000 mm, 216.5000 mm): Dimension '3.5' on F.Silkscreen
[silk_overlap]: Silkscreen overlap
    Rule: board setup constraints silk; warning
    @(357.0000 mm, 216.5000 mm): Dimension '6' on F.Silkscreen
    @(361.0000 mm, 216.5000 mm): Dimension '1.5' on F.Silkscreen
[silk_overlap]: Silkscreen overlap
    Rule: board setup constraints silk; warning
    @(358.0000 mm, 23.0000 mm): Dimension '199.5' on F.Silkscreen
    @(357.0000 mm, 216.5000 mm): Dimension '6' on F.Silkscreen
[silk_overlap]: Silkscreen overlap
    Rule: board setup constraints silk; warning
    @(358.0000 mm, 23.0000 mm): Dimension '199.5' on F.Silkscreen
    @(361.0000 mm, 216.5000 mm): Dimension '1.5' on F.Silkscreen
[silk_overlap]: Silkscreen overlap
    Rule: board setup constraints silk; warning
    @(358.0000 mm, 23.0000 mm): Dimension '199.5' on F.Silkscreen
    @(359.5000 mm, 216.5000 mm): Dimension '3.5' on F.Silkscreen
[silk_overlap]: Silkscreen overlap
    Rule: board setup constraints silk; warning
    @(358.0000 mm, 23.0000 mm): Dimension '199.5' on F.Silkscreen
    @(345.1200 mm, 200.2700 mm): Dimension '17.88' on F.Silkscreen
[silk_overlap]: Silkscreen overlap
    Rule: board setup constraints silk; warning
    @(357.0000 mm, 216.5000 mm): Dimension '6' on F.Silkscreen
    @(359.5000 mm, 216.5000 mm): Dimension '3.5' on F.Silkscreen
[silk_overlap]: Silkscreen overlap
    Rule: board setup constraints silk; warning
    @(358.0000 mm, 23.0000 mm): Dimension '199.5' on F.Silkscreen
    @(272.2800 mm, 109.9200 mm): Dimension '86.92' on F.Silkscreen
[silk_overlap]: Silkscreen overlap
    Rule: board setup constraints silk; warning
    @(358.0000 mm, 23.0000 mm): Dimension '199.5' on F.Silkscreen
    @(226.9250 mm, 71.6300 mm): Dimension '136.075' on F.Silkscreen
[silk_overlap]: Silkscreen overlap
    Rule: board setup constraints silk; warning
    @(272.2800 mm, 109.9200 mm): Dimension '86.92' on F.Silkscreen
    @(226.9250 mm, 71.6300 mm): Dimension '136.075' on F.Silkscreen
[silk_overlap]: Silkscreen overlap
    Rule: board setup constraints silk; warning
    @(314.5800 mm, 51.7800 mm): Dimension '48.42' on F.Silkscreen
    @(226.9250 mm, 71.6300 mm): Dimension '136.075' on F.Silkscreen
[silk_overlap]: Silkscreen overlap
    Rule: board setup constraints silk; warning
    @(344.2400 mm, 199.9200 mm): Segment of J6 on F.Silkscreen
    @(298.4400 mm, 199.9200 mm): Dimension '18.53' on F.Silkscreen
[silk_overlap]: Silkscreen overlap
    Rule: board setup constraints silk; warning
    @(357.0000 mm, 216.5000 mm): Dimension '6' on F.Silkscreen
    @(345.1200 mm, 200.2700 mm): Dimension '17.88' on F.Silkscreen
[silk_overlap]: Silkscreen overlap
    Rule: board setup constraints silk; warning
    @(361.0000 mm, 216.5000 mm): Dimension '1.5' on F.Silkscreen
    @(345.1200 mm, 200.2700 mm): Dimension '17.88' on F.Silkscreen
[silk_overlap]: Silkscreen overlap
    Rule: board setup constraints silk; warning
    @(359.5000 mm, 216.5000 mm): Dimension '3.5' on F.Silkscreen
    @(345.1200 mm, 200.2700 mm): Dimension '17.88' on F.Silkscreen

** Found 250 unconnected pads **
[unconnected_items]: Missing connection between items
    Local override; error
    @(191.5500 mm, 70.2250 mm): Pad 141 [GND] of J11 on F.Cu
    @(192.0000 mm, 68.8670 mm): Track [GND] on F.Cu, length 1.3080 mm
[unconnected_items]: Missing connection between items
    Local override; error
    @(117.0462 mm, 85.4538 mm): Track [GND] on F.Cu, length 0.9680 mm
    @(117.0510 mm, 84.0801 mm): Track [GND] on F.Cu, length 0.0068 mm
[unconnected_items]: Missing connection between items
    Local override; error
    @(188.5500 mm, 70.2250 mm): Pad 129 [GND] of J11 on F.Cu
    @(189.5500 mm, 70.2250 mm): Pad 133 [GND] of J11 on F.Cu
[unconnected_items]: Missing connection between items
    Local override; error
    @(150.6200 mm, 196.0000 mm): PTH pad 76 [GND] of J9
    @(149.2310 mm, 194.8490 mm): Track [GND] on B.Cu, length 2.7780 mm
[unconnected_items]: Missing connection between items
    Local override; error
    @(189.5500 mm, 70.2250 mm): Pad 133 [GND] of J11 on F.Cu
    @(191.5500 mm, 70.2250 mm): Pad 141 [GND] of J11 on F.Cu
[unconnected_items]: Missing connection between items
    Local override; error
    @(174.5500 mm, 70.2250 mm): Pad 73 [GND] of J11 on F.Cu
    @(172.5500 mm, 69.0500 mm): Track [GND] on F.Cu, length 1.1750 mm
[unconnected_items]: Missing connection between items
    Local override; error
    @(82.0400 mm, 196.0000 mm): PTH pad 22 [GND] of J9
    @(79.5000 mm, 196.0000 mm): Track [GND] on F.Cu, length 1.9643 mm
[unconnected_items]: Missing connection between items
    Local override; error
    @(56.6400 mm, 196.0000 mm): Track [GND] on F.Cu, length 2.5400 mm
    @(61.7200 mm, 196.0000 mm): PTH pad 6 [GND] of J9
[unconnected_items]: Missing connection between items
    Local override; error
    @(68.5400 mm, 109.0000 mm): PTH pad 2 [GND] of J3
    @(57.0000 mm, 109.0000 mm): Track [GND] on F.Cu, length 9.0000 mm
[unconnected_items]: Missing connection between items
    Local override; error
    @(61.7200 mm, 198.5400 mm): PTH pad 5 [GND] of J9
    @(59.1800 mm, 198.5400 mm): Track [GND] on F.Cu, length 2.5400 mm
[unconnected_items]: Missing connection between items
    Local override; error
    @(174.5500 mm, 70.2250 mm): Pad 73 [GND] of J11 on F.Cu
    @(179.0500 mm, 70.2250 mm): Pad 91 [GND] of J11 on F.Cu
[unconnected_items]: Missing connection between items
    Local override; error
    @(207.3181 mm, 63.5000 mm): Via [GND] on F.Cu - B.Cu
    @(207.0372 mm, 68.8322 mm): Via [GND] on F.Cu - B.Cu
[unconnected_items]: Missing connection between items
    Local override; error
    @(269.0400 mm, 138.7800 mm): PTH pad 16 [GND] of J5
    @(266.5000 mm, 121.0000 mm): Track [GND] on B.Cu, length 1.5000 mm
[unconnected_items]: Missing connection between items
    Local override; error
    @(168.5500 mm, 80.8829 mm): Track [I2S_BCLK] on F.Cu, length 5.7750 mm
    @(145.5400 mm, 198.5400 mm): PTH pad 71 [I2S_BCLK] of J9
[unconnected_items]: Missing connection between items
    Local override; error
    @(66.0000 mm, 116.6200 mm): PTH pad 7 [MDIO] of J3
    @(171.0500 mm, 70.2250 mm): Pad 59 [MDIO] of J11 on F.Cu
[unconnected_items]: Missing connection between items
    Local override; error
    @(211.8000 mm, 62.0250 mm): Pad 214 [DBG_SWCLK] of J11 on F.Cu
    @(282.0290 mm, 51.9710 mm): Track [DBG_SWCLK] on F.Cu, length 0.7481 mm
[unconnected_items]: Missing connection between items
    Local override; error
    @(211.8000 mm, 62.0250 mm): Pad 214 [DBG_SWCLK] of J11 on F.Cu
    @(215.6400 mm, 196.0000 mm): PTH pad 34 [DBG_SWCLK] of J10
[unconnected_items]: Missing connection between items
    Local override; error
    @(99.8200 mm, 198.5400 mm): PTH pad 35 [GPIO0] of J9
    @(159.8750 mm, 81.0000 mm): Track [GPIO0] on F.Cu, length 4.3031 mm
[unconnected_items]: Missing connection between items
    Local override; error
    @(213.0500 mm, 70.2250 mm): Pad 219 [MOD_TYPE0] of J11 on F.Cu
    @(290.8000 mm, 53.7000 mm): Track [MOD_TYPE0] on F.Cu, length 0.4243 mm
[unconnected_items]: Missing connection between items
    Local override; error
    @(213.0500 mm, 70.2250 mm): Pad 219 [MOD_TYPE0] of J11 on F.Cu
    @(228.3400 mm, 196.0000 mm): PTH pad 44 [MOD_TYPE0] of J10
[unconnected_items]: Missing connection between items
    Local override; error
    @(269.0400 mm, 128.6200 mm): PTH pad 8 [SDIO_D3] of J5
    @(206.5500 mm, 70.2250 mm): Pad 193 [SDIO_D3] of J11 on F.Cu
[unconnected_items]: Missing connection between items
    Local override; error
    @(180.0800 mm, 196.0000 mm): PTH pad 6 [SDIO_D3] of J10
    @(269.0400 mm, 128.6200 mm): PTH pad 8 [SDIO_D3] of J5
[unconnected_items]: Missing connection between items
    Local override; error
    @(210.0500 mm, 70.2250 mm): Pad 207 [RESERVED] of J11 on F.Cu
    @(210.5500 mm, 70.2250 mm): Pad 209 [RESERVED] of J11 on F.Cu
[unconnected_items]: Missing connection between items
    Local override; error
    @(175.0500 mm, 70.2250 mm): Pad 75 [RESERVED] of J11 on F.Cu
    @(175.5500 mm, 70.2250 mm): Pad 77 [RESERVED] of J11 on F.Cu
[unconnected_items]: Missing connection between items
    Local override; error
    @(175.5500 mm, 70.2250 mm): Pad 77 [RESERVED] of J11 on F.Cu
    @(176.0500 mm, 70.2250 mm): Pad 79 [RESERVED] of J11 on F.Cu
[unconnected_items]: Missing connection between items
    Local override; error
    @(176.8000 mm, 62.0250 mm): Pad 82 [RESERVED] of J11 on F.Cu
    @(176.3000 mm, 62.0250 mm): Pad 80 [RESERVED] of J11 on F.Cu
[unconnected_items]: Missing connection between items
    Local override; error
    @(176.0500 mm, 70.2250 mm): Pad 79 [RESERVED] of J11 on F.Cu
    @(176.5500 mm, 70.2250 mm): Pad 81 [RESERVED] of J11 on F.Cu
[unconnected_items]: Missing connection between items
    Local override; error
    @(176.3000 mm, 62.0250 mm): Pad 80 [RESERVED] of J11 on F.Cu
    @(175.8000 mm, 62.0250 mm): Pad 78 [RESERVED] of J11 on F.Cu
[unconnected_items]: Missing connection between items
    Local override; error
    @(175.8000 mm, 62.0250 mm): Pad 78 [RESERVED] of J11 on F.Cu
    @(175.3000 mm, 62.0250 mm): Pad 76 [RESERVED] of J11 on F.Cu
[unconnected_items]: Missing connection between items
    Local override; error
    @(211.0500 mm, 70.2250 mm): Pad 211 [RESERVED] of J11 on F.Cu
    @(210.5500 mm, 70.2250 mm): Pad 209 [RESERVED] of J11 on F.Cu
[unconnected_items]: Missing connection between items
    Local override; error
    @(211.5500 mm, 70.2250 mm): Pad 213 [RESERVED] of J11 on F.Cu
    @(211.0500 mm, 70.2250 mm): Pad 211 [RESERVED] of J11 on F.Cu
[unconnected_items]: Missing connection between items
    Local override; error
    @(210.8000 mm, 62.0250 mm): Pad 210 [RESERVED] of J11 on F.Cu
    @(210.3000 mm, 62.0250 mm): Pad 208 [RESERVED] of J11 on F.Cu
[unconnected_items]: Missing connection between items
    Local override; error
    @(210.3000 mm, 62.0250 mm): Pad 208 [RESERVED] of J11 on F.Cu
    @(209.8000 mm, 62.0250 mm): Pad 206 [RESERVED] of J11 on F.Cu
[unconnected_items]: Missing connection between items
    Local override; error
    @(211.3000 mm, 62.0250 mm): Pad 212 [RESERVED] of J11 on F.Cu
    @(210.8000 mm, 62.0250 mm): Pad 210 [RESERVED] of J11 on F.Cu
[unconnected_items]: Missing connection between items
    Local override; error
    @(213.1000 mm, 198.5400 mm): PTH pad 31 [RESERVED] of J10
    @(213.1000 mm, 196.0000 mm): PTH pad 32 [RESERVED] of J10
[unconnected_items]: Missing connection between items
    Local override; error
    @(175.0500 mm, 70.2250 mm): Pad 75 [RESERVED] of J11 on F.Cu
    @(172.0500 mm, 70.2250 mm): Pad 63 [RESERVED] of J11 on F.Cu
[unconnected_items]: Missing connection between items
    Local override; error
    @(209.8000 mm, 62.0250 mm): Pad 206 [RESERVED] of J11 on F.Cu
    @(206.8000 mm, 62.0250 mm): Pad 194 [RESERVED] of J11 on F.Cu
[unconnected_items]: Missing connection between items
    Local override; error
    @(176.0500 mm, 70.2250 mm): Pad 79 [RESERVED] of J11 on F.Cu
    @(176.3000 mm, 62.0250 mm): Pad 80 [RESERVED] of J11 on F.Cu
[unconnected_items]: Missing connection between items
    Local override; error
    @(211.3000 mm, 62.0250 mm): Pad 212 [RESERVED] of J11 on F.Cu
    @(211.5500 mm, 70.2250 mm): Pad 213 [RESERVED] of J11 on F.Cu
[unconnected_items]: Missing connection between items
    Local override; error
    @(206.8000 mm, 62.0250 mm): Pad 194 [RESERVED] of J11 on F.Cu
    @(176.8000 mm, 62.0250 mm): Pad 82 [RESERVED] of J11 on F.Cu
[unconnected_items]: Missing connection between items
    Local override; error
    @(213.1000 mm, 196.0000 mm): PTH pad 32 [RESERVED] of J10
    @(256.2800 mm, 196.0000 mm): PTH pad 66 [RESERVED] of J10
[unconnected_items]: Missing connection between items
    Local override; error
    @(211.5500 mm, 70.2250 mm): Pad 213 [RESERVED] of J11 on F.Cu
    @(213.1000 mm, 196.0000 mm): PTH pad 32 [RESERVED] of J10
[unconnected_items]: Missing connection between items
    Local override; error
    @(66.0000 mm, 134.4000 mm): PTH pad 21 [NET_CTL2_ODD] of J3
    @(66.0000 mm, 136.9400 mm): PTH pad 23 [NET_CTL2_ODD] of J3
[unconnected_items]: Missing connection between items
    Local override; error
    @(205.5500 mm, 70.2250 mm): Pad 189 [NET_CTL2_ODD] of J11 on F.Cu
    @(205.8000 mm, 62.0250 mm): Pad 190 [NET_CTL2_ODD] of J11 on F.Cu
[unconnected_items]: Missing connection between items
    Local override; error
    @(66.0000 mm, 134.4000 mm): PTH pad 21 [NET_CTL2_ODD] of J3
    @(205.5500 mm, 70.2250 mm): Pad 189 [NET_CTL2_ODD] of J11 on F.Cu
[unconnected_items]: Missing connection between items
    Local override; error
    @(180.0800 mm, 198.5400 mm): PTH pad 5 [SDIO_D2] of J10
    @(266.5000 mm, 128.6200 mm): PTH pad 7 [SDIO_D2] of J5
[unconnected_items]: Missing connection between items
    Local override; error
    @(266.5000 mm, 128.6200 mm): PTH pad 7 [SDIO_D2] of J5
    @(171.8000 mm, 62.0250 mm): Pad 62 [SDIO_D2] of J11 on F.Cu
[unconnected_items]: Missing connection between items
    Local override; error
    @(215.0500 mm, 70.2250 mm): Pad 227 [VIO_BANK1] of J11 on F.Cu
    @(208.5500 mm, 70.2250 mm): Pad 201 [VIO_BANK1] of J11 on F.Cu
[unconnected_items]: Missing connection between items
    Local override; error
    @(208.5500 mm, 70.2250 mm): Pad 201 [VIO_BANK1] of J11 on F.Cu
    @(190.8000 mm, 62.0250 mm): Pad 138 [VIO_BANK1] of J11 on F.Cu
[unconnected_items]: Missing connection between items
    Local override; error
    @(200.4000 mm, 196.0000 mm): PTH pad 22 [VIO_BANK1] of J10
    @(248.6600 mm, 196.0000 mm): PTH pad 60 [VIO_BANK1] of J10
[unconnected_items]: Missing connection between items
    Local override; error
    @(327.6200 mm, 198.5400 mm): PTH pad 14 [VIO_BANK1] of J6
    @(248.6600 mm, 196.0000 mm): PTH pad 60 [VIO_BANK1] of J10
[unconnected_items]: Missing connection between items
    Local override; error
    @(208.5500 mm, 70.2250 mm): Pad 201 [VIO_BANK1] of J11 on F.Cu
    @(200.4000 mm, 196.0000 mm): PTH pad 22 [VIO_BANK1] of J10
[unconnected_items]: Missing connection between items
    Local override; error
    @(145.5400 mm, 196.0000 mm): PTH pad 72 [I2S_LRCLK] of J9
    @(203.3000 mm, 62.0250 mm): Pad 180 [I2S_LRCLK] of J11 on F.Cu
[unconnected_items]: Missing connection between items
    Local override; error
    @(148.0800 mm, 198.5400 mm): PTH pad 73 [I2S_DOUT] of J9
    @(168.8000 mm, 62.0250 mm): Pad 50 [I2S_DOUT] of J11 on F.Cu
[unconnected_items]: Missing connection between items
    Local override; error
    @(165.5500 mm, 79.7487 mm): Track [GPIO6] on F.Cu, length 3.7486 mm
    @(115.0600 mm, 198.5400 mm): PTH pad 47 [GPIO6] of J9
[unconnected_items]: Missing connection between items
    Local override; error
    @(66.0000 mm, 129.3200 mm): PTH pad 17 [NET_CTL0_ODD] of J3
    @(170.5500 mm, 70.2250 mm): Pad 57 [NET_CTL0_ODD] of J11 on F.Cu
[unconnected_items]: Missing connection between items
    Local override; error
    @(284.5690 mm, 47.1510 mm): Track [DBG_UART_RX] on F.Cu, length 5.9180 mm
    @(212.8000 mm, 62.0250 mm): Pad 218 [DBG_UART_RX] of J11 on F.Cu
[unconnected_items]: Missing connection between items
    Local override; error
    @(212.8000 mm, 62.0250 mm): Pad 218 [DBG_UART_RX] of J11 on F.Cu
    @(225.8000 mm, 196.0000 mm): PTH pad 42 [DBG_UART_RX] of J10
[unconnected_items]: Missing connection between items
    Local override; error
    @(253.7400 mm, 198.5400 mm): PTH pad 63 [PWR_GOOD] of J10
    @(253.7400 mm, 196.0000 mm): PTH pad 64 [PWR_GOOD] of J10
[unconnected_items]: Missing connection between items
    Local override; error
    @(191.3000 mm, 62.0250 mm): Pad 140 [PWR_GOOD] of J11 on F.Cu
    @(180.8000 mm, 62.0250 mm): Pad 98 [PWR_GOOD] of J11 on F.Cu
[unconnected_items]: Missing connection between items
    Local override; error
    @(180.8000 mm, 62.0250 mm): Pad 98 [PWR_GOOD] of J11 on F.Cu
    @(158.5500 mm, 71.4829 mm): Track [PWR_GOOD] on F.Cu, length 1.2579 mm
[unconnected_items]: Missing connection between items
    Local override; error
    @(215.5500 mm, 70.2250 mm): Pad 229 [PWR_GOOD] of J11 on F.Cu
    @(191.3000 mm, 62.0250 mm): Pad 140 [PWR_GOOD] of J11 on F.Cu
[unconnected_items]: Missing connection between items
    Local override; error
    @(321.0400 mm, 194.5000 mm): Track [PWR_GOOD] on B.Cu, length 6.5400 mm
    @(253.7400 mm, 196.0000 mm): PTH pad 64 [PWR_GOOD] of J10
[unconnected_items]: Missing connection between items
    Local override; error
    @(253.7400 mm, 196.0000 mm): PTH pad 64 [PWR_GOOD] of J10
    @(215.5500 mm, 70.2250 mm): Pad 229 [PWR_GOOD] of J11 on F.Cu
[unconnected_items]: Missing connection between items
    Local override; error
    @(66.0000 mm, 131.8600 mm): PTH pad 19 [NET_CTL1_ODD] of J3
    @(205.3000 mm, 62.0250 mm): Pad 188 [NET_CTL1_ODD] of J11 on F.Cu
[unconnected_items]: Missing connection between items
    Local override; error
    @(162.5000 mm, 83.9329 mm): Track [PWM2] on F.Cu, length 0.0671 mm
    @(125.2200 mm, 198.5400 mm): PTH pad 55 [PWM2] of J9
[unconnected_items]: Missing connection between items
    Local override; error
    @(137.9200 mm, 198.5400 mm): PTH pad 65 [AIN2] of J9
    @(167.8000 mm, 62.0250 mm): Pad 46 [AIN2] of J11 on F.Cu
[unconnected_items]: Missing connection between items
    Local override; error
    @(89.6600 mm, 196.0000 mm): PTH pad 28 [SPI0_CS2] of J9
    @(197.8000 mm, 62.0250 mm): Pad 158 [SPI0_CS2] of J11 on F.Cu
[unconnected_items]: Missing connection between items
    Local override; error
    @(82.0400 mm, 198.5400 mm): PTH pad 21 [UART0_RI] of J9
    @(162.3000 mm, 62.0250 mm): Pad 24 [UART0_RI] of J11 on F.Cu
[unconnected_items]: Missing connection between items
    Local override; error
    @(125.2200 mm, 196.0000 mm): PTH pad 56 [PWM6] of J9
    @(201.3000 mm, 62.0250 mm): Pad 172 [PWM6] of J11 on F.Cu
[unconnected_items]: Missing connection between items
    Local override; error
    @(68.5400 mm, 119.1600 mm): PTH pad 10 [NET_D0_EVEN] of J3
    @(204.0500 mm, 70.2250 mm): Pad 183 [NET_D0_EVEN] of J11 on F.Cu
[unconnected_items]: Missing connection between items
    Local override; error
    @(79.5000 mm, 196.0000 mm): PTH pad 20 [UART0_DCD] of J9
    @(196.8000 mm, 62.0250 mm): Pad 154 [UART0_DCD] of J11 on F.Cu
[unconnected_items]: Missing connection between items
    Local override; error
    @(137.9200 mm, 196.0000 mm): PTH pad 66 [AIN6] of J9
    @(202.5500 mm, 70.2250 mm): Pad 177 [AIN6] of J11 on F.Cu
[unconnected_items]: Missing connection between items
    Local override; error
    @(212.0500 mm, 70.2250 mm): Track [DBG_TMS] on F.Cu, length 1.3421 mm
    @(218.1800 mm, 196.0000 mm): PTH pad 36 [DBG_TMS] of J10
[unconnected_items]: Missing connection between items
    Local override; error
    @(215.3000 mm, 62.0250 mm): Pad 228 [VIO_BANK3] of J11 on F.Cu
    @(208.8000 mm, 62.0250 mm): Pad 202 [VIO_BANK3] of J11 on F.Cu
[unconnected_items]: Missing connection between items
    Local override; error
    @(208.8000 mm, 62.0250 mm): Pad 202 [VIO_BANK3] of J11 on F.Cu
    @(191.0500 mm, 70.2250 mm): Pad 139 [VIO_BANK3] of J11 on F.Cu
[unconnected_items]: Missing connection between items
    Local override; error
    @(202.9400 mm, 196.0000 mm): PTH pad 24 [VIO_BANK3] of J10
    @(251.2000 mm, 196.0000 mm): PTH pad 62 [VIO_BANK3] of J10
[unconnected_items]: Missing connection between items
    Local override; error
    @(251.2000 mm, 196.0000 mm): PTH pad 62 [VIO_BANK3] of J10
    @(325.0800 mm, 198.5400 mm): PTH pad 16 [VIO_BANK3] of J6
[unconnected_items]: Missing connection between items
    Local override; error
    @(191.0500 mm, 70.2250 mm): Pad 139 [VIO_BANK3] of J11 on F.Cu
    @(202.9400 mm, 196.0000 mm): PTH pad 24 [VIO_BANK3] of J10
[unconnected_items]: Missing connection between items
    Local override; error
    @(87.1200 mm, 198.5400 mm): PTH pad 25 [SPI0_MISO] of J9
    @(162.8000 mm, 62.0250 mm): Pad 26 [SPI0_MISO] of J11 on F.Cu
[unconnected_items]: Missing connection between items
    Local override; error
    @(266.5000 mm, 126.0800 mm): PTH pad 5 [SDIO_CLK] of J5
    @(266.5000 mm, 123.5400 mm): PTH pad 3 [SDIO_CLK] of J5
[unconnected_items]: Missing connection between items
    Local override; error
    @(175.0000 mm, 198.5400 mm): PTH pad 1 [SDIO_CLK] of J10
    @(177.5400 mm, 198.5400 mm): PTH pad 3 [SDIO_CLK] of J10
[unconnected_items]: Missing connection between items
    Local override; error
    @(171.5500 mm, 70.2250 mm): Pad 61 [SDIO_CLK] of J11 on F.Cu
    @(171.3000 mm, 62.0250 mm): Pad 60 [SDIO_CLK] of J11 on F.Cu
[unconnected_items]: Missing connection between items
    Local override; error
    @(266.5000 mm, 123.5400 mm): PTH pad 3 [SDIO_CLK] of J5
    @(171.5500 mm, 70.2250 mm): Pad 61 [SDIO_CLK] of J11 on F.Cu
[unconnected_items]: Missing connection between items
    Local override; error
    @(177.5400 mm, 198.5400 mm): PTH pad 3 [SDIO_CLK] of J10
    @(266.5000 mm, 126.0800 mm): PTH pad 5 [SDIO_CLK] of J5
[unconnected_items]: Missing connection between items
    Local override; error
    @(104.9000 mm, 196.0000 mm): PTH pad 40 [GPIO10] of J9
    @(199.3000 mm, 62.0250 mm): Pad 164 [GPIO10] of J11 on F.Cu
[unconnected_items]: Missing connection between items
    Local override; error
    @(122.6800 mm, 198.5400 mm): PTH pad 53 [PWM1] of J9
    @(166.3000 mm, 62.0250 mm): Pad 40 [PWM1] of J11 on F.Cu
[unconnected_items]: Missing connection between items
    Local override; error
    @(166.0500 mm, 79.8158 mm): Track [PWM0] on F.Cu, length 4.4082 mm
    @(120.1400 mm, 198.5400 mm): PTH pad 51 [PWM0] of J9
[unconnected_items]: Missing connection between items
    Local override; error
    @(92.2000 mm, 198.5400 mm): PTH pad 29 [SPI1_SCK] of J9
    @(163.3000 mm, 62.0250 mm): Pad 28 [SPI1_SCK] of J11 on F.Cu
[unconnected_items]: Missing connection between items
    Local override; error
    @(68.5400 mm, 129.3200 mm): PTH pad 18 [NET_CTL0_EVEN] of J3
    @(204.3000 mm, 62.0250 mm): Pad 184 [NET_CTL0_EVEN] of J11 on F.Cu
[unconnected_items]: Missing connection between items
    Local override; error
    @(212.5500 mm, 68.9500 mm): Track [DBG_VREF] on F.Cu, length 1.2750 mm
    @(223.2600 mm, 196.0000 mm): PTH pad 40 [DBG_VREF] of J10
[unconnected_items]: Missing connection between items
    Local override; error
    @(102.3600 mm, 198.5400 mm): PTH pad 37 [GPIO1] of J9
    @(164.3000 mm, 62.0250 mm): Pad 32 [GPIO1] of J11 on F.Cu
[unconnected_items]: Missing connection between items
    Local override; error
    @(197.8600 mm, 196.0000 mm): PTH pad 20 [VREF_IO] of J10
    @(197.8600 mm, 198.5400 mm): PTH pad 19 [VREF_IO] of J10
[unconnected_items]: Missing connection between items
    Local override; error
    @(246.1200 mm, 198.5400 mm): PTH pad 57 [VREF_IO] of J10
    @(246.1200 mm, 196.0000 mm): PTH pad 58 [VREF_IO] of J10
[unconnected_items]: Missing connection between items
    Local override; error
    @(330.1600 mm, 198.5400 mm): PTH pad 12 [VREF_IO] of J6
    @(330.1600 mm, 196.0000 mm): Track [VREF_IO] on B.Cu, length 7.0711 mm
[unconnected_items]: Missing connection between items
    Local override; error
    @(71.8800 mm, 196.0000 mm): PTH pad 14 [VREF_IO] of J9
    @(71.8800 mm, 198.5400 mm): PTH pad 13 [VREF_IO] of J9
[unconnected_items]: Missing connection between items
    Local override; error
    @(208.3000 mm, 62.0250 mm): Pad 200 [VREF_IO] of J11 on F.Cu
    @(214.8000 mm, 62.0250 mm): Pad 226 [VREF_IO] of J11 on F.Cu
[unconnected_items]: Missing connection between items
    Local override; error
    @(180.0500 mm, 70.2250 mm): Pad 95 [VREF_IO] of J11 on F.Cu
    @(173.5500 mm, 70.2250 mm): Pad 69 [VREF_IO] of J11 on F.Cu
[unconnected_items]: Missing connection between items
    Local override; error
    @(180.0500 mm, 70.2250 mm): Pad 95 [VREF_IO] of J11 on F.Cu
    @(190.5500 mm, 70.2250 mm): Pad 137 [VREF_IO] of J11 on F.Cu
[unconnected_items]: Missing connection between items
    Local override; error
    @(157.8020 mm, 62.0270 mm): Track [VREF_IO] on F.Cu, length 1.8880 mm
    @(173.5500 mm, 70.2250 mm): Pad 69 [VREF_IO] of J11 on F.Cu
[unconnected_items]: Missing connection between items
    Local override; error
    @(190.5500 mm, 70.2250 mm): Pad 137 [VREF_IO] of J11 on F.Cu
    @(208.3000 mm, 62.0250 mm): Pad 200 [VREF_IO] of J11 on F.Cu
[unconnected_items]: Missing connection between items
    Local override; error
    @(197.8600 mm, 198.5400 mm): PTH pad 19 [VREF_IO] of J10
    @(246.1200 mm, 198.5400 mm): PTH pad 57 [VREF_IO] of J10
[unconnected_items]: Missing connection between items
    Local override; error
    @(246.1200 mm, 196.0000 mm): PTH pad 58 [VREF_IO] of J10
    @(325.1600 mm, 191.0000 mm): Track [VREF_IO] on B.Cu, length 8.6600 mm
[unconnected_items]: Missing connection between items
    Local override; error
    @(71.8800 mm, 196.0000 mm): PTH pad 14 [VREF_IO] of J9
    @(197.8600 mm, 196.0000 mm): PTH pad 20 [VREF_IO] of J10
[unconnected_items]: Missing connection between items
    Local override; error
    @(197.8600 mm, 196.0000 mm): PTH pad 20 [VREF_IO] of J10
    @(190.5500 mm, 70.2250 mm): Pad 137 [VREF_IO] of J11 on F.Cu
[unconnected_items]: Missing connection between items
    Local override; error
    @(167.5500 mm, 80.3829 mm): Track [AIN1] on F.Cu, length 6.4347 mm
    @(135.3800 mm, 198.5400 mm): PTH pad 63 [AIN1] of J9
[unconnected_items]: Missing connection between items
    Local override; error
    @(132.8400 mm, 198.5400 mm): PTH pad 61 [AIN0] of J9
    @(167.3000 mm, 62.0250 mm): Pad 44 [AIN0] of J11 on F.Cu
[unconnected_items]: Missing connection between items
    Local override; error
    @(161.6010 mm, 76.3990 mm): Track [UART3_TX] on F.Cu, length 1.5570 mm
    @(74.4200 mm, 198.5400 mm): PTH pad 15 [UART3_TX] of J9
[unconnected_items]: Missing connection between items
    Local override; error
    @(163.5500 mm, 76.7184 mm): Track [SPI1_MISO] on F.Cu, length 0.9416 mm
    @(94.7400 mm, 198.5400 mm): PTH pad 31 [SPI1_MISO] of J9
[unconnected_items]: Missing connection between items
    Local override; error
    @(177.3000 mm, 60.3000 mm): Track [DBG_TCK] on F.Cu, length 1.7250 mm
    @(218.1800 mm, 198.5400 mm): PTH pad 35 [DBG_TCK] of J10
[unconnected_items]: Missing connection between items
    Local override; error
    @(158.3500 mm, 72.4000 mm): Via [VIO_BANK0] on F.Cu - B.Cu
    @(156.6342 mm, 73.0000 mm): Track [VIO_BANK0] on F.Cu, length 0.1342 mm
[unconnected_items]: Missing connection between items
    Local override; error
    @(180.3000 mm, 62.0250 mm): Pad 96 [VIO_BANK0] of J11 on F.Cu
    @(173.8000 mm, 62.0250 mm): Pad 70 [VIO_BANK0] of J11 on F.Cu
[unconnected_items]: Missing connection between items
    Local override; error
    @(173.8000 mm, 62.0250 mm): Pad 70 [VIO_BANK0] of J11 on F.Cu
    @(158.0500 mm, 71.5500 mm): Track [VIO_BANK0] on F.Cu, length 1.3250 mm
[unconnected_items]: Missing connection between items
    Local override; error
    @(200.4000 mm, 198.5400 mm): PTH pad 21 [VIO_BANK0] of J10
    @(248.6600 mm, 198.5400 mm): PTH pad 59 [VIO_BANK0] of J10
[unconnected_items]: Missing connection between items
    Local override; error
    @(248.6600 mm, 198.5400 mm): PTH pad 59 [VIO_BANK0] of J10
    @(323.1200 mm, 191.5000 mm): Track [VIO_BANK0] on B.Cu, length 6.6200 mm
[unconnected_items]: Missing connection between items
    Local override; error
    @(156.6342 mm, 73.0000 mm): Track [VIO_BANK0] on F.Cu, length 0.1342 mm
    @(200.4000 mm, 198.5400 mm): PTH pad 21 [VIO_BANK0] of J10
[unconnected_items]: Missing connection between items
    Local override; error
    @(84.5800 mm, 196.0000 mm): PTH pad 24 [SPI0_MOSI] of J9
    @(197.3000 mm, 62.0250 mm): Pad 156 [SPI0_MOSI] of J11 on F.Cu
[unconnected_items]: Missing connection between items
    Local override; error
    @(177.5500 mm, 70.2250 mm): Pad 85 [DBG_TDI] of J11 on F.Cu
    @(278.1000 mm, 52.4000 mm): Track [DBG_TDI] on F.Cu, length 0.8485 mm
[unconnected_items]: Missing connection between items
    Local override; error
    @(177.5500 mm, 70.2250 mm): Pad 85 [DBG_TDI] of J11 on F.Cu
    @(220.7200 mm, 198.5400 mm): PTH pad 37 [DBG_TDI] of J10
[unconnected_items]: Missing connection between items
    Local override; error
    @(127.7600 mm, 198.5400 mm): PTH pad 57 [PWM3] of J9
    @(166.8000 mm, 62.0250 mm): Pad 42 [PWM3] of J11 on F.Cu
[unconnected_items]: Missing connection between items
    Local override; error
    @(112.5200 mm, 196.0000 mm): PTH pad 46 [GPIO13] of J9
    @(200.0500 mm, 70.2250 mm): Pad 167 [GPIO13] of J11 on F.Cu
[unconnected_items]: Missing connection between items
    Local override; error
    @(109.9800 mm, 196.0000 mm): PTH pad 44 [GPIO12] of J9
    @(199.8000 mm, 62.0250 mm): Pad 166 [GPIO12] of J11 on F.Cu
[unconnected_items]: Missing connection between items
    Local override; error
    @(285.7200 mm, 53.7800 mm): Track [DBG_UART_TX] on F.Cu, length 0.3111 mm
    @(178.0500 mm, 70.2250 mm): Pad 87 [DBG_UART_TX] of J11 on F.Cu
[unconnected_items]: Missing connection between items
    Local override; error
    @(178.0500 mm, 70.2250 mm): Pad 87 [DBG_UART_TX] of J11 on F.Cu
    @(225.8000 mm, 198.5400 mm): PTH pad 41 [DBG_UART_TX] of J10
[unconnected_items]: Missing connection between items
    Local override; error
    @(76.9600 mm, 198.5400 mm): PTH pad 17 [UART0_CTS] of J9
    @(161.8000 mm, 62.0250 mm): Pad 22 [UART0_CTS] of J11 on F.Cu
[unconnected_items]: Missing connection between items
    Local override; error
    @(177.0500 mm, 70.2250 mm): Pad 83 [DBG_SWDIO] of J11 on F.Cu
    @(283.1800 mm, 48.5400 mm): Track [DBG_SWDIO] on F.Cu, length 4.7800 mm
[unconnected_items]: Missing connection between items
    Local override; error
    @(177.0500 mm, 70.2250 mm): Pad 83 [DBG_SWDIO] of J11 on F.Cu
    @(215.6400 mm, 198.5400 mm): PTH pad 33 [DBG_SWDIO] of J10
[unconnected_items]: Missing connection between items
    Local override; error
    @(269.0400 mm, 123.5400 mm): PTH pad 4 [SDIO_CMD] of J5
    @(206.0500 mm, 70.2250 mm): Pad 191 [SDIO_CMD] of J11 on F.Cu
[unconnected_items]: Missing connection between items
    Local override; error
    @(175.0000 mm, 196.0000 mm): PTH pad 2 [SDIO_CMD] of J10
    @(269.0400 mm, 123.5400 mm): PTH pad 4 [SDIO_CMD] of J5
[unconnected_items]: Missing connection between items
    Local override; error
    @(97.2800 mm, 198.5400 mm): PTH pad 33 [SPI1_CS1] of J9
    @(163.8000 mm, 62.0250 mm): Pad 30 [SPI1_CS1] of J11 on F.Cu
[unconnected_items]: Missing connection between items
    Local override; error
    @(76.9600 mm, 196.0000 mm): PTH pad 18 [UART0_RTS] of J9
    @(196.5500 mm, 70.2250 mm): Pad 153 [UART0_RTS] of J11 on F.Cu
[unconnected_items]: Missing connection between items
    Local override; error
    @(74.4200 mm, 196.0000 mm): PTH pad 16 [UART3_RX] of J9
    @(196.3000 mm, 62.0250 mm): Pad 152 [UART3_RX] of J11 on F.Cu
[unconnected_items]: Missing connection between items
    Local override; error
    @(89.6600 mm, 198.5400 mm): PTH pad 27 [SPI0_CS1] of J9
    @(162.0335 mm, 77.6677 mm): Track [SPI0_CS1] on F.Cu, length 0.3658 mm
[unconnected_items]: Missing connection between items
    Local override; error
    @(97.2800 mm, 196.0000 mm): PTH pad 34 [SPI1_CS2] of J9
    @(198.5500 mm, 70.2250 mm): Pad 161 [SPI1_CS2] of J11 on F.Cu
[unconnected_items]: Missing connection between items
    Local override; error
    @(122.6800 mm, 196.0000 mm): PTH pad 54 [PWM5] of J9
    @(201.0500 mm, 70.2250 mm): Pad 171 [PWM5] of J11 on F.Cu
[unconnected_items]: Missing connection between items
    Local override; error
    @(148.0800 mm, 196.0000 mm): PTH pad 74 [I2S_DIN] of J9
    @(203.5500 mm, 70.2250 mm): Pad 181 [I2S_DIN] of J11 on F.Cu
[unconnected_items]: Missing connection between items
    Local override; error
    @(140.4600 mm, 196.0000 mm): PTH pad 68 [AIN7] of J9
    @(202.8000 mm, 62.0250 mm): Pad 178 [AIN7] of J11 on F.Cu
[unconnected_items]: Missing connection between items
    Local override; error
    @(120.1400 mm, 196.0000 mm): PTH pad 52 [PWM4] of J9
    @(200.8000 mm, 62.0250 mm): Pad 170 [PWM4] of J11 on F.Cu
[unconnected_items]: Missing connection between items
    Local override; error
    @(117.6000 mm, 198.5400 mm): PTH pad 49 [GPIO7] of J9
    @(165.8000 mm, 62.0250 mm): Pad 38 [GPIO7] of J11 on F.Cu
[unconnected_items]: Missing connection between items
    Local override; error
    @(160.5671 mm, 78.0000 mm): Track [UART0_DSR] on F.Cu, length 0.0671 mm
    @(79.5000 mm, 198.5400 mm): PTH pad 19 [UART0_DSR] of J9
[unconnected_items]: Missing connection between items
    Local override; error
    @(107.4400 mm, 196.0000 mm): PTH pad 42 [GPIO11] of J9
    @(199.5500 mm, 70.2250 mm): Pad 165 [GPIO11] of J11 on F.Cu
[unconnected_items]: Missing connection between items
    Local override; error
    @(99.8200 mm, 196.0000 mm): PTH pad 36 [GPIO8] of J9
    @(198.8000 mm, 62.0250 mm): Pad 162 [GPIO8] of J11 on F.Cu
[unconnected_items]: Missing connection between items
    Local override; error
    @(165.0500 mm, 77.3151 mm): Track [GPIO4] on F.Cu, length 6.4347 mm
    @(109.9800 mm, 198.5400 mm): PTH pad 43 [GPIO4] of J9
[unconnected_items]: Missing connection between items
    Local override; error
    @(212.3000 mm, 62.0250 mm): Track [DBG_TDO] on F.Cu, length 0.8838 mm
    @(220.7200 mm, 196.0000 mm): PTH pad 38 [DBG_TDO] of J10
[unconnected_items]: Missing connection between items
    Local override; error
    @(102.3600 mm, 196.0000 mm): PTH pad 38 [GPIO9] of J9
    @(199.0500 mm, 70.2250 mm): Pad 163 [GPIO9] of J11 on F.Cu
[unconnected_items]: Missing connection between items
    Local override; error
    @(280.6400 mm, 51.8600 mm): Track [DBG_RESET_N] on F.Cu, length 0.1980 mm
    @(177.8000 mm, 62.0250 mm): Pad 86 [DBG_RESET_N] of J11 on F.Cu
[unconnected_items]: Missing connection between items
    Local override; error
    @(177.8000 mm, 62.0250 mm): Pad 86 [DBG_RESET_N] of J11 on F.Cu
    @(223.2600 mm, 198.5400 mm): PTH pad 39 [DBG_RESET_N] of J10
[unconnected_items]: Missing connection between items
    Local override; error
    @(107.4400 mm, 198.5400 mm): PTH pad 41 [GPIO3] of J9
    @(164.8000 mm, 62.0250 mm): Pad 34 [GPIO3] of J11 on F.Cu
[unconnected_items]: Missing connection between items
    Local override; error
    @(127.7600 mm, 196.0000 mm): PTH pad 58 [PWM7] of J9
    @(201.5500 mm, 70.2250 mm): Pad 173 [PWM7] of J11 on F.Cu
[unconnected_items]: Missing connection between items
    Local override; error
    @(94.7400 mm, 196.0000 mm): PTH pad 32 [SPI1_CS0] of J9
    @(198.3000 mm, 62.0250 mm): Pad 160 [SPI1_CS0] of J11 on F.Cu
[unconnected_items]: Missing connection between items
    Local override; error
    @(213.3000 mm, 62.0250 mm): Pad 220 [MOD_TYPE2] of J11 on F.Cu
    @(289.6490 mm, 53.8510 mm): Track [MOD_TYPE2] on F.Cu, length 0.9178 mm
[unconnected_items]: Missing connection between items
    Local override; error
    @(213.3000 mm, 62.0250 mm): Pad 220 [MOD_TYPE2] of J11 on F.Cu
    @(230.8800 mm, 196.0000 mm): PTH pad 46 [MOD_TYPE2] of J10
[unconnected_items]: Missing connection between items
    Local override; error
    @(180.5500 mm, 70.2250 mm): Pad 97 [VIO_BANK2] of J11 on F.Cu
    @(174.0500 mm, 70.2250 mm): Pad 71 [VIO_BANK2] of J11 on F.Cu
[unconnected_items]: Missing connection between items
    Local override; error
    @(158.2030 mm, 63.2970 mm): Track [VIO_BANK2] on F.Cu, length 2.5000 mm
    @(174.0500 mm, 70.2250 mm): Pad 71 [VIO_BANK2] of J11 on F.Cu
[unconnected_items]: Missing connection between items
    Local override; error
    @(202.9400 mm, 198.5400 mm): PTH pad 23 [VIO_BANK2] of J10
    @(251.2000 mm, 198.5400 mm): PTH pad 61 [VIO_BANK2] of J10
[unconnected_items]: Missing connection between items
    Local override; error
    @(322.0800 mm, 193.0000 mm): Track [VIO_BANK2] on B.Cu, length 6.5800 mm
    @(251.2000 mm, 198.5400 mm): PTH pad 61 [VIO_BANK2] of J10
[unconnected_items]: Missing connection between items
    Local override; error
    @(180.5500 mm, 70.2250 mm): Pad 97 [VIO_BANK2] of J11 on F.Cu
    @(202.9400 mm, 198.5400 mm): PTH pad 23 [VIO_BANK2] of J10
[unconnected_items]: Missing connection between items
    Local override; error
    @(92.2000 mm, 196.0000 mm): PTH pad 30 [SPI1_MOSI] of J9
    @(198.0500 mm, 70.2250 mm): Pad 159 [SPI1_MOSI] of J11 on F.Cu
[unconnected_items]: Missing connection between items
    Local override; error
    @(130.3000 mm, 196.0000 mm): PTH pad 60 [IR_TX_OUT] of J9
    @(201.8000 mm, 62.0250 mm): Pad 174 [IR_TX_OUT] of J11 on F.Cu
[unconnected_items]: Missing connection between items
    Local override; error
    @(161.0000 mm, 78.1342 mm): Track [SPI0_SCK] on F.Cu, length 0.3658 mm
    @(84.5800 mm, 198.5400 mm): PTH pad 23 [SPI0_SCK] of J9
[unconnected_items]: Missing connection between items
    Local override; error
    @(168.0500 mm, 80.4500 mm): Track [AIN3] on F.Cu, length 6.4347 mm
    @(140.4600 mm, 198.5400 mm): PTH pad 67 [AIN3] of J9
[unconnected_items]: Missing connection between items
    Local override; error
    @(66.0000 mm, 114.0800 mm): PTH pad 5 [NET_CLK_ODD] of J3
    @(170.8000 mm, 62.0250 mm): Pad 58 [NET_CLK_ODD] of J11 on F.Cu
[unconnected_items]: Missing connection between items
    Local override; error
    @(87.1200 mm, 196.0000 mm): PTH pad 26 [SPI0_CS0] of J9
    @(197.5500 mm, 70.2250 mm): Pad 157 [SPI0_CS0] of J11 on F.Cu
[unconnected_items]: Missing connection between items
    Local override; error
    @(117.6000 mm, 196.0000 mm): PTH pad 50 [GPIO15] of J9
    @(200.5500 mm, 70.2250 mm): Pad 169 [GPIO15] of J11 on F.Cu
[unconnected_items]: Missing connection between items
    Local override; error
    @(269.0400 mm, 126.0800 mm): PTH pad 6 [SDIO_D1] of J5
    @(206.3000 mm, 62.0250 mm): Pad 192 [SDIO_D1] of J11 on F.Cu
[unconnected_items]: Missing connection between items
    Local override; error
    @(177.5400 mm, 196.0000 mm): PTH pad 4 [SDIO_D1] of J10
    @(269.0400 mm, 126.0800 mm): PTH pad 6 [SDIO_D1] of J5
[unconnected_items]: Missing connection between items
    Local override; error
    @(143.0000 mm, 196.0000 mm): PTH pad 70 [AOUT1] of J9
    @(203.0500 mm, 70.2250 mm): Pad 179 [AOUT1] of J11 on F.Cu
[unconnected_items]: Missing connection between items
    Local override; error
    @(288.2600 mm, 53.7600 mm): Track [MOD_PRESENT_N] on F.Cu, length 0.3394 mm
    @(178.3000 mm, 62.0250 mm): Pad 88 [MOD_PRESENT_N] of J11 on F.Cu
[unconnected_items]: Missing connection between items
    Local override; error
    @(178.3000 mm, 62.0250 mm): Pad 88 [MOD_PRESENT_N] of J11 on F.Cu
    @(228.3400 mm, 198.5400 mm): PTH pad 43 [MOD_PRESENT_N] of J10
[unconnected_items]: Missing connection between items
    Local override; error
    @(135.3800 mm, 196.0000 mm): PTH pad 64 [AIN5] of J9
    @(202.3000 mm, 62.0250 mm): Pad 176 [AIN5] of J11 on F.Cu
[unconnected_items]: Missing connection between items
    Local override; error
    @(178.5500 mm, 70.2250 mm): Pad 89 [MOD_TYPE1] of J11 on F.Cu
    @(287.0000 mm, 47.2600 mm): Track [MOD_TYPE1] on F.Cu, length 5.7400 mm
[unconnected_items]: Missing connection between items
    Local override; error
    @(178.5500 mm, 70.2250 mm): Pad 89 [MOD_TYPE1] of J11 on F.Cu
    @(230.8800 mm, 198.5400 mm): PTH pad 45 [MOD_TYPE1] of J10
[unconnected_items]: Missing connection between items
    Local override; error
    @(210.5600 mm, 198.5400 mm): PTH pad 29 [CLOCK_0] of J10
    @(210.5600 mm, 196.0000 mm): PTH pad 30 [CLOCK_0] of J10
[unconnected_items]: Missing connection between items
    Local override; error
    @(209.5500 mm, 70.2250 mm): Pad 205 [CLOCK_0] of J11 on F.Cu
    @(174.8000 mm, 62.0250 mm): Pad 74 [CLOCK_0] of J11 on F.Cu
[unconnected_items]: Missing connection between items
    Local override; error
    @(210.5600 mm, 196.0000 mm): PTH pad 30 [CLOCK_0] of J10
    @(209.5500 mm, 70.2250 mm): Pad 205 [CLOCK_0] of J11 on F.Cu
[unconnected_items]: Missing connection between items
    Local override; error
    @(167.0500 mm, 79.9500 mm): Track [IR_RX_IN] on F.Cu, length 5.7276 mm
    @(130.3000 mm, 198.5400 mm): PTH pad 59 [IR_RX_IN] of J9
[unconnected_items]: Missing connection between items
    Local override; error
    @(115.0600 mm, 196.0000 mm): PTH pad 48 [GPIO14] of J9
    @(200.3000 mm, 62.0250 mm): Pad 168 [GPIO14] of J11 on F.Cu
[unconnected_items]: Missing connection between items
    Local override; error
    @(112.5200 mm, 198.5400 mm): PTH pad 45 [GPIO5] of J9
    @(165.3000 mm, 62.0250 mm): Pad 36 [GPIO5] of J11 on F.Cu
[unconnected_items]: Missing connection between items
    Local override; error
    @(132.8400 mm, 196.0000 mm): PTH pad 62 [AIN4] of J9
    @(202.0500 mm, 70.2250 mm): Pad 175 [AIN4] of J11 on F.Cu
[unconnected_items]: Missing connection between items
    Local override; error
    @(169.0500 mm, 80.9500 mm): Track [I2S_MCLK] on F.Cu, length 7.8489 mm
    @(150.6200 mm, 198.5400 mm): PTH pad 75 [I2S_MCLK] of J9
[unconnected_items]: Missing connection between items
    Local override; error
    @(143.0000 mm, 198.5400 mm): PTH pad 69 [AOUT0] of J9
    @(168.3000 mm, 62.0250 mm): Pad 48 [AOUT0] of J11 on F.Cu
[unconnected_items]: Missing connection between items
    Local override; error
    @(164.5500 mm, 76.9500 mm): Track [GPIO2] on F.Cu, length 6.4347 mm
    @(104.9000 mm, 198.5400 mm): PTH pad 39 [GPIO2] of J9
[unconnected_items]: Missing connection between items
    Local override; error
    @(269.0400 mm, 136.2400 mm): PTH pad 14 [UART0_RX] of J5
    @(277.5671 mm, 171.5000 mm): Track [UART0_RX] on F.Cu, length 1.0671 mm
[unconnected_items]: Missing connection between items
    Local override; error
    @(269.0400 mm, 136.2400 mm): PTH pad 14 [UART0_RX] of J5
    @(195.5500 mm, 70.2250 mm): Pad 149 [UART0_RX] of J11 on F.Cu
[unconnected_items]: Missing connection between items
    Local override; error
    @(269.0400 mm, 133.7000 mm): PTH pad 12 [UART0_TX] of J5
    @(278.0000 mm, 174.3200 mm): Track [UART0_TX] on F.Cu, length 1.8200 mm
[unconnected_items]: Missing connection between items
    Local override; error
    @(269.0400 mm, 133.7000 mm): PTH pad 12 [UART0_TX] of J5
    @(160.8000 mm, 62.0250 mm): Pad 18 [UART0_TX] of J11 on F.Cu
[unconnected_items]: Missing connection between items
    Local override; error
    @(195.8000 mm, 62.0250 mm): Pad 150 [UART1_RX] of J11 on F.Cu
    @(298.2910 mm, 195.1781 mm): Track [UART1_RX] on F.Cu, length 32.9384 mm
[unconnected_items]: Missing connection between items
    Local override; error
    @(192.3000 mm, 62.0250 mm): Pad 144 [MCU_EN] of J11 on F.Cu
    @(287.5078 mm, 169.5000 mm): Track [MCU_EN] on F.Cu, length 0.5078 mm
[unconnected_items]: Missing connection between items
    Local override; error
    @(161.3000 mm, 62.0250 mm): Pad 20 [UART2_TX] of J11 on F.Cu
    @(272.6000 mm, 174.0000 mm): Track [UART2_TX] on F.Cu, length 2.6000 mm
[unconnected_items]: Missing connection between items
    Local override; error
    @(195.0500 mm, 70.2250 mm): Pad 147 [I2C1_SDA] of J11 on F.Cu
    @(280.3878 mm, 170.0000 mm): Track [I2C1_SDA] on F.Cu, length 0.3878 mm
[unconnected_items]: Missing connection between items
    Local override; error
    @(274.6400 mm, 173.5000 mm): Track [UART1_TX] on F.Cu, length 1.6400 mm
    @(161.0000 mm, 74.5000 mm): Track [UART1_TX] on B.Cu, length 4.2426 mm
[unconnected_items]: Missing connection between items
    Local override; error
    @(194.5500 mm, 70.2250 mm): Pad 145 [MCU_BOOT1] of J11 on F.Cu
    @(310.9910 mm, 195.4910 mm): Track [MCU_BOOT1] on F.Cu, length 38.1710 mm
[unconnected_items]: Missing connection between items
    Local override; error
    @(194.8000 mm, 62.0250 mm): Pad 146 [I2C0_SDA] of J11 on F.Cu
    @(279.0000 mm, 169.5000 mm): Track [I2C0_SDA] on F.Cu, length 3.4278 mm
[unconnected_items]: Missing connection between items
    Local override; error
    @(160.0335 mm, 75.9664 mm): Via [I2C0_SCL] on F.Cu - B.Cu
    @(167.9010 mm, 83.8339 mm): Track [I2C0_SCL] on B.Cu, length 0.0671 mm
[unconnected_items]: Missing connection between items
    Local override; error
    @(196.0500 mm, 70.2250 mm): Pad 151 [UART2_RX] of J11 on F.Cu
    @(293.9729 mm, 198.5400 mm): Track [UART2_RX] on F.Cu, length 34.6099 mm
[unconnected_items]: Missing connection between items
    Local override; error
    @(160.3000 mm, 62.0250 mm): Pad 16 [I2C1_SCL] of J11 on F.Cu
    @(287.2600 mm, 178.5000 mm): Track [I2C1_SCL] on B.Cu, length 25.7436 mm
[unconnected_items]: Missing connection between items
    Local override; error
    @(159.5000 mm, 71.5000 mm): Via [MCU_RST_N] on F.Cu - B.Cu
    @(160.0577 mm, 76.9423 mm): Via [MCU_RST_N] on F.Cu - B.Cu
[unconnected_items]: Missing connection between items
    Local override; error
    @(160.0577 mm, 76.9423 mm): Via [MCU_RST_N] on F.Cu - B.Cu
    @(261.1154 mm, 178.0000 mm): Track [MCU_RST_N] on B.Cu, length 33.5746 mm
[unconnected_items]: Missing connection between items
    Local override; error
    @(195.3000 mm, 62.0250 mm): Pad 148 [I2C2_SDA] of J11 on F.Cu
    @(276.9101 mm, 169.0000 mm): Track [I2C2_SDA] on F.Cu, length 0.4101 mm
[unconnected_items]: Missing connection between items
    Local override; error
    @(159.8000 mm, 62.0250 mm): Pad 14 [MCU_BOOT0] of J11 on F.Cu
    @(192.0000 mm, 90.5000 mm): Track [MCU_BOOT0] on F.Cu, length 26.8701 mm
[unconnected_items]: Missing connection between items
    Local override; error
    @(301.0000 mm, 194.0000 mm): Track [I2C2_SCL] on F.Cu, length 25.4558 mm
    @(302.2200 mm, 196.0000 mm): PTH pad 33 [I2C2_SCL] of J6
[unconnected_items]: Missing connection between items
    Local override; error
    @(302.2200 mm, 196.0000 mm): PTH pad 33 [I2C2_SCL] of J6
    @(258.0000 mm, 138.0000 mm): Track [I2C2_SCL] on B.Cu, length 77.0746 mm
[unconnected_items]: Missing connection between items
    Local override; error
    @(156.5000 mm, 68.0000 mm): Track [VCC_IN] on F.Cu, length 0.0671 mm
    @(261.3661 mm, 176.7990 mm): Track [VCC_IN] on B.Cu, length 0.1167 mm
[unconnected_items]: Missing connection between items
    Local override; error
    @(91.3501 mm, 117.8000 mm): Track [/UCE board/VDD_MCU_CTL_3v3] on F.Cu, length 1.1499 mm
    @(98.5000 mm, 118.0000 mm): Rectangle [/UCE board/VDD_MCU_CTL_3v3] on F.Cu
[unconnected_items]: Missing connection between items
    Local override; error
    @(68.5400 mm, 124.2400 mm): PTH pad 14 [NET_D2_EVEN] of J3
    @(68.5400 mm, 126.7800 mm): PTH pad 16 [NET_D2_EVEN] of J3
[unconnected_items]: Missing connection between items
    Local override; error
    @(169.5500 mm, 70.2250 mm): Pad 53 [NET_D2_EVEN] of J11 on F.Cu
    @(68.5400 mm, 124.2400 mm): PTH pad 14 [NET_D2_EVEN] of J3
[unconnected_items]: Missing connection between items
    Local override; error
    @(127.0000 mm, 66.8500 mm): Pad 2 [+1v8] of U4 on F.Cu
    @(127.0000 mm, 73.1500 mm): Pad 2 [+1v8] of U4 on F.Cu
[unconnected_items]: Missing connection between items
    Local override; error
    @(337.5000 mm, 198.5000 mm): Track [+5V] on F.Cu, length 0.4600 mm
    @(337.7800 mm, 196.0000 mm): PTH pad 5 [+5V] of J6
[unconnected_items]: Missing connection between items
    Local override; error
    @(238.5000 mm, 196.0000 mm): PTH pad 52 [+5V] of J10
    @(238.5000 mm, 198.5400 mm): PTH pad 51 [+5V] of J10
[unconnected_items]: Missing connection between items
    Local override; error
    @(64.2600 mm, 196.0000 mm): PTH pad 8 [+5V] of J9
    @(64.2600 mm, 198.5400 mm): PTH pad 7 [+5V] of J9
[unconnected_items]: Missing connection between items
    Local override; error
    @(179.3000 mm, 62.0250 mm): Pad 92 [+5V] of J11 on F.Cu
    @(172.8000 mm, 62.0250 mm): Pad 66 [+5V] of J11 on F.Cu
[unconnected_items]: Missing connection between items
    Local override; error
    @(214.0500 mm, 70.2250 mm): Pad 223 [+5V] of J11 on F.Cu
    @(207.5500 mm, 70.2250 mm): Pad 197 [+5V] of J11 on F.Cu
[unconnected_items]: Missing connection between items
    Local override; error
    @(189.8000 mm, 62.0250 mm): Pad 134 [+5V] of J11 on F.Cu
    @(179.3000 mm, 62.0250 mm): Pad 92 [+5V] of J11 on F.Cu
[unconnected_items]: Missing connection between items
    Local override; error
    @(172.8000 mm, 62.0250 mm): Pad 66 [+5V] of J11 on F.Cu
    @(157.0500 mm, 71.4500 mm): Track [+5V] on F.Cu, length 1.2250 mm
[unconnected_items]: Missing connection between items
    Local override; error
    @(189.8000 mm, 62.0250 mm): Pad 134 [+5V] of J11 on F.Cu
    @(207.5500 mm, 70.2250 mm): Pad 197 [+5V] of J11 on F.Cu
[unconnected_items]: Missing connection between items
    Local override; error
    @(334.3619 mm, 200.1381 mm): Track [+5V] on F.Cu, length 6.2252 mm
    @(306.0000 mm, 205.5000 mm): Track [+5V] on F.Cu, length 0.2135 mm
[unconnected_items]: Missing connection between items
    Local override; error
    @(198.3733 mm, 206.0456 mm): Track [+5V] on F.Cu, length 1.1722 mm
    @(238.5000 mm, 198.5400 mm): PTH pad 51 [+5V] of J10
[unconnected_items]: Missing connection between items
    Local override; error
    @(306.0000 mm, 205.5000 mm): Track [+5V] on F.Cu, length 0.2135 mm
    @(238.5000 mm, 198.5400 mm): PTH pad 51 [+5V] of J10
[unconnected_items]: Missing connection between items
    Local override; error
    @(72.6810 mm, 200.9010 mm): Track [+5V] on B.Cu, length 7.9182 mm
    @(190.2400 mm, 196.0000 mm): Track [+5V] on F.Cu, length 2.5400 mm
[unconnected_items]: Missing connection between items
    Local override; error
    @(187.2800 mm, 198.9600 mm): Track [+12V] on B.Cu, length 0.5940 mm
    @(187.7000 mm, 142.2000 mm): Track [+12V] on B.Cu, length 53.8000 mm
[unconnected_items]: Missing connection between items
    Local override; error
    @(93.4050 mm, 117.2490 mm): Track [+12V] on F.Cu, length 0.7288 mm
    @(116.4265 mm, 98.5000 mm): Track [+12V] on F.Cu, length 1.0735 mm
[unconnected_items]: Missing connection between items
    Local override; error
    @(87.7880 mm, 139.8650 mm): Track [+12V] on F.Cu, length 1.2700 mm
    @(75.7400 mm, 206.5000 mm): PTH pad 2 [+12V] of J24
[unconnected_items]: Missing connection between items
    Local override; error
    @(327.4200 mm, 206.5000 mm): PTH pad 2 [+12V] of J30
    @(195.8333 mm, 206.0456 mm): Track [+12V] on F.Cu, length 3.7131 mm
[unconnected_items]: Missing connection between items
    Local override; error
    @(194.4728 mm, 200.4728 mm): Track [+3.3V] on F.Cu, length 1.4126 mm
    @(80.8200 mm, 206.5000 mm): PTH pad 6 [+3.3V] of J24
[unconnected_items]: Missing connection between items
    Local override; error
    @(141.0000 mm, 76.0000 mm): Track [+3.3V] on B.Cu, length 1.5000 mm
    @(194.4728 mm, 200.4728 mm): Track [+3.3V] on F.Cu, length 1.4126 mm
[unconnected_items]: Missing connection between items
    Local override; error
    @(68.5400 mm, 111.5400 mm): PTH pad 4 [VCC_3V3] of J3
    @(66.0000 mm, 111.5400 mm): PTH pad 3 [VCC_3V3] of J3
[unconnected_items]: Missing connection between items
    Local override; error
    @(241.0400 mm, 198.5400 mm): PTH pad 53 [VCC_3V3] of J10
    @(243.5800 mm, 196.0000 mm): PTH pad 56 [VCC_3V3] of J10
[unconnected_items]: Missing connection between items
    Local override; error
    @(66.8000 mm, 198.5400 mm): PTH pad 9 [VCC_3V3] of J9
    @(69.3400 mm, 196.0000 mm): PTH pad 12 [VCC_3V3] of J9
[unconnected_items]: Missing connection between items
    Local override; error
    @(173.0500 mm, 70.2250 mm): Pad 67 [VCC_3V3] of J11 on F.Cu
    @(179.5500 mm, 70.2250 mm): Pad 93 [VCC_3V3] of J11 on F.Cu
[unconnected_items]: Missing connection between items
    Local override; error
    @(207.8000 mm, 62.0250 mm): Pad 198 [VCC_3V3] of J11 on F.Cu
    @(214.5500 mm, 70.2250 mm): Pad 225 [VCC_3V3] of J11 on F.Cu
[unconnected_items]: Missing connection between items
    Local override; error
    @(190.3000 mm, 62.0250 mm): Pad 136 [VCC_3V3] of J11 on F.Cu
    @(179.5500 mm, 70.2250 mm): Pad 93 [VCC_3V3] of J11 on F.Cu
[unconnected_items]: Missing connection between items
    Local override; error
    @(207.8000 mm, 62.0250 mm): Pad 198 [VCC_3V3] of J11 on F.Cu
    @(190.3000 mm, 62.0250 mm): Pad 136 [VCC_3V3] of J11 on F.Cu
[unconnected_items]: Missing connection between items
    Local override; error
    @(173.0500 mm, 70.2250 mm): Pad 67 [VCC_3V3] of J11 on F.Cu
    @(157.3000 mm, 62.0250 mm): Pad 4 [VCC_3V3] of J11 on F.Cu
[unconnected_items]: Missing connection between items
    Local override; error
    @(241.0400 mm, 198.5400 mm): PTH pad 53 [VCC_3V3] of J10
    @(192.7800 mm, 196.0000 mm): Track [VCC_3V3] on F.Cu, length 2.5400 mm
[unconnected_items]: Missing connection between items
    Local override; error
    @(243.5800 mm, 196.0000 mm): PTH pad 56 [VCC_3V3] of J10
    @(327.2671 mm, 190.0000 mm): Track [VCC_3V3] on B.Cu, length 10.7671 mm
[unconnected_items]: Missing connection between items
    Local override; error
    @(269.0400 mm, 121.0000 mm): PTH pad 2 [VCC_3V3] of J5
    @(214.5500 mm, 70.2250 mm): Pad 225 [VCC_3V3] of J11 on F.Cu
[unconnected_items]: Missing connection between items
    Local override; error
    @(243.5800 mm, 196.0000 mm): PTH pad 56 [VCC_3V3] of J10
    @(269.0400 mm, 121.0000 mm): PTH pad 2 [VCC_3V3] of J5
[unconnected_items]: Missing connection between items
    Local override; error
    @(69.3400 mm, 196.0000 mm): PTH pad 12 [VCC_3V3] of J9
    @(68.5400 mm, 111.5400 mm): PTH pad 4 [VCC_3V3] of J3
[unconnected_items]: Missing connection between items
    Local override; error
    @(157.3000 mm, 62.0250 mm): Pad 4 [VCC_3V3] of J11 on F.Cu
    @(68.5400 mm, 111.5400 mm): PTH pad 4 [VCC_3V3] of J3
[unconnected_items]: Missing connection between items
    Local override; error
    @(243.5800 mm, 198.5400 mm): PTH pad 55 [VCC_1V8] of J10
    @(241.0400 mm, 196.0000 mm): PTH pad 54 [VCC_1V8] of J10
[unconnected_items]: Missing connection between items
    Local override; error
    @(66.8000 mm, 196.0000 mm): PTH pad 10 [VCC_1V8] of J9
    @(69.3400 mm, 198.5400 mm): PTH pad 11 [VCC_1V8] of J9
[unconnected_items]: Missing connection between items
    Local override; error
    @(179.8000 mm, 62.0250 mm): Pad 94 [VCC_1V8] of J11 on F.Cu
    @(173.3000 mm, 62.0250 mm): Pad 68 [VCC_1V8] of J11 on F.Cu
[unconnected_items]: Missing connection between items
    Local override; error
    @(208.0500 mm, 70.2250 mm): Pad 199 [VCC_1V8] of J11 on F.Cu
    @(214.3000 mm, 62.0250 mm): Pad 224 [VCC_1V8] of J11 on F.Cu
[unconnected_items]: Missing connection between items
    Local override; error
    @(190.0500 mm, 70.2250 mm): Pad 135 [VCC_1V8] of J11 on F.Cu
    @(179.8000 mm, 62.0250 mm): Pad 94 [VCC_1V8] of J11 on F.Cu
[unconnected_items]: Missing connection between items
    Local override; error
    @(173.3000 mm, 62.0250 mm): Pad 68 [VCC_1V8] of J11 on F.Cu
    @(157.5500 mm, 70.2250 mm): Track [VCC_1V8] on F.Cu, length 2.1750 mm
[unconnected_items]: Missing connection between items
    Local override; error
    @(208.0500 mm, 70.2250 mm): Pad 199 [VCC_1V8] of J11 on F.Cu
    @(190.0500 mm, 70.2250 mm): Pad 135 [VCC_1V8] of J11 on F.Cu
[unconnected_items]: Missing connection between items
    Local override; error
    @(241.0400 mm, 196.0000 mm): PTH pad 54 [VCC_1V8] of J10
    @(195.3200 mm, 196.0000 mm): Track [VCC_1V8] on F.Cu, length 2.5400 mm
[unconnected_items]: Missing connection between items
    Local override; error
    @(243.5800 mm, 198.5400 mm): PTH pad 55 [VCC_1V8] of J10
    @(327.2000 mm, 190.5000 mm): Track [VCC_1V8] on B.Cu, length 10.7000 mm
[unconnected_items]: Missing connection between items
    Local override; error
    @(69.3400 mm, 198.5400 mm): PTH pad 11 [VCC_1V8] of J9
    @(192.3200 mm, 193.0000 mm): Track [VCC_1V8] on F.Cu, length 0.8200 mm
[unconnected_items]: Missing connection between items
    Local override; error
    @(190.0500 mm, 70.2250 mm): Pad 135 [VCC_1V8] of J11 on F.Cu
    @(192.3200 mm, 193.0000 mm): Track [VCC_1V8] on F.Cu, length 0.8200 mm

** Found 23 Footprint errors **
[footprint_symbol_mismatch]: ACS37041:APS12628LLHALTBAP doesn't match footprint given by symbol (APS12628LLHALTBAP).
    Local override; warning
    @(115.4500 mm, 74.8000 mm): Footprint IC1
[footprint_symbol_mismatch]: ACS37041:APS12628LLHALTBAP doesn't match footprint given by symbol (APS12628LLHALTBAP).
    Local override; warning
    @(115.4118 mm, 85.9693 mm): Footprint IC2
[footprint_symbol_mismatch]: ACS37041:APS12628LLHALTBAP doesn't match footprint given by symbol (APS12628LLHALTBAP).
    Local override; warning
    @(115.4765 mm, 97.3000 mm): Footprint IC3
[net_conflict]: No pad found for pin MP1 in schematic.
    Local override; warning
    @(189.9250 mm, 58.2000 mm): Footprint J11
[net_conflict]: No pad found for pin MP2 in schematic.
    Local override; warning
    @(189.9250 mm, 58.2000 mm): Footprint J11
[missing_footprint]: Missing footprint J7 (Conn_02x08_Odd_Even)
    Local override; warning
[missing_footprint]: Missing footprint J8 (Conn_01x08_Pin)
    Local override; warning
[footprint_symbol_mismatch]: Value (J24) doesn't match symbol value (PINHD_2x3_Male).
    Local override; warning
    @(75.7400 mm, 209.0400 mm): Footprint J24
[footprint_symbol_mismatch]: Connector_PinHeader_2.54mm:PinHeader_2x03_P2.54mm_Vertical doesn't match footprint given by symbol (Connector_PinHeader_2.54mm:PinHeader_2x02_P2.54mm_Vertical).
    Local override; warning
    @(75.7400 mm, 209.0400 mm): Footprint J24
[net_conflict]: Pad net (/Power/Power Rails/Vout_external_1) doesn't match net given by schematic (unconnected-(J24-Pad1)).
    Local override; warning
    @(75.7400 mm, 209.0400 mm): PTH pad 1 [/Power/Power Rails/Vout_external_1] of J24
[net_conflict]: Pad net (+12V) doesn't match net given by schematic (unconnected-(J24-Pad2)).
    Local override; warning
    @(75.7400 mm, 206.5000 mm): PTH pad 2 [+12V] of J24
[net_conflict]: Pad net (/Power/Power Rails/Vout_external_1) doesn't match net given by schematic (unconnected-(J24-Pad3)).
    Local override; warning
    @(78.2800 mm, 209.0400 mm): PTH pad 3 [/Power/Power Rails/Vout_external_1] of J24
[net_conflict]: Pad net (+5V) doesn't match net given by schematic (unconnected-(J24-Pad4)).
    Local override; warning
    @(78.2800 mm, 206.5000 mm): PTH pad 4 [+5V] of J24
[net_conflict]: No corresponding pin found in schematic.
    Local override; warning
    @(80.8200 mm, 209.0400 mm): PTH pad 5 [/Power/Power Rails/Vout_external_1] of J24
[net_conflict]: No corresponding pin found in schematic.
    Local override; warning
    @(80.8200 mm, 206.5000 mm): PTH pad 6 [+3.3V] of J24
[footprint_symbol_mismatch]: Value (J30) doesn't match symbol value (PINHD_2x3_Male).
    Local override; warning
    @(327.4200 mm, 209.0400 mm): Footprint J30
[footprint_symbol_mismatch]: Connector_PinHeader_2.54mm:PinHeader_2x03_P2.54mm_Vertical doesn't match footprint given by symbol (Connector_PinHeader_2.54mm:PinHeader_2x02_P2.54mm_Vertical).
    Local override; warning
    @(327.4200 mm, 209.0400 mm): Footprint J30
[net_conflict]: Pad net (/Power/Power Rails/Vout_external_3) doesn't match net given by schematic (unconnected-(J30-Pad1)).
    Local override; warning
    @(327.4200 mm, 209.0400 mm): PTH pad 1 [/Power/Power Rails/Vout_external_3] of J30
[net_conflict]: Pad net (+12V) doesn't match net given by schematic (unconnected-(J30-Pad2)).
    Local override; warning
    @(327.4200 mm, 206.5000 mm): PTH pad 2 [+12V] of J30
[net_conflict]: Pad net (/Power/Power Rails/Vout_external_3) doesn't match net given by schematic (unconnected-(J30-Pad3)).
    Local override; warning
    @(329.9600 mm, 209.0400 mm): PTH pad 3 [/Power/Power Rails/Vout_external_3] of J30
[net_conflict]: Pad net (+5V) doesn't match net given by schematic (unconnected-(J30-Pad4)).
    Local override; warning
    @(329.9600 mm, 206.5000 mm): PTH pad 4 [+5V] of J30
[net_conflict]: No corresponding pin found in schematic.
    Local override; warning
    @(332.5000 mm, 209.0400 mm): PTH pad 5 [/Power/Power Rails/Vout_external_3] of J30
[net_conflict]: No corresponding pin found in schematic.
    Local override; warning
    @(332.5000 mm, 206.5000 mm): PTH pad 6 [+3.3V] of J30

** End of Report **
