** Drc report for KEPR.kicad_pcb **
** Created on 2026-01-13T01:23:37+0000 **

** Found 165 DRC violations **
[track_dangling]: Track has unconnected end
    Local override; warning
    @(133.5510 mm, 88.0801 mm): Track [GND] on F.Cu, length 0.0068 mm
[track_dangling]: Track has unconnected end
    Local override; warning
    @(178.9500 mm, 46.7750 mm): Track [GND] on F.Cu, length 0.7071 mm
[track_dangling]: Track has unconnected end
    Local override; warning
    @(178.9500 mm, 46.2750 mm): Track [GND] on F.Cu, length 1.0000 mm
[via_dangling]: Via is not connected or connected on only one layer
    Local override; warning
    @(177.0000 mm, 134.0000 mm): Via [GND] on F.Cu - B.Cu
[via_dangling]: Via is not connected or connected on only one layer
    Local override; warning
    @(181.0000 mm, 33.5000 mm): Via [GND] on F.Cu - B.Cu
[via_dangling]: Via is not connected or connected on only one layer
    Local override; warning
    @(186.7473 mm, 80.2750 mm): Via [GND] on F.Cu - B.Cu
[via_dangling]: Via is not connected or connected on only one layer
    Local override; warning
    @(188.7428 mm, 80.2750 mm): Via [GND] on F.Cu - B.Cu
[via_dangling]: Via is not connected or connected on only one layer
    Local override; warning
    @(193.2611 mm, 80.2750 mm): Via [GND] on F.Cu - B.Cu
[via_dangling]: Via is not connected or connected on only one layer
    Local override; warning
    @(302.0000 mm, 131.0000 mm): Via [GND] on F.Cu - B.Cu
[via_dangling]: Via is not connected or connected on only one layer
    Local override; warning
    @(56.0000 mm, 33.5000 mm): Via [GND] on F.Cu - B.Cu
[track_dangling]: Track has unconnected end
    Local override; warning
    @(186.1661 mm, 80.5990 mm): Track [GND] on B.Cu, length 2.6884 mm
[track_dangling]: Track has unconnected end
    Local override; warning
    @(58.0000 mm, 54.5000 mm): Track [GND] on B.Cu, length 2.0000 mm
[track_dangling]: Track has unconnected end
    Local override; warning
    @(292.0000 mm, 223.0000 mm): Track [GND] on B.Cu, length 2.5000 mm
[track_dangling]: Track has unconnected end
    Local override; warning
    @(173.2500 mm, 50.9750 mm): Track [GND] on B.Cu, length 6.6468 mm
[track_dangling]: Track has unconnected end
    Local override; warning
    @(183.0000 mm, 97.6579 mm): Track [I2S_BCLK] on F.Cu, length 5.7750 mm
[via_dangling]: Via is not connected or connected on only one layer
    Local override; warning
    @(226.0000 mm, 82.5000 mm): Via [DBG_SWCLK] on F.Cu - B.Cu
[track_dangling]: Track has unconnected end
    Local override; warning
    @(174.3250 mm, 97.7750 mm): Track [GPIO0] on F.Cu, length 4.3031 mm
[track_dangling]: Track has unconnected end
    Local override; warning
    @(177.3678 mm, 94.6928 mm): Track [GPIO0] on F.Cu, length 0.1163 mm
[track_dangling]: Track has unconnected end
    Local override; warning
    @(277.6123 mm, 69.9060 mm): Track [MOD_TYPE0] on F.Cu, length 12.6123 mm
[track_dangling]: Track has unconnected end
    Local override; warning
    @(180.0000 mm, 96.5237 mm): Track [GPIO6] on F.Cu, length 3.7486 mm
[via_dangling]: Via is not connected or connected on only one layer
    Local override; warning
    @(227.0124 mm, 81.2523 mm): Via [DBG_UART_RX] on F.Cu - B.Cu
[via_dangling]: Via is not connected or connected on only one layer
    Local override; warning
    @(173.0000 mm, 95.0000 mm): Via [PWR_GOOD] on F.Cu - B.Cu
[track_dangling]: Track has unconnected end
    Local override; warning
    @(337.5400 mm, 198.5000 mm): Track [PWR_GOOD] on B.Cu, length 46.0400 mm
[track_dangling]: Track has unconnected end
    Local override; warning
    @(176.9500 mm, 100.7079 mm): Track [PWM2] on F.Cu, length 0.0671 mm
[track_dangling]: Track has unconnected end
    Local override; warning
    @(96.0000 mm, 200.0000 mm): Track [UART0_DCD] on B.Cu, length 6.0000 mm
[track_dangling]: Track has unconnected end
    Local override; warning
    @(238.3758 mm, 83.7750 mm): Track [DBG_TMS] on F.Cu, length 0.3758 mm
[track_dangling]: Track has unconnected end
    Local override; warning
    @(180.5000 mm, 96.5908 mm): Track [PWM0] on F.Cu, length 4.4082 mm
[track_dangling]: Track has unconnected end
    Local override; warning
    @(283.0000 mm, 57.0000 mm): Track [DBG_VREF] on F.Cu, length 1.4142 mm
[via_dangling]: Via is not connected or connected on only one layer
    Local override; warning
    @(171.8213 mm, 76.6816 mm): Via [VREF_IO] on F.Cu - B.Cu
[via_dangling]: Via is not connected or connected on only one layer
    Local override; warning
    @(173.3500 mm, 82.3000 mm): Via [VREF_IO] on F.Cu - B.Cu
[track_dangling]: Track has unconnected end
    Local override; warning
    @(341.6600 mm, 195.0000 mm): Track [VREF_IO] on B.Cu, length 53.3278 mm
[track_dangling]: Track has unconnected end
    Local override; warning
    @(182.0000 mm, 97.1579 mm): Track [AIN1] on F.Cu, length 6.4347 mm
[track_dangling]: Track has unconnected end
    Local override; warning
    @(162.9500 mm, 106.4421 mm): Track [UART3_TX] on F.Cu, length 0.8329 mm
[track_dangling]: Track has unconnected end
    Local override; warning
    @(95.0000 mm, 191.0000 mm): Track [UART3_TX] on B.Cu, length 3.5355 mm
[track_dangling]: Track has unconnected end
    Local override; warning
    @(172.4550 mm, 99.2055 mm): Track [SPI1_MISO] on F.Cu, length 1.5125 mm
[track_dangling]: Track has unconnected end
    Local override; warning
    @(94.6110 mm, 194.8890 mm): Track [UART0_CTS] on B.Cu, length 0.5501 mm
[track_dangling]: Track has unconnected end
    Local override; warning
    @(93.4600 mm, 194.5400 mm): Track [UART0_RTS] on B.Cu, length 0.0566 mm
[track_dangling]: Track has unconnected end
    Local override; warning
    @(235.0000 mm, 111.0000 mm): Track [UART3_RX] on In1.Cu, length 19.5000 mm
[track_dangling]: Track has unconnected end
    Local override; warning
    @(196.2500 mm, 98.7500 mm): Track [UART3_RX] on In1.Cu, length 1.5709 mm
[track_dangling]: Track has unconnected end
    Local override; warning
    @(177.5000 mm, 92.6579 mm): Track [SPI0_CS1] on F.Cu, length 0.0218 mm
[track_dangling]: Track has unconnected end
    Local override; warning
    @(170.4500 mm, 100.6434 mm): Track [SPI0_CS1] on F.Cu, length 0.1316 mm
[track_dangling]: Track has unconnected end
    Local override; warning
    @(163.4500 mm, 106.5092 mm): Track [UART0_DSR] on F.Cu, length 0.2658 mm
[track_dangling]: Track has unconnected end
    Local override; warning
    @(97.1510 mm, 194.1510 mm): Track [UART0_DSR] on B.Cu, length 0.2135 mm
[track_dangling]: Track has unconnected end
    Local override; warning
    @(179.5000 mm, 94.0901 mm): Track [GPIO4] on F.Cu, length 6.4347 mm
[via_dangling]: Via is not connected or connected on only one layer
    Local override; warning
    @(226.5111 mm, 81.8758 mm): Via [DBG_TDO] on F.Cu - B.Cu
[via_dangling]: Via is not connected or connected on only one layer
    Local override; warning
    @(172.7000 mm, 75.8028 mm): Via [VIO_BANK2] on F.Cu - B.Cu
[track_dangling]: Track has unconnected end
    Local override; warning
    @(169.9500 mm, 100.5763 mm): Track [SPI0_SCK] on F.Cu, length 0.1987 mm
[track_dangling]: Track has unconnected end
    Local override; warning
    @(182.5000 mm, 97.2250 mm): Track [AIN3] on F.Cu, length 6.4347 mm
[track_dangling]: Track has unconnected end
    Local override; warning
    @(181.5000 mm, 96.7250 mm): Track [IR_RX_IN] on F.Cu, length 5.7276 mm
[track_dangling]: Track has unconnected end
    Local override; warning
    @(183.5000 mm, 97.7250 mm): Track [I2S_MCLK] on F.Cu, length 7.8489 mm
[track_dangling]: Track has unconnected end
    Local override; warning
    @(179.0000 mm, 93.7250 mm): Track [GPIO2] on F.Cu, length 6.4347 mm
[track_dangling]: Track has unconnected end
    Local override; warning
    @(294.0671 mm, 175.5000 mm): Track [UART0_RX] on F.Cu, length 1.0671 mm
[track_dangling]: Track has unconnected end
    Local override; warning
    @(276.3510 mm, 138.8510 mm): Track [UART0_RX] on F.Cu, length 13.9314 mm
[track_dangling]: Track has unconnected end
    Local override; warning
    @(316.1800 mm, 198.6800 mm): Track [UART0_TX] on F.Cu, length 20.0535 mm
[track_dangling]: Track has unconnected end
    Local override; warning
    @(312.3742 mm, 180.8742 mm): Track [MCU_EN] on F.Cu, length 13.9643 mm
[track_dangling]: Track has unconnected end
    Local override; warning
    @(289.1000 mm, 178.0000 mm): Track [UART2_TX] on F.Cu, length 2.6000 mm
[via_dangling]: Via is not connected or connected on only one layer
    Local override; warning
    @(176.2680 mm, 82.0000 mm): Via [UART2_TX] on F.Cu - B.Cu
[track_dangling]: Track has unconnected end
    Local override; warning
    @(296.8878 mm, 174.0000 mm): Track [I2C1_SDA] on F.Cu, length 0.3878 mm
[track_dangling]: Track has unconnected end
    Local override; warning
    @(291.1400 mm, 177.5000 mm): Track [UART1_TX] on F.Cu, length 1.6400 mm
[track_dangling]: Track has unconnected end
    Local override; warning
    @(176.9500 mm, 92.7750 mm): Track [UART1_TX] on In2.Cu, length 22.6274 mm
[track_dangling]: Track has unconnected end
    Local override; warning
    @(327.4910 mm, 199.4910 mm): Track [MCU_BOOT1] on F.Cu, length 38.1710 mm
[track_dangling]: Track has unconnected end
    Local override; warning
    @(295.5000 mm, 173.5000 mm): Track [I2C0_SDA] on F.Cu, length 3.4278 mm
[track_dangling]: Track has unconnected end
    Local override; warning
    @(271.0000 mm, 174.5000 mm): Track [I2C0_SCL] on In1.Cu, length 9.8995 mm
[track_dangling]: Track has unconnected end
    Local override; warning
    @(177.7750 mm, 95.2750 mm): Track [I2C0_SCL] on In2.Cu, length 8.0964 mm
[track_dangling]: Track has unconnected end
    Local override; warning
    @(310.4729 mm, 202.5400 mm): Track [UART2_RX] on F.Cu, length 34.6099 mm
[track_dangling]: Track has unconnected end
    Local override; warning
    @(293.8590 mm, 172.5990 mm): Track [I2C1_SCL] on F.Cu, length 8.6600 mm
[track_dangling]: Track has unconnected end
    Local override; warning
    @(184.4500 mm, 86.7750 mm): Track [I2C1_SCL] on B.Cu, length 1.6000 mm
[track_dangling]: Track has unconnected end
    Local override; warning
    @(305.4420 mm, 182.0000 mm): Track [MCU_RST_N] on B.Cu, length 0.0014 mm
[track_dangling]: Track has unconnected end
    Local override; warning
    @(277.5000 mm, 182.0000 mm): Track [MCU_RST_N] on In1.Cu, length 9.8995 mm
[track_dangling]: Track has unconnected end
    Local override; warning
    @(189.5000 mm, 108.5000 mm): Track [MCU_RST_N] on In2.Cu, length 1.0000 mm
[track_dangling]: Track has unconnected end
    Local override; warning
    @(293.4101 mm, 173.0000 mm): Track [I2C2_SDA] on F.Cu, length 0.4101 mm
[via_dangling]: Via is not connected or connected on only one layer
    Local override; warning
    @(134.6010 mm, 77.0000 mm): Via [/UCE board/+3.3v Shunt Out] on F.Cu - B.Cu
[track_dangling]: Track has unconnected end
    Local override; warning
    @(131.0000 mm, 80.0000 mm): Track [+3v3 Shunt] on F.Cu, length 5.5000 mm
[track_dangling]: Track has unconnected end
    Local override; warning
    @(127.1000 mm, 90.9000 mm): Track [+5v Shunt] on F.Cu, length 0.1414 mm
[track_dangling]: Track has unconnected end
    Local override; warning
    @(119.5000 mm, 103.0000 mm): Track [+12v Shunt] on F.Cu, length 0.7071 mm
[track_dangling]: Track has unconnected end
    Local override; warning
    @(108.1000 mm, 134.0000 mm): Track [Net-(BT1-+)] on B.Cu, length 0.6010 mm
[track_dangling]: Track has unconnected end
    Local override; warning
    @(112.8547 mm, 141.9510 mm): Track [/UCE board/VDDA_MCU_CTL_3] on F.Cu, length 0.1453 mm
[track_dangling]: Track has unconnected end
    Local override; warning
    @(346.4600 mm, 213.0400 mm): Track [/Power/Power Rails/Vout_external_3] on F.Cu, length 2.5400 mm
[track_dangling]: Track has unconnected end
    Local override; warning
    @(208.8200 mm, 197.0000 mm): Track [+1v8] on F.Cu, length 0.8200 mm
[track_dangling]: Track has unconnected end
    Local override; warning
    @(288.0671 mm, 194.5000 mm): Track [+1v8] on B.Cu, length 0.5671 mm
[track_dangling]: Track has unconnected end
    Local override; warning
    @(322.5000 mm, 209.5000 mm): Track [+5V] on F.Cu, length 0.2135 mm
[track_dangling]: Track has unconnected end
    Local override; warning
    @(107.2001 mm, 135.9500 mm): Track [+12V] on F.Cu, length 0.1768 mm
[track_dangling]: Track has unconnected end
    Local override; warning
    @(212.3333 mm, 210.0456 mm): Track [+12V] on F.Cu, length 2.1858 mm
[track_dangling]: Track has unconnected end
    Local override; warning
    @(349.0000 mm, 210.5000 mm): Track [+3.3V] on F.Cu, length 1.5000 mm
[track_dangling]: Track has unconnected end
    Local override; warning
    @(322.5000 mm, 208.5000 mm): Track [+3.3V] on F.Cu, length 0.5000 mm
[via_dangling]: Via is not connected or connected on only one layer
    Local override; warning
    @(92.5000 mm, 208.0000 mm): Via [+3.3V] on F.Cu - B.Cu
[track_dangling]: Track has unconnected end
    Local override; warning
    @(171.9990 mm, 65.5010 mm): Track [+3.3V] on B.Cu, length 20.5047 mm
[track_dangling]: Track has unconnected end
    Local override; warning
    @(288.0000 mm, 194.0000 mm): Track [+3.3V] on B.Cu, length 0.7071 mm
[track_dangling]: Track has unconnected end
    Local override; warning
    @(292.0000 mm, 196.5000 mm): Track [unconnected-(J6-Pin_15-Pad15)] on B.Cu, length 0.7071 mm
[track_dangling]: Track has unconnected end
    Local override; warning
    @(116.5875 mm, 142.5875 mm): Track [VDD_MCU_CTL_3v3] on F.Cu, length 0.0875 mm
[via_dangling]: Via is not connected or connected on only one layer
    Local override; warning
    @(173.3500 mm, 81.5000 mm): Via [unconnected-(J11-Pad8)] on F.Cu - B.Cu
[via_dangling]: Via is not connected or connected on only one layer
    Local override; warning
    @(172.4343 mm, 95.5657 mm): Via [unconnected-(J11-Pad7)] on F.Cu - B.Cu
[shorting_items]: Items shorting two nets (nets unconnected-(J11-Pad8) and VIO_BANK2)
    Local override; error
    @(172.7000 mm, 75.8028 mm): Track [unconnected-(J11-Pad8)] on F.Cu, length 0.8721 mm
    @(172.7000 mm, 75.8028 mm): Via [VIO_BANK2] on F.Cu - B.Cu
[shorting_items]: Items shorting two nets (nets /Power/Power Rails/Vout_external_1 and unconnected-(J24-Pad3))
    Local override; error
    @(94.7800 mm, 217.5800 mm): Track [/Power/Power Rails/Vout_external_1] on F.Cu, length 4.5400 mm
    @(94.7800 mm, 213.0400 mm): PTH pad 3 [unconnected-(J24-Pad3)] of J24
[shorting_items]: Items shorting two nets (nets unconnected-(J24-Pad1) and /Power/Power Rails/Vout_external_1)
    Local override; error
    @(92.2400 mm, 213.0400 mm): PTH pad 1 [unconnected-(J24-Pad1)] of J24
    @(94.7800 mm, 213.0400 mm): Track [/Power/Power Rails/Vout_external_1] on F.Cu, length 2.5400 mm
[shorting_items]: Items shorting two nets (nets /Power/Power Rails/Vout_external_3 and unconnected-(J30-Pad1))
    Local override; error
    @(346.4600 mm, 213.0400 mm): Track [/Power/Power Rails/Vout_external_3] on F.Cu, length 2.5400 mm
    @(343.9200 mm, 213.0400 mm): PTH pad 1 [unconnected-(J30-Pad1)] of J30
[shorting_items]: Items shorting two nets (nets /Power/Power Rails/Vout_external_3 and unconnected-(J30-Pad3))
    Local override; error
    @(346.4600 mm, 213.0400 mm): Track [/Power/Power Rails/Vout_external_3] on F.Cu, length 1.4708 mm
    @(346.4600 mm, 213.0400 mm): PTH pad 3 [unconnected-(J30-Pad3)] of J30
[shorting_items]: Items shorting two nets (nets unconnected-(J30-Pad3) and /Power/Power Rails/Vout_external_3)
    Local override; error
    @(346.4600 mm, 213.0400 mm): PTH pad 3 [unconnected-(J30-Pad3)] of J30
    @(346.4600 mm, 213.0400 mm): Track [/Power/Power Rails/Vout_external_3] on F.Cu, length 2.5400 mm
[shorting_items]: Items shorting two nets (nets unconnected-(J30-Pad3) and /Power/Power Rails/Vout_external_3)
    Local override; error
    @(346.4600 mm, 213.0400 mm): PTH pad 3 [unconnected-(J30-Pad3)] of J30
    @(347.5000 mm, 214.0800 mm): Track [/Power/Power Rails/Vout_external_3] on F.Cu, length 4.7200 mm
[shorting_items]: Items shorting two nets (nets unconnected-(J24-Pad2) and +5V)
    Local override; error
    @(92.2400 mm, 210.5000 mm): PTH pad 2 [unconnected-(J24-Pad2)] of J24
    @(96.0000 mm, 206.7400 mm): Track [+5V] on F.Cu, length 5.3174 mm
[clearance]: Clearance violation (netclass 'Default' clearance 0.2000 mm; actual 0.0600 mm)
    Rule: netclass 'Default'; error
    @(97.5000 mm, 208.0000 mm): Via [+3.3V] on F.Cu - B.Cu
    @(206.2600 mm, 206.7400 mm): Track [+5V] on F.Cu, length 110.0200 mm
[shorting_items]: Items shorting two nets (nets unconnected-(J30-Pad4) and +5V)
    Local override; error
    @(346.4600 mm, 210.5000 mm): PTH pad 4 [unconnected-(J30-Pad4)] of J30
    @(346.4600 mm, 208.5400 mm): Track [+5V] on F.Cu, length 1.9600 mm
[shorting_items]: Items shorting two nets (nets unconnected-(J24-Pad2) and +5V)
    Local override; error
    @(92.2400 mm, 210.5000 mm): PTH pad 2 [unconnected-(J24-Pad2)] of J24
    @(92.2400 mm, 210.5000 mm): Track [+5V] on F.Cu, length 3.5200 mm
[clearance]: Clearance violation (netclass 'Default' clearance 0.2000 mm; actual 0.0641 mm)
    Rule: netclass 'Default'; error
    @(212.3333 mm, 210.0456 mm): Track [+12V] on F.Cu, length 8.4210 mm
    @(208.5000 mm, 208.0000 mm): Via [+3.3V] on F.Cu - B.Cu
[clearance]: Clearance violation (netclass 'Default' clearance 0.2000 mm; actual 0.1691 mm)
    Rule: netclass 'Default'; error
    @(132.9000 mm, 80.0000 mm): Track [+3.3V] on F.Cu, length 2.1000 mm
    @(135.9691 mm, 78.3681 mm): Track [/UCE board/+3.3v Shunt Out] on F.Cu, length 42.9129 mm
[shorting_items]: Items shorting two nets (nets unconnected-(J24-Pad4) and +3.3V)
    Local override; error
    @(94.7800 mm, 210.5000 mm): PTH pad 4 [unconnected-(J24-Pad4)] of J24
    @(97.2800 mm, 208.0000 mm): Track [+3.3V] on F.Cu, length 3.5355 mm
[clearance]: Clearance violation (netclass 'Default' clearance 0.2000 mm; actual 0.1691 mm)
    Rule: netclass 'Default'; error
    @(135.9691 mm, 78.3681 mm): Track [/UCE board/+3.3v Shunt Out] on F.Cu, length 42.9129 mm
    @(135.0000 mm, 80.0000 mm): Via [+3.3V] on F.Cu - B.Cu
[shorting_items]: Items shorting two nets (nets PWR_GOOD and unconnected-(J6-Pin_17-Pad17))
    Local override; error
    @(339.0400 mm, 200.0000 mm): Track [PWR_GOOD] on B.Cu, length 2.1213 mm
    @(339.0400 mm, 200.0000 mm): PTH pad 17 [unconnected-(J6-Pin_17-Pad17)] of J6
[shorting_items]: Items shorting two nets (nets unconnected-(J6-Pin_17-Pad17) and PWR_GOOD)
    Local override; error
    @(339.0400 mm, 200.0000 mm): PTH pad 17 [unconnected-(J6-Pin_17-Pad17)] of J6
    @(339.0400 mm, 202.5400 mm): Track [PWR_GOOD] on B.Cu, length 2.5400 mm
[shorting_items]: Items shorting two nets (nets GND and I2S_DIN)
    Local override; error
    @(164.5800 mm, 200.0000 mm): Track [GND] on B.Cu, length 1.6278 mm
    @(164.5800 mm, 200.0000 mm): PTH pad 74 [I2S_DIN] of J9
[clearance]: Clearance violation (netclass 'Default' clearance 0.2000 mm; actual 0.1112 mm)
    Rule: netclass 'Default'; error
    @(135.5000 mm, 124.0000 mm): Track [/UCE board/+3.3v Shunt Out] on F.Cu, length 21.2132 mm
    @(134.0800 mm, 127.0500 mm): PTH pad 1 [GND] of Brd1
[clearance]: Clearance violation (netclass 'Default' clearance 0.2000 mm; actual 0.1900 mm)
    Rule: netclass 'Default'; error
    @(132.9000 mm, 80.0000 mm): Track [+3.3V] on F.Cu, length 2.1000 mm
    @(131.0000 mm, 78.5844 mm): Track [+5v Shunt] on F.Cu, length 1.4156 mm
[clearance]: Clearance violation (netclass 'Default' clearance 0.2000 mm; actual 0.0990 mm)
    Rule: netclass 'Default'; error
    @(132.9000 mm, 80.0000 mm): Track [+3.3V] on F.Cu, length 2.1000 mm
    @(132.0010 mm, 79.5854 mm): Track [+5v Shunt] on F.Cu, length 6.8712 mm
[courtyards_overlap]: Courtyards overlap
    Rule: board setup constraints courtyard; error
    @(107.0000 mm, 144.5000 mm): Footprint U1
    @(113.8375 mm, 136.7500 mm): Footprint U2
[silk_edge_clearance]: Silkscreen clipped by board edge
    Rule: board setup constraints silk; warning
    @(55.0000 mm, 27.0000 mm): Segment on Edge.Cuts
    @(331.0800 mm, 46.7600 mm): Dimension '19.76' on F.Silkscreen
[silk_edge_clearance]: Silkscreen clipped by board edge
    Rule: board setup constraints silk; warning
    @(50.0000 mm, 221.5000 mm): Segment on Edge.Cuts
    @(79.3700 mm, 184.9300 mm): Dimension '29.37' on F.Silkscreen
[holes_co_located]: Drilled holes co-located
    Local override; warning
    @(97.5000 mm, 208.0000 mm): Via [+3.3V] on F.Cu - B.Cu
    @(97.5000 mm, 208.0000 mm): Via [+3.3V] on F.Cu - B.Cu
[holes_co_located]: Drilled holes co-located
    Local override; warning
    @(97.5000 mm, 208.0000 mm): Via [+3.3V] on F.Cu - B.Cu
    @(97.5000 mm, 208.0000 mm): Via [+3.3V] on F.Cu - B.Cu
[holes_co_located]: Drilled holes co-located
    Local override; warning
    @(97.5000 mm, 208.0000 mm): Via [+3.3V] on F.Cu - B.Cu
    @(97.5000 mm, 208.0000 mm): Via [+3.3V] on F.Cu - B.Cu
[drill_out_of_range]: Hole size out of range (board setup constraints min hole 0.3000 mm; actual 0.2000 mm)
    Rule: netclass 'Default'; error
    @(171.8213 mm, 76.6816 mm): Via [VREF_IO] on F.Cu - B.Cu
[drill_out_of_range]: Hole size out of range (board setup constraints min hole 0.3000 mm; actual 0.2000 mm)
    Rule: netclass 'Default'; error
    @(172.7000 mm, 75.8028 mm): Via [VIO_BANK2] on F.Cu - B.Cu
[drill_out_of_range]: Hole size out of range (board setup constraints min hole 0.3000 mm; actual 0.2000 mm)
    Rule: netclass 'Default'; error
    @(171.4500 mm, 77.2750 mm): Via [+3.3V] on F.Cu - B.Cu
[lib_footprint_issues]: The current configuration does not include the footprint library 'TDN 5WISM Series, 5 Watt'.
    Local override; warning
    @(110.5000 mm, 81.0000 mm): Footprint PS1
[lib_footprint_issues]: The current configuration does not include the footprint library 'TDN 5WISM Series, 5 Watt'.
    Local override; warning
    @(110.5000 mm, 103.5000 mm): Footprint PS3
[lib_footprint_issues]: The current configuration does not include the footprint library 'ACS37041'.
    Local override; warning
    @(131.9765 mm, 101.3000 mm): Footprint IC3
[lib_footprint_mismatch]: Footprint 'IDC-Header_2x12_P2.54mm_Latch9.5mm_Vertical' does not match copy in library 'Connector_IDC'.
    Local override; warning
    @(82.5000 mm, 113.0000 mm): Footprint J3
[lib_footprint_issues]: The current configuration does not include the footprint library 'REF193'.
    Local override; warning
    @(107.0000 mm, 144.5000 mm): Footprint U1
[lib_footprint_mismatch]: Footprint 'IDC-Header_2x15-1MP_P2.54mm_Latch_Vertical' does not match copy in library 'Connector_IDC'.
    Local override; warning
    @(284.4400 mm, 52.5400 mm): Footprint J4
[lib_footprint_issues]: The current configuration does not include the footprint library 'Capacitor'.
    Local override; warning
    @(121.0500 mm, 134.0000 mm): Footprint C1
[lib_footprint_issues]: The current configuration does not include the footprint library 'Capacitor'.
    Local override; warning
    @(106.5000 mm, 138.0000 mm): Footprint C3
[lib_footprint_issues]: The current configuration does not include the footprint library 'SSD1306'.
    Local override; warning
    @(137.7000 mm, 137.6500 mm): Footprint Brd1
[lib_footprint_mismatch]: Footprint 'IDC-Header_2x08_P2.54mm_Latch12.0mm_Vertical' does not match copy in library 'Connector_IDC'.
    Local override; warning
    @(283.0000 mm, 125.0000 mm): Footprint J5
[lib_footprint_issues]: The current configuration does not include the footprint library 'TDN 5WISM Series, 5 Watt'.
    Local override; warning
    @(110.5000 mm, 92.1500 mm): Footprint PS2
[lib_footprint_issues]: The current configuration does not include the footprint library 'Barrel Jack'.
    Local override; warning
    @(64.0000 mm, 54.5000 mm): Footprint J22
[lib_footprint_mismatch]: Footprint 'LQFP-48_7x7mm_P0.5mm' does not match copy in library 'Package_QFP'.
    Local override; warning
    @(113.8375 mm, 136.7500 mm): Footprint U2
[lib_footprint_issues]: The current configuration does not include the footprint library 'Capacitor'.
    Local override; warning
    @(108.5500 mm, 131.5000 mm): Footprint C2
[lib_footprint_issues]: The current configuration does not include the footprint library 'Logo Rapport'.
    Local override; warning
    @(116.5000 mm, 45.5000 mm): Footprint G***
[lib_footprint_issues]: The current configuration does not include the footprint library 'Capacitor'.
    Local override; warning
    @(113.0000 mm, 144.5000 mm): Footprint C5
[lib_footprint_issues]: The current configuration does not include the footprint library 'ACS37041'.
    Local override; warning
    @(131.9118 mm, 89.9693 mm): Footprint IC2
[lib_footprint_issues]: The current configuration does not include the footprint library 'ACS37041'.
    Local override; warning
    @(131.9500 mm, 78.8000 mm): Footprint IC1
[lib_footprint_issues]: The current configuration does not include the footprint library 'Capacitor'.
    Local override; warning
    @(116.5000 mm, 144.5000 mm): Footprint C4
[invalid_outline]: Board has malformed outline (not a closed shape)
    Local override; error
    @(375.0000 mm, 226.5000 mm): Segment on Edge.Cuts
[invalid_outline]: Board has malformed outline (self-intersecting)
    Local override; error
    @(379.5000 mm, 32.0000 mm): Segment on Edge.Cuts
    @(374.5000 mm, 32.0000 mm): Arc on Edge.Cuts
[silk_over_copper]: Silkscreen clipped by solder mask
    Local override; warning
    @(131.9765 mm, 101.3000 mm): Reference field of IC3
[silk_over_copper]: Silkscreen clipped by solder mask
    Local override; warning
    @(131.9118 mm, 89.9693 mm): Reference field of IC2
[silk_over_copper]: Silkscreen clipped by solder mask
    Local override; warning
    @(131.9500 mm, 78.8000 mm): Reference field of IC1
[solder_mask_bridge]: Rear solder mask aperture bridges items with different nets
    Rule: board setup solder mask min width; error
    @(164.5800 mm, 200.0000 mm): Track [GND] on B.Cu, length 1.6278 mm
    @(164.5800 mm, 200.0000 mm): PTH pad 74 [I2S_DIN] of J9
[solder_mask_bridge]: Rear solder mask aperture bridges items with different nets
    Rule: board setup solder mask min width; error
    @(339.0400 mm, 200.0000 mm): Track [PWR_GOOD] on B.Cu, length 2.1213 mm
    @(339.0400 mm, 200.0000 mm): PTH pad 17 [unconnected-(J6-Pin_17-Pad17)] of J6
[solder_mask_bridge]: Rear solder mask aperture bridges items with different nets
    Rule: board setup solder mask min width; error
    @(339.0400 mm, 202.5400 mm): Track [PWR_GOOD] on B.Cu, length 2.5400 mm
    @(339.0400 mm, 200.0000 mm): PTH pad 17 [unconnected-(J6-Pin_17-Pad17)] of J6
[solder_mask_bridge]: Front solder mask aperture bridges items with different nets
    Rule: board setup solder mask min width; error
    @(94.7800 mm, 217.5800 mm): Track [/Power/Power Rails/Vout_external_1] on F.Cu, length 4.5400 mm
    @(94.7800 mm, 213.0400 mm): PTH pad 3 [unconnected-(J24-Pad3)] of J24
[solder_mask_bridge]: Front solder mask aperture bridges items with different nets
    Rule: board setup solder mask min width; error
    @(94.7800 mm, 213.0400 mm): Track [/Power/Power Rails/Vout_external_1] on F.Cu, length 2.5400 mm
    @(94.7800 mm, 213.0400 mm): PTH pad 3 [unconnected-(J24-Pad3)] of J24
[solder_mask_bridge]: Front solder mask aperture bridges items with different nets
    Rule: board setup solder mask min width; error
    @(94.7800 mm, 213.0400 mm): Track [/Power/Power Rails/Vout_external_1] on F.Cu, length 2.5400 mm
    @(92.2400 mm, 213.0400 mm): PTH pad 1 [unconnected-(J24-Pad1)] of J24
[solder_mask_bridge]: Front solder mask aperture bridges items with different nets
    Rule: board setup solder mask min width; error
    @(346.4600 mm, 213.0400 mm): Track [/Power/Power Rails/Vout_external_3] on F.Cu, length 2.5400 mm
    @(343.9200 mm, 213.0400 mm): PTH pad 1 [unconnected-(J30-Pad1)] of J30
[solder_mask_bridge]: Front solder mask aperture bridges items with different nets
    Rule: board setup solder mask min width; error
    @(346.4600 mm, 213.0400 mm): Track [/Power/Power Rails/Vout_external_3] on F.Cu, length 2.5400 mm
    @(346.4600 mm, 213.0400 mm): PTH pad 3 [unconnected-(J30-Pad3)] of J30
[solder_mask_bridge]: Front solder mask aperture bridges items with different nets
    Rule: board setup solder mask min width; error
    @(346.4600 mm, 213.0400 mm): Track [/Power/Power Rails/Vout_external_3] on F.Cu, length 1.4708 mm
    @(346.4600 mm, 213.0400 mm): PTH pad 3 [unconnected-(J30-Pad3)] of J30
[solder_mask_bridge]: Front solder mask aperture bridges items with different nets
    Rule: board setup solder mask min width; error
    @(346.4600 mm, 213.0400 mm): Track [/Power/Power Rails/Vout_external_3] on F.Cu, length 2.5400 mm
    @(346.4600 mm, 213.0400 mm): PTH pad 3 [unconnected-(J30-Pad3)] of J30
[solder_mask_bridge]: Front solder mask aperture bridges items with different nets
    Rule: board setup solder mask min width; error
    @(347.5000 mm, 214.0800 mm): Track [/Power/Power Rails/Vout_external_3] on F.Cu, length 4.7200 mm
    @(346.4600 mm, 213.0400 mm): PTH pad 3 [unconnected-(J30-Pad3)] of J30
[solder_mask_bridge]: Front solder mask aperture bridges items with different nets
    Rule: board setup solder mask min width; error
    @(96.0000 mm, 206.7400 mm): Track [+5V] on F.Cu, length 5.3174 mm
    @(92.2400 mm, 210.5000 mm): PTH pad 2 [unconnected-(J24-Pad2)] of J24
[solder_mask_bridge]: Front solder mask aperture bridges items with different nets
    Rule: board setup solder mask min width; error
    @(346.4600 mm, 208.5400 mm): Track [+5V] on F.Cu, length 1.9600 mm
    @(346.4600 mm, 210.5000 mm): PTH pad 4 [unconnected-(J30-Pad4)] of J30
[solder_mask_bridge]: Front solder mask aperture bridges items with different nets
    Rule: board setup solder mask min width; error
    @(92.2400 mm, 210.5000 mm): Track [+5V] on F.Cu, length 3.5200 mm
    @(92.2400 mm, 210.5000 mm): PTH pad 2 [unconnected-(J24-Pad2)] of J24
[solder_mask_bridge]: Front solder mask aperture bridges items with different nets
    Rule: board setup solder mask min width; error
    @(97.2800 mm, 208.0000 mm): Track [+3.3V] on F.Cu, length 3.5355 mm
    @(94.7800 mm, 210.5000 mm): PTH pad 4 [unconnected-(J24-Pad4)] of J24
[silk_overlap]: Silkscreen overlap
    Rule: board setup constraints silk; warning
    @(48.4000 mm, 180.5000 mm): Arc of BT1 on F.Silkscreen
    @(79.3700 mm, 184.9300 mm): Dimension '29.37' on F.Silkscreen
[silk_overlap]: Silkscreen overlap
    Rule: board setup constraints silk; warning
    @(66.2500 mm, 191.1800 mm): Segment of BT1 on F.Silkscreen
    @(79.3700 mm, 184.9300 mm): Dimension '29.37' on F.Silkscreen
[silk_overlap]: Silkscreen overlap
    Rule: board setup constraints silk; warning
    @(131.9765 mm, 101.3000 mm): Reference field of IC3
    @(133.4665 mm, 100.9000 mm): Segment of IC3 on F.Silkscreen
[silk_overlap]: Silkscreen overlap
    Rule: board setup constraints silk; warning
    @(131.9118 mm, 89.9693 mm): Reference field of IC2
    @(133.4018 mm, 89.5693 mm): Segment of IC2 on F.Silkscreen

** Found 164 unconnected pads **
[unconnected_items]: Missing connection between items
    Local override; error
    @(173.2500 mm, 50.9750 mm): Track [GND] on B.Cu, length 6.6468 mm
    @(178.9500 mm, 46.2750 mm): Track [GND] on F.Cu, length 1.0000 mm
[unconnected_items]: Missing connection between items
    Local override; error
    @(206.4500 mm, 85.6420 mm): Track [GND] on F.Cu, length 1.3080 mm
    @(206.0000 mm, 87.0000 mm): Pad 141 [GND] of J11 on F.Cu
[unconnected_items]: Missing connection between items
    Local override; error
    @(179.6661 mm, 80.5990 mm): Track [GND] on B.Cu, length 6.5000 mm
    @(186.7473 mm, 80.2750 mm): Track [GND] on F.Cu, length 0.1973 mm
[unconnected_items]: Missing connection between items
    Local override; error
    @(133.5510 mm, 88.0801 mm): Track [GND] on F.Cu, length 0.0068 mm
    @(133.5462 mm, 89.4538 mm): Track [GND] on F.Cu, length 0.9680 mm
[unconnected_items]: Missing connection between items
    Local override; error
    @(204.0000 mm, 87.0000 mm): Pad 133 [GND] of J11 on F.Cu
    @(203.0000 mm, 87.0000 mm): Pad 129 [GND] of J11 on F.Cu
[unconnected_items]: Missing connection between items
    Local override; error
    @(167.1200 mm, 200.0000 mm): PTH pad 76 [GND] of J9
    @(165.7310 mm, 198.8490 mm): Track [GND] on B.Cu, length 2.7780 mm
[unconnected_items]: Missing connection between items
    Local override; error
    @(186.1661 mm, 80.5990 mm): Track [GND] on B.Cu, length 2.6884 mm
    @(189.2830 mm, 84.0000 mm): Track [GND] on B.Cu, length 3.9341 mm
[unconnected_items]: Missing connection between items
    Local override; error
    @(186.7500 mm, 80.0750 mm): Track [GND] on F.Cu, length 1.2750 mm
    @(188.7428 mm, 80.2750 mm): Track [GND] on F.Cu, length 0.1928 mm
[unconnected_items]: Missing connection between items
    Local override; error
    @(206.0000 mm, 87.0000 mm): Pad 141 [GND] of J11 on F.Cu
    @(204.0000 mm, 87.0000 mm): Pad 133 [GND] of J11 on F.Cu
[unconnected_items]: Missing connection between items
    Local override; error
    @(85.0400 mm, 113.0000 mm): PTH pad 2 [GND] of J3
    @(73.5000 mm, 113.0000 mm): Track [GND] on F.Cu, length 9.0000 mm
[unconnected_items]: Missing connection between items
    Local override; error
    @(193.2611 mm, 80.2750 mm): Via [GND] on F.Cu - B.Cu
    @(193.2170 mm, 84.0000 mm): Track [GND] on B.Cu, length 0.4002 mm
[unconnected_items]: Missing connection between items
    Local override; error
    @(181.0000 mm, 33.5000 mm): Via [GND] on F.Cu - B.Cu
    @(178.9500 mm, 46.2750 mm): Track [GND] on F.Cu, length 0.5000 mm
[unconnected_items]: Missing connection between items
    Local override; error
    @(183.0000 mm, 97.6579 mm): Track [I2S_BCLK] on F.Cu, length 5.7750 mm
    @(162.0400 mm, 202.5400 mm): PTH pad 71 [I2S_BCLK] of J9
[unconnected_items]: Missing connection between items
    Local override; error
    @(82.5000 mm, 120.6200 mm): PTH pad 7 [MDIO] of J3
    @(185.5000 mm, 87.0000 mm): Pad 59 [MDIO] of J11 on F.Cu
[unconnected_items]: Missing connection between items
    Local override; error
    @(232.1400 mm, 200.0000 mm): PTH pad 34 [DBG_SWCLK] of J10
    @(226.0000 mm, 82.5000 mm): Via [DBG_SWCLK] on F.Cu - B.Cu
[unconnected_items]: Missing connection between items
    Local override; error
    @(116.3200 mm, 202.5400 mm): PTH pad 35 [GPIO0] of J9
    @(174.3250 mm, 97.7750 mm): Track [GPIO0] on F.Cu, length 4.3031 mm
[unconnected_items]: Missing connection between items
    Local override; error
    @(277.6123 mm, 69.9060 mm): Track [MOD_TYPE0] on F.Cu, length 12.6123 mm
    @(227.5000 mm, 87.0000 mm): Pad 219 [MOD_TYPE0] of J11 on F.Cu
[unconnected_items]: Missing connection between items
    Local override; error
    @(227.5000 mm, 87.0000 mm): Pad 219 [MOD_TYPE0] of J11 on F.Cu
    @(244.8400 mm, 200.0000 mm): PTH pad 44 [MOD_TYPE0] of J10
[unconnected_items]: Missing connection between items
    Local override; error
    @(221.0000 mm, 87.0000 mm): Pad 193 [SDIO_D3] of J11 on F.Cu
    @(280.2290 mm, 133.7710 mm): Track [SDIO_D3] on In2.Cu, length 68.4932 mm
[unconnected_items]: Missing connection between items
    Local override; error
    @(229.6000 mm, 202.5400 mm): PTH pad 31 [RESERVED] of J10
    @(229.6000 mm, 200.0000 mm): PTH pad 32 [RESERVED] of J10
[unconnected_items]: Missing connection between items
    Local override; error
    @(221.2500 mm, 78.8000 mm): Pad 194 [RESERVED] of J11 on F.Cu
    @(186.5000 mm, 87.0000 mm): Pad 63 [RESERVED] of J11 on F.Cu
[unconnected_items]: Missing connection between items
    Local override; error
    @(272.7800 mm, 200.0000 mm): PTH pad 66 [RESERVED] of J10
    @(229.6000 mm, 200.0000 mm): PTH pad 32 [RESERVED] of J10
[unconnected_items]: Missing connection between items
    Local override; error
    @(186.5000 mm, 87.0000 mm): Pad 63 [RESERVED] of J11 on F.Cu
    @(229.6000 mm, 200.0000 mm): PTH pad 32 [RESERVED] of J10
[unconnected_items]: Missing connection between items
    Local override; error
    @(82.5000 mm, 138.4000 mm): PTH pad 21 [NET_CTL2_ODD] of J3
    @(82.5000 mm, 140.9400 mm): PTH pad 23 [NET_CTL2_ODD] of J3
[unconnected_items]: Missing connection between items
    Local override; error
    @(220.0000 mm, 87.0000 mm): Pad 189 [NET_CTL2_ODD] of J11 on F.Cu
    @(220.2500 mm, 78.8000 mm): Pad 190 [NET_CTL2_ODD] of J11 on F.Cu
[unconnected_items]: Missing connection between items
    Local override; error
    @(82.5000 mm, 138.4000 mm): PTH pad 21 [NET_CTL2_ODD] of J3
    @(220.0000 mm, 87.0000 mm): Pad 189 [NET_CTL2_ODD] of J11 on F.Cu
[unconnected_items]: Missing connection between items
    Local override; error
    @(186.2500 mm, 78.8000 mm): Pad 62 [SDIO_D2] of J11 on F.Cu
    @(231.6309 mm, 181.8020 mm): Track [SDIO_D2] on In2.Cu, length 13.2987 mm
[unconnected_items]: Missing connection between items
    Local override; error
    @(216.9000 mm, 200.0000 mm): PTH pad 22 [VIO_BANK1] of J10
    @(265.1600 mm, 200.0000 mm): PTH pad 60 [VIO_BANK1] of J10
[unconnected_items]: Missing connection between items
    Local override; error
    @(223.0000 mm, 87.0000 mm): Pad 201 [VIO_BANK1] of J11 on F.Cu
    @(216.9000 mm, 200.0000 mm): PTH pad 22 [VIO_BANK1] of J10
[unconnected_items]: Missing connection between items
    Local override; error
    @(162.0400 mm, 200.0000 mm): PTH pad 72 [I2S_LRCLK] of J9
    @(217.7500 mm, 78.8000 mm): Pad 180 [I2S_LRCLK] of J11 on F.Cu
[unconnected_items]: Missing connection between items
    Local override; error
    @(164.5800 mm, 202.5400 mm): PTH pad 73 [I2S_DOUT] of J9
    @(183.2500 mm, 78.8000 mm): Pad 50 [I2S_DOUT] of J11 on F.Cu
[unconnected_items]: Missing connection between items
    Local override; error
    @(180.0000 mm, 96.5237 mm): Track [GPIO6] on F.Cu, length 3.7486 mm
    @(131.5600 mm, 202.5400 mm): PTH pad 47 [GPIO6] of J9
[unconnected_items]: Missing connection between items
    Local override; error
    @(82.5000 mm, 133.3200 mm): PTH pad 17 [NET_CTL0_ODD] of J3
    @(185.0000 mm, 87.0000 mm): Pad 57 [NET_CTL0_ODD] of J11 on F.Cu
[unconnected_items]: Missing connection between items
    Local override; error
    @(226.9804 mm, 81.2843 mm): Track [DBG_UART_RX] on F.Cu, length 0.0461 mm
    @(242.3000 mm, 200.0000 mm): PTH pad 42 [DBG_UART_RX] of J10
[unconnected_items]: Missing connection between items
    Local override; error
    @(205.7500 mm, 78.8000 mm): Pad 140 [PWR_GOOD] of J11 on F.Cu
    @(195.2500 mm, 78.8000 mm): Pad 98 [PWR_GOOD] of J11 on F.Cu
[unconnected_items]: Missing connection between items
    Local override; error
    @(337.5400 mm, 198.5000 mm): Track [PWR_GOOD] on B.Cu, length 46.0400 mm
    @(274.6010 mm, 182.0000 mm): Track [PWR_GOOD] on B.Cu, length 13.6390 mm
[unconnected_items]: Missing connection between items
    Local override; error
    @(195.2500 mm, 78.8000 mm): Pad 98 [PWR_GOOD] of J11 on F.Cu
    @(173.0000 mm, 88.7580 mm): Track [PWR_GOOD] on F.Cu, length 1.7580 mm
[unconnected_items]: Missing connection between items
    Local override; error
    @(230.0000 mm, 87.0000 mm): Track [PWR_GOOD] on F.Cu, length 1.5000 mm
    @(205.7500 mm, 78.8000 mm): Pad 140 [PWR_GOOD] of J11 on F.Cu
[unconnected_items]: Missing connection between items
    Local override; error
    @(82.5000 mm, 135.8600 mm): PTH pad 19 [NET_CTL1_ODD] of J3
    @(219.7500 mm, 78.8000 mm): Pad 188 [NET_CTL1_ODD] of J11 on F.Cu
[unconnected_items]: Missing connection between items
    Local override; error
    @(154.4200 mm, 202.5400 mm): PTH pad 65 [AIN2] of J9
    @(182.2500 mm, 78.8000 mm): Pad 46 [AIN2] of J11 on F.Cu
[unconnected_items]: Missing connection between items
    Local override; error
    @(106.1600 mm, 200.0000 mm): PTH pad 28 [SPI0_CS2] of J9
    @(212.2500 mm, 78.8000 mm): Pad 158 [SPI0_CS2] of J11 on F.Cu
[unconnected_items]: Missing connection between items
    Local override; error
    @(98.5400 mm, 202.5400 mm): PTH pad 21 [UART0_RI] of J9
    @(176.7500 mm, 78.8000 mm): Pad 24 [UART0_RI] of J11 on F.Cu
[unconnected_items]: Missing connection between items
    Local override; error
    @(85.0400 mm, 123.1600 mm): PTH pad 10 [NET_D0_EVEN] of J3
    @(218.5000 mm, 87.0000 mm): Pad 183 [NET_D0_EVEN] of J11 on F.Cu
[unconnected_items]: Missing connection between items
    Local override; error
    @(211.2500 mm, 78.8000 mm): Pad 154 [UART0_DCD] of J11 on F.Cu
    @(96.0000 mm, 200.0000 mm): Track [UART0_DCD] on B.Cu, length 6.0000 mm
[unconnected_items]: Missing connection between items
    Local override; error
    @(154.4200 mm, 200.0000 mm): PTH pad 66 [AIN6] of J9
    @(217.0000 mm, 87.0000 mm): Pad 177 [AIN6] of J11 on F.Cu
[unconnected_items]: Missing connection between items
    Local override; error
    @(226.5000 mm, 87.0000 mm): Track [DBG_TMS] on F.Cu, length 1.3421 mm
    @(234.6800 mm, 200.0000 mm): PTH pad 36 [DBG_TMS] of J10
[unconnected_items]: Missing connection between items
    Local override; error
    @(219.4400 mm, 200.0000 mm): PTH pad 24 [VIO_BANK3] of J10
    @(267.7000 mm, 200.0000 mm): PTH pad 62 [VIO_BANK3] of J10
[unconnected_items]: Missing connection between items
    Local override; error
    @(223.2500 mm, 78.8000 mm): Pad 202 [VIO_BANK3] of J11 on F.Cu
    @(219.4400 mm, 200.0000 mm): PTH pad 24 [VIO_BANK3] of J10
[unconnected_items]: Missing connection between items
    Local override; error
    @(103.6200 mm, 202.5400 mm): PTH pad 25 [SPI0_MISO] of J9
    @(177.2500 mm, 78.8000 mm): Pad 26 [SPI0_MISO] of J11 on F.Cu
[unconnected_items]: Missing connection between items
    Local override; error
    @(191.5000 mm, 202.5400 mm): PTH pad 1 [SDIO_CLK] of J10
    @(195.2481 mm, 201.3319 mm): Track [SDIO_CLK] on In2.Cu, length 1.7084 mm
[unconnected_items]: Missing connection between items
    Local override; error
    @(185.7500 mm, 78.8000 mm): Pad 60 [SDIO_CLK] of J11 on F.Cu
    @(186.0000 mm, 87.0000 mm): Pad 61 [SDIO_CLK] of J11 on F.Cu
[unconnected_items]: Missing connection between items
    Local override; error
    @(231.2987 mm, 181.0000 mm): Track [SDIO_CLK] on In2.Cu, length 13.2987 mm
    @(186.0000 mm, 87.0000 mm): Pad 61 [SDIO_CLK] of J11 on F.Cu
[unconnected_items]: Missing connection between items
    Local override; error
    @(121.4000 mm, 200.0000 mm): PTH pad 40 [GPIO10] of J9
    @(213.7500 mm, 78.8000 mm): Pad 164 [GPIO10] of J11 on F.Cu
[unconnected_items]: Missing connection between items
    Local override; error
    @(108.7000 mm, 202.5400 mm): PTH pad 29 [SPI1_SCK] of J9
    @(177.7500 mm, 78.8000 mm): Pad 28 [SPI1_SCK] of J11 on F.Cu
[unconnected_items]: Missing connection between items
    Local override; error
    @(85.0400 mm, 133.3200 mm): PTH pad 18 [NET_CTL0_EVEN] of J3
    @(218.7500 mm, 78.8000 mm): Pad 184 [NET_CTL0_EVEN] of J11 on F.Cu
[unconnected_items]: Missing connection between items
    Local override; error
    @(227.0000 mm, 85.7250 mm): Track [DBG_VREF] on F.Cu, length 1.2750 mm
    @(239.7600 mm, 200.0000 mm): PTH pad 40 [DBG_VREF] of J10
[unconnected_items]: Missing connection between items
    Local override; error
    @(118.8600 mm, 202.5400 mm): PTH pad 37 [GPIO1] of J9
    @(178.7500 mm, 78.8000 mm): Pad 32 [GPIO1] of J11 on F.Cu
[unconnected_items]: Missing connection between items
    Local override; error
    @(346.6600 mm, 202.5400 mm): PTH pad 12 [VREF_IO] of J6
    @(346.6600 mm, 200.0000 mm): Track [VREF_IO] on B.Cu, length 7.0711 mm
[unconnected_items]: Missing connection between items
    Local override; error
    @(194.5000 mm, 87.0000 mm): Pad 95 [VREF_IO] of J11 on F.Cu
    @(188.0000 mm, 87.0000 mm): Pad 69 [VREF_IO] of J11 on F.Cu
[unconnected_items]: Missing connection between items
    Local override; error
    @(229.2500 mm, 78.8000 mm): Pad 226 [VREF_IO] of J11 on F.Cu
    @(222.7500 mm, 78.8000 mm): Pad 200 [VREF_IO] of J11 on F.Cu
[unconnected_items]: Missing connection between items
    Local override; error
    @(205.0000 mm, 87.0000 mm): Pad 137 [VREF_IO] of J11 on F.Cu
    @(194.5000 mm, 87.0000 mm): Pad 95 [VREF_IO] of J11 on F.Cu
[unconnected_items]: Missing connection between items
    Local override; error
    @(188.0000 mm, 87.0000 mm): Pad 69 [VREF_IO] of J11 on F.Cu
    @(173.3500 mm, 82.3000 mm): Track [VREF_IO] on F.Cu, length 0.2000 mm
[unconnected_items]: Missing connection between items
    Local override; error
    @(222.7500 mm, 78.8000 mm): Pad 200 [VREF_IO] of J11 on F.Cu
    @(205.0000 mm, 87.0000 mm): Pad 137 [VREF_IO] of J11 on F.Cu
[unconnected_items]: Missing connection between items
    Local override; error
    @(262.6200 mm, 200.0000 mm): Track [VREF_IO] on B.Cu, length 2.5400 mm
    @(341.6600 mm, 195.0000 mm): Track [VREF_IO] on B.Cu, length 53.3278 mm
[unconnected_items]: Missing connection between items
    Local override; error
    @(262.6200 mm, 200.0000 mm): Track [VREF_IO] on B.Cu, length 2.5400 mm
    @(214.3600 mm, 202.5400 mm): Track [VREF_IO] on B.Cu, length 2.5400 mm
[unconnected_items]: Missing connection between items
    Local override; error
    @(214.3600 mm, 202.5400 mm): Track [VREF_IO] on B.Cu, length 2.5400 mm
    @(205.0000 mm, 87.0000 mm): Pad 137 [VREF_IO] of J11 on F.Cu
[unconnected_items]: Missing connection between items
    Local override; error
    @(88.3800 mm, 202.5400 mm): Track [VREF_IO] on B.Cu, length 2.5400 mm
    @(214.3600 mm, 202.5400 mm): Track [VREF_IO] on B.Cu, length 2.5400 mm
[unconnected_items]: Missing connection between items
    Local override; error
    @(182.0000 mm, 97.1579 mm): Track [AIN1] on F.Cu, length 6.4347 mm
    @(151.8800 mm, 202.5400 mm): PTH pad 63 [AIN1] of J9
[unconnected_items]: Missing connection between items
    Local override; error
    @(149.3400 mm, 202.5400 mm): PTH pad 61 [AIN0] of J9
    @(181.7500 mm, 78.8000 mm): Pad 44 [AIN0] of J11 on F.Cu
[unconnected_items]: Missing connection between items
    Local override; error
    @(162.9500 mm, 106.4421 mm): Track [UART3_TX] on F.Cu, length 0.8329 mm
    @(92.0710 mm, 193.9290 mm): Track [UART3_TX] on B.Cu, length 4.1422 mm
[unconnected_items]: Missing connection between items
    Local override; error
    @(172.4550 mm, 99.2055 mm): Track [SPI1_MISO] on F.Cu, length 1.5125 mm
    @(111.2400 mm, 202.5400 mm): PTH pad 31 [SPI1_MISO] of J9
[unconnected_items]: Missing connection between items
    Local override; error
    @(191.7500 mm, 78.8000 mm): Pad 84 [DBG_TCK] of J11 on F.Cu
    @(234.6800 mm, 202.5400 mm): PTH pad 35 [DBG_TCK] of J10
[unconnected_items]: Missing connection between items
    Local override; error
    @(216.9000 mm, 202.5400 mm): PTH pad 21 [VIO_BANK0] of J10
    @(265.1600 mm, 202.5400 mm): PTH pad 59 [VIO_BANK0] of J10
[unconnected_items]: Missing connection between items
    Local override; error
    @(101.0800 mm, 200.0000 mm): PTH pad 24 [SPI0_MOSI] of J9
    @(211.7500 mm, 78.8000 mm): Pad 156 [SPI0_MOSI] of J11 on F.Cu
[unconnected_items]: Missing connection between items
    Local override; error
    @(237.2200 mm, 202.5400 mm): PTH pad 37 [DBG_TDI] of J10
    @(259.1240 mm, 89.3760 mm): Track [DBG_TDI] on F.Cu, length 65.7480 mm
[unconnected_items]: Missing connection between items
    Local override; error
    @(129.0200 mm, 200.0000 mm): PTH pad 46 [GPIO13] of J9
    @(214.5000 mm, 87.0000 mm): Pad 167 [GPIO13] of J11 on F.Cu
[unconnected_items]: Missing connection between items
    Local override; error
    @(126.4800 mm, 200.0000 mm): PTH pad 44 [GPIO12] of J9
    @(214.2500 mm, 78.8000 mm): Pad 166 [GPIO12] of J11 on F.Cu
[unconnected_items]: Missing connection between items
    Local override; error
    @(192.5000 mm, 87.0000 mm): Pad 87 [DBG_UART_TX] of J11 on F.Cu
    @(242.3000 mm, 202.5400 mm): PTH pad 41 [DBG_UART_TX] of J10
[unconnected_items]: Missing connection between items
    Local override; error
    @(176.2500 mm, 78.8000 mm): Pad 22 [UART0_CTS] of J11 on F.Cu
    @(94.6110 mm, 194.8890 mm): Track [UART0_CTS] on B.Cu, length 0.5501 mm
[unconnected_items]: Missing connection between items
    Local override; error
    @(191.5000 mm, 200.0000 mm): PTH pad 2 [SDIO_CMD] of J10
    @(235.0000 mm, 91.5000 mm): Track [SDIO_CMD] on F.Cu, length 49.3405 mm
[unconnected_items]: Missing connection between items
    Local override; error
    @(113.7800 mm, 202.5400 mm): PTH pad 33 [SPI1_CS1] of J9
    @(178.2500 mm, 78.8000 mm): Pad 30 [SPI1_CS1] of J11 on F.Cu
[unconnected_items]: Missing connection between items
    Local override; error
    @(211.0000 mm, 87.0000 mm): Pad 153 [UART0_RTS] of J11 on F.Cu
    @(93.4600 mm, 194.5400 mm): Track [UART0_RTS] on B.Cu, length 0.0566 mm
[unconnected_items]: Missing connection between items
    Local override; error
    @(106.1600 mm, 202.5400 mm): PTH pad 27 [SPI0_CS1] of J9
    @(170.4500 mm, 100.6434 mm): Track [SPI0_CS1] on F.Cu, length 0.1316 mm
[unconnected_items]: Missing connection between items
    Local override; error
    @(113.7800 mm, 200.0000 mm): PTH pad 34 [SPI1_CS2] of J9
    @(213.0000 mm, 87.0000 mm): Pad 161 [SPI1_CS2] of J11 on F.Cu
[unconnected_items]: Missing connection between items
    Local override; error
    @(164.5800 mm, 200.0000 mm): PTH pad 74 [I2S_DIN] of J9
    @(218.0000 mm, 87.0000 mm): Pad 181 [I2S_DIN] of J11 on F.Cu
[unconnected_items]: Missing connection between items
    Local override; error
    @(156.9600 mm, 200.0000 mm): PTH pad 68 [AIN7] of J9
    @(217.2500 mm, 78.8000 mm): Pad 178 [AIN7] of J11 on F.Cu
[unconnected_items]: Missing connection between items
    Local override; error
    @(134.1000 mm, 202.5400 mm): PTH pad 49 [GPIO7] of J9
    @(180.2500 mm, 78.8000 mm): Pad 38 [GPIO7] of J11 on F.Cu
[unconnected_items]: Missing connection between items
    Local override; error
    @(163.4500 mm, 106.5092 mm): Track [UART0_DSR] on F.Cu, length 0.2658 mm
    @(97.1510 mm, 194.1510 mm): Track [UART0_DSR] on B.Cu, length 0.2135 mm
[unconnected_items]: Missing connection between items
    Local override; error
    @(123.9400 mm, 200.0000 mm): PTH pad 42 [GPIO11] of J9
    @(214.0000 mm, 87.0000 mm): Pad 165 [GPIO11] of J11 on F.Cu
[unconnected_items]: Missing connection between items
    Local override; error
    @(116.3200 mm, 200.0000 mm): PTH pad 36 [GPIO8] of J9
    @(213.2500 mm, 78.8000 mm): Pad 162 [GPIO8] of J11 on F.Cu
[unconnected_items]: Missing connection between items
    Local override; error
    @(179.5000 mm, 94.0901 mm): Track [GPIO4] on F.Cu, length 6.4347 mm
    @(126.4800 mm, 202.5400 mm): PTH pad 43 [GPIO4] of J9
[unconnected_items]: Missing connection between items
    Local override; error
    @(226.5111 mm, 81.8758 mm): Via [DBG_TDO] on F.Cu - B.Cu
    @(237.2200 mm, 200.0000 mm): PTH pad 38 [DBG_TDO] of J10
[unconnected_items]: Missing connection between items
    Local override; error
    @(118.8600 mm, 200.0000 mm): PTH pad 38 [GPIO9] of J9
    @(213.5000 mm, 87.0000 mm): Pad 163 [GPIO9] of J11 on F.Cu
[unconnected_items]: Missing connection between items
    Local override; error
    @(192.2500 mm, 78.8000 mm): Pad 86 [DBG_RESET_N] of J11 on F.Cu
    @(239.7600 mm, 202.5400 mm): PTH pad 39 [DBG_RESET_N] of J10
[unconnected_items]: Missing connection between items
    Local override; error
    @(123.9400 mm, 202.5400 mm): PTH pad 41 [GPIO3] of J9
    @(179.2500 mm, 78.8000 mm): Pad 34 [GPIO3] of J11 on F.Cu
[unconnected_items]: Missing connection between items
    Local override; error
    @(111.2400 mm, 200.0000 mm): PTH pad 32 [SPI1_CS0] of J9
    @(212.7500 mm, 78.8000 mm): Pad 160 [SPI1_CS0] of J11 on F.Cu
[unconnected_items]: Missing connection between items
    Local override; error
    @(219.4400 mm, 202.5400 mm): PTH pad 23 [VIO_BANK2] of J10
    @(267.7000 mm, 202.5400 mm): PTH pad 61 [VIO_BANK2] of J10
[unconnected_items]: Missing connection between items
    Local override; error
    @(172.7000 mm, 75.8028 mm): Via [VIO_BANK2] on F.Cu - B.Cu
    @(219.4400 mm, 202.5400 mm): PTH pad 23 [VIO_BANK2] of J10
[unconnected_items]: Missing connection between items
    Local override; error
    @(108.7000 mm, 200.0000 mm): PTH pad 30 [SPI1_MOSI] of J9
    @(212.5000 mm, 87.0000 mm): Pad 159 [SPI1_MOSI] of J11 on F.Cu
[unconnected_items]: Missing connection between items
    Local override; error
    @(146.8000 mm, 200.0000 mm): PTH pad 60 [IR_TX_OUT] of J9
    @(216.2500 mm, 78.8000 mm): Pad 174 [IR_TX_OUT] of J11 on F.Cu
[unconnected_items]: Missing connection between items
    Local override; error
    @(169.9500 mm, 100.5763 mm): Track [SPI0_SCK] on F.Cu, length 0.1987 mm
    @(101.0800 mm, 202.5400 mm): PTH pad 23 [SPI0_SCK] of J9
[unconnected_items]: Missing connection between items
    Local override; error
    @(182.5000 mm, 97.2250 mm): Track [AIN3] on F.Cu, length 6.4347 mm
    @(156.9600 mm, 202.5400 mm): PTH pad 67 [AIN3] of J9
[unconnected_items]: Missing connection between items
    Local override; error
    @(82.5000 mm, 118.0800 mm): PTH pad 5 [NET_CLK_ODD] of J3
    @(185.2500 mm, 78.8000 mm): Pad 58 [NET_CLK_ODD] of J11 on F.Cu
[unconnected_items]: Missing connection between items
    Local override; error
    @(103.6200 mm, 200.0000 mm): PTH pad 26 [SPI0_CS0] of J9
    @(212.0000 mm, 87.0000 mm): Pad 157 [SPI0_CS0] of J11 on F.Cu
[unconnected_items]: Missing connection between items
    Local override; error
    @(134.1000 mm, 200.0000 mm): PTH pad 50 [GPIO15] of J9
    @(215.0000 mm, 87.0000 mm): Pad 169 [GPIO15] of J11 on F.Cu
[unconnected_items]: Missing connection between items
    Local override; error
    @(159.5000 mm, 200.0000 mm): PTH pad 70 [AOUT1] of J9
    @(217.5000 mm, 87.0000 mm): Pad 179 [AOUT1] of J11 on F.Cu
[unconnected_items]: Missing connection between items
    Local override; error
    @(244.8400 mm, 202.5400 mm): PTH pad 43 [MOD_PRESENT_N] of J10
    @(277.2801 mm, 69.1040 mm): Track [MOD_PRESENT_N] on F.Cu, length 36.1761 mm
[unconnected_items]: Missing connection between items
    Local override; error
    @(151.8800 mm, 200.0000 mm): PTH pad 64 [AIN5] of J9
    @(216.7500 mm, 78.8000 mm): Pad 176 [AIN5] of J11 on F.Cu
[unconnected_items]: Missing connection between items
    Local override; error
    @(193.0000 mm, 85.5000 mm): Track [MOD_TYPE1] on F.Cu, length 1.5000 mm
    @(247.3800 mm, 202.5400 mm): PTH pad 45 [MOD_TYPE1] of J10
[unconnected_items]: Missing connection between items
    Local override; error
    @(227.0600 mm, 202.5400 mm): PTH pad 29 [CLOCK_0] of J10
    @(227.0600 mm, 200.0000 mm): PTH pad 30 [CLOCK_0] of J10
[unconnected_items]: Missing connection between items
    Local override; error
    @(224.0000 mm, 87.0000 mm): Pad 205 [CLOCK_0] of J11 on F.Cu
    @(189.2500 mm, 78.8000 mm): Pad 74 [CLOCK_0] of J11 on F.Cu
[unconnected_items]: Missing connection between items
    Local override; error
    @(227.0600 mm, 200.0000 mm): PTH pad 30 [CLOCK_0] of J10
    @(224.0000 mm, 87.0000 mm): Pad 205 [CLOCK_0] of J11 on F.Cu
[unconnected_items]: Missing connection between items
    Local override; error
    @(181.5000 mm, 96.7250 mm): Track [IR_RX_IN] on F.Cu, length 5.7276 mm
    @(146.8000 mm, 202.5400 mm): PTH pad 59 [IR_RX_IN] of J9
[unconnected_items]: Missing connection between items
    Local override; error
    @(131.5600 mm, 200.0000 mm): PTH pad 48 [GPIO14] of J9
    @(214.7500 mm, 78.8000 mm): Pad 168 [GPIO14] of J11 on F.Cu
[unconnected_items]: Missing connection between items
    Local override; error
    @(129.0200 mm, 202.5400 mm): PTH pad 45 [GPIO5] of J9
    @(179.7500 mm, 78.8000 mm): Pad 36 [GPIO5] of J11 on F.Cu
[unconnected_items]: Missing connection between items
    Local override; error
    @(149.3400 mm, 200.0000 mm): PTH pad 62 [AIN4] of J9
    @(216.5000 mm, 87.0000 mm): Pad 175 [AIN4] of J11 on F.Cu
[unconnected_items]: Missing connection between items
    Local override; error
    @(183.5000 mm, 97.7250 mm): Track [I2S_MCLK] on F.Cu, length 7.8489 mm
    @(167.1200 mm, 202.5400 mm): PTH pad 75 [I2S_MCLK] of J9
[unconnected_items]: Missing connection between items
    Local override; error
    @(159.5000 mm, 202.5400 mm): PTH pad 69 [AOUT0] of J9
    @(182.7500 mm, 78.8000 mm): Pad 48 [AOUT0] of J11 on F.Cu
[unconnected_items]: Missing connection between items
    Local override; error
    @(179.0000 mm, 93.7250 mm): Track [GPIO2] on F.Cu, length 6.4347 mm
    @(121.4000 mm, 202.5400 mm): PTH pad 39 [GPIO2] of J9
[unconnected_items]: Missing connection between items
    Local override; error
    @(294.0671 mm, 175.5000 mm): Track [UART0_RX] on F.Cu, length 1.0671 mm
    @(285.5400 mm, 140.2400 mm): PTH pad 14 [UART0_RX] of J5
[unconnected_items]: Missing connection between items
    Local override; error
    @(210.0000 mm, 87.0000 mm): Pad 149 [UART0_RX] of J11 on F.Cu
    @(276.3510 mm, 138.8510 mm): Track [UART0_RX] on F.Cu, length 13.9314 mm
[unconnected_items]: Missing connection between items
    Local override; error
    @(316.1800 mm, 198.6800 mm): Track [UART0_TX] on F.Cu, length 20.0535 mm
    @(278.1490 mm, 138.8510 mm): Track [UART0_TX] on In2.Cu, length 6.2400 mm
[unconnected_items]: Missing connection between items
    Local override; error
    @(312.3742 mm, 180.8742 mm): Track [MCU_EN] on F.Cu, length 13.9643 mm
    @(206.7500 mm, 78.8000 mm): Pad 144 [MCU_EN] of J11 on F.Cu
[unconnected_items]: Missing connection between items
    Local override; error
    @(176.2680 mm, 82.0000 mm): Track [UART2_TX] on F.Cu, length 1.2320 mm
    @(289.1000 mm, 178.0000 mm): Track [UART2_TX] on F.Cu, length 2.6000 mm
[unconnected_items]: Missing connection between items
    Local override; error
    @(209.5000 mm, 87.0000 mm): Pad 147 [I2C1_SDA] of J11 on F.Cu
    @(296.8878 mm, 174.0000 mm): Track [I2C1_SDA] on F.Cu, length 0.3878 mm
[unconnected_items]: Missing connection between items
    Local override; error
    @(176.9500 mm, 92.7750 mm): Track [UART1_TX] on In2.Cu, length 22.6274 mm
    @(291.1400 mm, 177.5000 mm): Track [UART1_TX] on F.Cu, length 1.6400 mm
[unconnected_items]: Missing connection between items
    Local override; error
    @(327.4910 mm, 199.4910 mm): Track [MCU_BOOT1] on F.Cu, length 38.1710 mm
    @(209.0000 mm, 87.0000 mm): Pad 145 [MCU_BOOT1] of J11 on F.Cu
[unconnected_items]: Missing connection between items
    Local override; error
    @(271.0000 mm, 174.5000 mm): Track [I2C0_SCL] on In1.Cu, length 9.8995 mm
    @(177.7750 mm, 95.2750 mm): Track [I2C0_SCL] on In2.Cu, length 8.0964 mm
[unconnected_items]: Missing connection between items
    Local override; error
    @(210.5000 mm, 87.0000 mm): Pad 151 [UART2_RX] of J11 on F.Cu
    @(310.4729 mm, 202.5400 mm): Track [UART2_RX] on F.Cu, length 34.6099 mm
[unconnected_items]: Missing connection between items
    Local override; error
    @(293.8590 mm, 172.5990 mm): Track [I2C1_SCL] on F.Cu, length 8.6600 mm
    @(184.4500 mm, 86.7750 mm): Track [I2C1_SCL] on B.Cu, length 1.6000 mm
[unconnected_items]: Missing connection between items
    Local override; error
    @(311.1900 mm, 182.0000 mm): Track [MCU_RST_N] on In1.Cu, length 33.6900 mm
    @(305.4420 mm, 182.0000 mm): Track [MCU_RST_N] on B.Cu, length 0.0014 mm
[unconnected_items]: Missing connection between items
    Local override; error
    @(189.5000 mm, 108.5000 mm): Track [MCU_RST_N] on In2.Cu, length 1.0000 mm
    @(277.5000 mm, 182.0000 mm): Track [MCU_RST_N] on In1.Cu, length 9.8995 mm
[unconnected_items]: Missing connection between items
    Local override; error
    @(311.7910 mm, 181.7511 mm): Track [I2C2_SDA] on In1.Cu, length 1.0399 mm
    @(293.4101 mm, 173.0000 mm): Track [I2C2_SDA] on F.Cu, length 0.4101 mm
[unconnected_items]: Missing connection between items
    Local override; error
    @(85.0400 mm, 128.2400 mm): PTH pad 14 [NET_D2_EVEN] of J3
    @(85.0400 mm, 130.7800 mm): PTH pad 16 [NET_D2_EVEN] of J3
[unconnected_items]: Missing connection between items
    Local override; error
    @(184.0000 mm, 87.0000 mm): Pad 53 [NET_D2_EVEN] of J11 on F.Cu
    @(85.0400 mm, 128.2400 mm): PTH pad 14 [NET_D2_EVEN] of J3
[unconnected_items]: Missing connection between items
    Local override; error
    @(152.1500 mm, 79.5000 mm): Track [+1v8] on F.Cu, length 12.2329 mm
    @(143.5000 mm, 77.1500 mm): Pad 2 [+1v8] of U4 on F.Cu
[unconnected_items]: Missing connection between items
    Local override; error
    @(187.7500 mm, 78.8000 mm): Pad 68 [+1v8] of J11 on F.Cu
    @(194.2500 mm, 78.8000 mm): Pad 94 [+1v8] of J11 on F.Cu
[unconnected_items]: Missing connection between items
    Local override; error
    @(222.5000 mm, 87.0000 mm): Pad 199 [+1v8] of J11 on F.Cu
    @(228.7500 mm, 78.8000 mm): Pad 224 [+1v8] of J11 on F.Cu
[unconnected_items]: Missing connection between items
    Local override; error
    @(204.5000 mm, 87.0000 mm): Pad 135 [+1v8] of J11 on F.Cu
    @(194.2500 mm, 78.8000 mm): Pad 94 [+1v8] of J11 on F.Cu
[unconnected_items]: Missing connection between items
    Local override; error
    @(172.0000 mm, 87.0000 mm): Track [+1v8] on F.Cu, length 2.1750 mm
    @(187.7500 mm, 78.8000 mm): Pad 68 [+1v8] of J11 on F.Cu
[unconnected_items]: Missing connection between items
    Local override; error
    @(204.5000 mm, 87.0000 mm): Pad 135 [+1v8] of J11 on F.Cu
    @(222.5000 mm, 87.0000 mm): Pad 199 [+1v8] of J11 on F.Cu
[unconnected_items]: Missing connection between items
    Local override; error
    @(288.0671 mm, 194.5000 mm): Track [+1v8] on B.Cu, length 0.5671 mm
    @(260.0800 mm, 200.0000 mm): PTH pad 56 [+1v8] of J10
[unconnected_items]: Missing connection between items
    Local override; error
    @(211.8200 mm, 202.5400 mm): Track [+1v8] on B.Cu, length 2.5400 mm
    @(260.0800 mm, 200.0000 mm): Track [+1v8] on B.Cu, length 2.5400 mm
[unconnected_items]: Missing connection between items
    Local override; error
    @(204.5000 mm, 87.0000 mm): Pad 135 [+1v8] of J11 on F.Cu
    @(208.8200 mm, 197.0000 mm): Track [+1v8] on F.Cu, length 0.8200 mm
[unconnected_items]: Missing connection between items
    Local override; error
    @(85.8400 mm, 202.5400 mm): Track [+1v8] on B.Cu, length 2.5400 mm
    @(208.8200 mm, 197.0000 mm): Track [+1v8] on F.Cu, length 0.8200 mm
[unconnected_items]: Missing connection between items
    Local override; error
    @(354.2800 mm, 200.0000 mm): PTH pad 5 [+5V] of J6
    @(354.0000 mm, 202.5000 mm): Track [+5V] on F.Cu, length 0.4600 mm
[unconnected_items]: Missing connection between items
    Local override; error
    @(193.7500 mm, 78.8000 mm): Pad 92 [+5V] of J11 on F.Cu
    @(187.2500 mm, 78.8000 mm): Track [+5V] on F.Cu, length 2.0500 mm
[unconnected_items]: Missing connection between items
    Local override; error
    @(228.5000 mm, 87.0000 mm): Pad 223 [+5V] of J11 on F.Cu
    @(222.0000 mm, 87.0000 mm): Pad 197 [+5V] of J11 on F.Cu
[unconnected_items]: Missing connection between items
    Local override; error
    @(193.7500 mm, 78.8000 mm): Pad 92 [+5V] of J11 on F.Cu
    @(204.2500 mm, 78.8000 mm): Pad 134 [+5V] of J11 on F.Cu
[unconnected_items]: Missing connection between items
    Local override; error
    @(204.2500 mm, 78.8000 mm): Pad 134 [+5V] of J11 on F.Cu
    @(222.0000 mm, 87.0000 mm): Pad 197 [+5V] of J11 on F.Cu
[unconnected_items]: Missing connection between items
    Local override; error
    @(350.8619 mm, 204.1381 mm): Track [+5V] on F.Cu, length 6.2252 mm
    @(322.5000 mm, 209.5000 mm): Track [+5V] on F.Cu, length 0.2135 mm
[unconnected_items]: Missing connection between items
    Local override; error
    @(214.8733 mm, 210.0456 mm): Track [+5V] on F.Cu, length 5.2460 mm
    @(255.0000 mm, 202.5400 mm): PTH pad 51 [+5V] of J10
[unconnected_items]: Missing connection between items
    Local override; error
    @(255.0000 mm, 202.5400 mm): PTH pad 51 [+5V] of J10
    @(322.5000 mm, 209.5000 mm): Track [+5V] on F.Cu, length 0.2135 mm
[unconnected_items]: Missing connection between items
    Local override; error
    @(109.9050 mm, 121.2490 mm): Track [+12V] on F.Cu, length 0.7288 mm
    @(132.9265 mm, 102.5000 mm): Pad 2 [+12V] of IC3 on F.Cu
[unconnected_items]: Missing connection between items
    Local override; error
    @(85.0400 mm, 115.5400 mm): PTH pad 4 [+3.3V] of J3
    @(82.5000 mm, 115.5400 mm): PTH pad 3 [+3.3V] of J3
[unconnected_items]: Missing connection between items
    Local override; error
    @(333.0000 mm, 208.5000 mm): Track [+3.3V] on B.Cu, length 16.5000 mm
    @(351.7400 mm, 202.5400 mm): Track [+3.3V] on B.Cu, length 2.5400 mm
[unconnected_items]: Missing connection between items
    Local override; error
    @(194.0000 mm, 87.0000 mm): Pad 93 [+3.3V] of J11 on F.Cu
    @(187.5000 mm, 87.0000 mm): Pad 67 [+3.3V] of J11 on F.Cu
[unconnected_items]: Missing connection between items
    Local override; error
    @(229.0000 mm, 88.0000 mm): Track [+3.3V] on F.Cu, length 1.0000 mm
    @(222.2500 mm, 78.8000 mm): Pad 198 [+3.3V] of J11 on F.Cu
[unconnected_items]: Missing connection between items
    Local override; error
    @(170.5000 mm, 78.2250 mm): Track [+3.3V] on B.Cu, length 1.3435 mm
    @(171.9990 mm, 65.5010 mm): Track [+3.3V] on B.Cu, length 20.5047 mm
[unconnected_items]: Missing connection between items
    Local override; error
    @(204.7500 mm, 78.8000 mm): Pad 136 [+3.3V] of J11 on F.Cu
    @(194.0000 mm, 87.0000 mm): Pad 93 [+3.3V] of J11 on F.Cu
[unconnected_items]: Missing connection between items
    Local override; error
    @(222.2500 mm, 78.8000 mm): Pad 198 [+3.3V] of J11 on F.Cu
    @(204.7500 mm, 78.8000 mm): Pad 136 [+3.3V] of J11 on F.Cu
[unconnected_items]: Missing connection between items
    Local override; error
    @(288.0000 mm, 194.0000 mm): Track [+3.3V] on B.Cu, length 0.7071 mm
    @(257.5400 mm, 200.0000 mm): Track [+3.3V] on B.Cu, length 2.5400 mm
[unconnected_items]: Missing connection between items
    Local override; error
    @(132.9000 mm, 80.0000 mm): Pad 2 [+3.3V] of IC1 on F.Cu
    @(85.0400 mm, 115.5400 mm): PTH pad 4 [+3.3V] of J3
[unconnected_items]: Missing connection between items
    Local override; error
    @(107.8501 mm, 121.8000 mm): Track [VDD_MCU_CTL_3v3] on F.Cu, length 1.1499 mm
    @(115.0000 mm, 122.0000 mm): Rectangle [VDD_MCU_CTL_3v3] on F.Cu

** Found 7 Footprint errors **
[footprint_symbol_mismatch]: ACS37041:APS12628LLHALTBAP doesn't match footprint given by symbol (APS12628LLHALTBAP).
    Local override; warning
    @(131.9500 mm, 78.8000 mm): Footprint IC1
[footprint_symbol_mismatch]: ACS37041:APS12628LLHALTBAP doesn't match footprint given by symbol (APS12628LLHALTBAP).
    Local override; warning
    @(131.9118 mm, 89.9693 mm): Footprint IC2
[footprint_symbol_mismatch]: ACS37041:APS12628LLHALTBAP doesn't match footprint given by symbol (APS12628LLHALTBAP).
    Local override; warning
    @(131.9765 mm, 101.3000 mm): Footprint IC3
[net_conflict]: No pad found for pin MP1 in schematic.
    Local override; warning
    @(204.3750 mm, 74.9750 mm): Footprint J11
[net_conflict]: No pad found for pin MP2 in schematic.
    Local override; warning
    @(204.3750 mm, 74.9750 mm): Footprint J11
[missing_footprint]: Missing footprint J7 (Conn_02x08_Odd_Even)
    Local override; warning
[missing_footprint]: Missing footprint J8 (Conn_01x08_Pin)
    Local override; warning

** End of Report **
