ERC report (2026-01-08T23:25:13+0000, Encoding UTF8)

***** Sheet /
[lib_symbol_issues]: The current configuration does not include the symbol library '10141995-005RLF'
    ; warning
    @(45.72 mm, 73.66 mm): Symbol J11 [10141995-005RLF]
[global_label_dangling]: Global label not connected anywhere else in the schematic
    ; warning
    @(180.34 mm, 38.10 mm): Global Label 'NET_RST_N'
[global_label_dangling]: Global label not connected anywhere else in the schematic
    ; warning
    @(182.88 mm, 38.10 mm): Global Label 'RMII_TXD1'
[global_label_dangling]: Global label not connected anywhere else in the schematic
    ; warning
    @(185.42 mm, 38.10 mm): Global Label 'RMII_RXD1'
[global_label_dangling]: Global label not connected anywhere else in the schematic
    ; warning
    @(175.26 mm, 83.82 mm): Global Label 'NET_SPI_SCK'
[global_label_dangling]: Global label not connected anywhere else in the schematic
    ; warning
    @(180.34 mm, 83.82 mm): Global Label 'NET_INT_N'
[global_label_dangling]: Global label not connected anywhere else in the schematic
    ; warning
    @(182.88 mm, 83.82 mm): Global Label 'RMII_TXD0'
[global_label_dangling]: Global label not connected anywhere else in the schematic
    ; warning
    @(185.42 mm, 83.82 mm): Global Label 'RMII_RXD0'
[unconnected_wire_endpoint]: Unconnected wire endpoint
    ; warning
    @(294.64 mm, 48.26 mm): Vertical Wire, length 10.16 mm
[unconnected_wire_endpoint]: Unconnected wire endpoint
    ; warning
    @(297.18 mm, 48.26 mm): Vertical Wire, length 10.16 mm
[unconnected_wire_endpoint]: Unconnected wire endpoint
    ; warning
    @(294.64 mm, 83.82 mm): Vertical Wire, length 10.16 mm
[unconnected_wire_endpoint]: Unconnected wire endpoint
    ; warning
    @(297.18 mm, 83.82 mm): Vertical Wire, length 10.16 mm
[global_label_dangling]: Global label not connected anywhere else in the schematic
    ; warning
    @(215.90 mm, 373.38 mm): Global Label 'PWR_GOOD'
[lib_symbol_issues]: The current configuration does not include the symbol library 'Connector_Generic'
    ; warning
    @(111.76 mm, 109.22 mm): Symbol J6 [Conn_02x20_Odd_Even]
[lib_symbol_issues]: The current configuration does not include the symbol library 'Connector_Generic'
    ; warning
    @(185.42 mm, 132.08 mm): Symbol J9 [Conn_02x40_Odd_Even]
[lib_symbol_issues]: The current configuration does not include the symbol library 'Connector_Generic'
    ; warning
    @(269.24 mm, 132.08 mm): Symbol J10 [Conn_02x40_Odd_Even]
[lib_symbol_issues]: The current configuration does not include the symbol library 'Connector_Generic'
    ; warning
    @(208.28 mm, 248.92 mm): Symbol J7 [Conn_02x08_Odd_Even]
[lib_symbol_issues]: The current configuration does not include the symbol library 'Connector'
    ; warning
    @(243.84 mm, 246.38 mm): Symbol J8 [Conn_01x08_Pin]
[lib_symbol_issues]: The current configuration does not include the symbol library 'Connector_Generic'
    ; warning
    @(203.20 mm, 142.24 mm): Symbol J4 [Conn_02x15_Odd_Even]
[global_label_dangling]: Global label not connected anywhere else in the schematic
    ; warning
    @(182.88 mm, 121.92 mm): Global Label 'NET_D0_ODD'
[global_label_dangling]: Global label not connected anywhere else in the schematic
    ; warning
    @(182.88 mm, 124.46 mm): Global Label 'NET_D1_ODD'
[global_label_dangling]: Global label not connected anywhere else in the schematic
    ; warning
    @(182.88 mm, 127.00 mm): Global Label 'NET_D2_ODD'
[global_label_dangling]: Global label not connected anywhere else in the schematic
    ; warning
    @(182.88 mm, 129.54 mm): Global Label 'NET_D3_ODD'
[lib_symbol_issues]: The current configuration does not include the symbol library 'Connector_Generic'
    ; warning
    @(200.66 mm, 124.46 mm): Symbol J3 [Conn_02x12_Odd_Even]
[global_label_dangling]: Global label not connected anywhere else in the schematic
    ; warning
    @(226.06 mm, 116.84 mm): Global Label 'NET_CLK_EVEN'
[global_label_dangling]: Global label not connected anywhere else in the schematic
    ; warning
    @(198.12 mm, 160.02 mm): Global Label 'NET_CLK_EVEN'
[global_label_dangling]: Global label not connected anywhere else in the schematic
    ; warning
    @(226.06 mm, 134.62 mm): Global Label 'NET_CTL1_EVEN'
[global_label_dangling]: Global label not connected anywhere else in the schematic
    ; warning
    @(210.82 mm, 160.02 mm): Global Label 'NET_SPI_CLK'
[global_label_dangling]: Global label not connected anywhere else in the schematic
    ; warning
    @(226.06 mm, 139.70 mm): Global Label 'PHY_RST_N_EVEN'
[global_label_dangling]: Global label not connected anywhere else in the schematic
    ; warning
    @(198.12 mm, 177.80 mm): Global Label 'NET_CTL1_EVEN'
[global_label_dangling]: Global label not connected anywhere else in the schematic
    ; warning
    @(198.12 mm, 182.88 mm): Global Label 'PHY_RST_N_EVEN'
[global_label_dangling]: Global label not connected anywhere else in the schematic
    ; warning
    @(210.82 mm, 177.80 mm): Global Label 'NET_SPI_INT_N'
[global_label_dangling]: Global label not connected anywhere else in the schematic
    ; warning
    @(210.82 mm, 182.88 mm): Global Label 'NET_SPI_RST_N'
[global_label_dangling]: Global label not connected anywhere else in the schematic
    ; warning
    @(198.12 mm, 200.66 mm): Global Label 'NET_D0_ODD'
[global_label_dangling]: Global label not connected anywhere else in the schematic
    ; warning
    @(198.12 mm, 203.20 mm): Global Label 'NET_D1_ODD'
[global_label_dangling]: Global label not connected anywhere else in the schematic
    ; warning
    @(198.12 mm, 205.74 mm): Global Label 'NET_D2_ODD'
[global_label_dangling]: Global label not connected anywhere else in the schematic
    ; warning
    @(198.12 mm, 208.28 mm): Global Label 'NET_D3_ODD'
[global_label_dangling]: Global label not connected anywhere else in the schematic
    ; warning
    @(210.82 mm, 200.66 mm): Global Label 'RMII_TX0'
[global_label_dangling]: Global label not connected anywhere else in the schematic
    ; warning
    @(210.82 mm, 203.20 mm): Global Label 'RMII_TX1'
[global_label_dangling]: Global label not connected anywhere else in the schematic
    ; warning
    @(210.82 mm, 205.74 mm): Global Label 'RMII_RX0'
[global_label_dangling]: Global label not connected anywhere else in the schematic
    ; warning
    @(210.82 mm, 208.28 mm): Global Label 'RMII_RX1'
[global_label_dangling]: Global label not connected anywhere else in the schematic
    ; warning
    @(190.50 mm, 134.62 mm): Global Label 'WIFI_EN'
[global_label_dangling]: Global label not connected anywhere else in the schematic
    ; warning
    @(190.50 mm, 137.16 mm): Global Label 'WIFI_INT_N'
[lib_symbol_issues]: The current configuration does not include the symbol library 'Connector_Generic'
    ; warning
    @(205.74 mm, 132.08 mm): Symbol J5 [Conn_02x08_Odd_Even]
[global_label_dangling]: Global label not connected anywhere else in the schematic
    ; warning
    @(220.98 mm, 134.62 mm): Global Label 'WIFI_RST_N'
[unconnected_wire_endpoint]: Unconnected wire endpoint
    ; warning
    @(213.36 mm, 134.62 mm): Horizontal Wire, length 8.89 mm
[footprint_link_issues]: The current configuration does not include the footprint library 'Barrel Jack'.
    ; warning
    @(35.56 mm, 30.48 mm): Symbol J22 [Barrel_Jack]
[lib_symbol_issues]: The current configuration does not include the symbol library 'Connector'
    ; warning
    @(35.56 mm, 30.48 mm): Symbol J22 [Barrel_Jack]
[lib_symbol_issues]: The current configuration does not include the symbol library 'power'
    ; warning
    @(45.72 mm, 22.86 mm): Symbol #PWR018 [+24V]
[lib_symbol_issues]: The current configuration does not include the symbol library 'power'
    ; warning
    @(45.72 mm, 40.64 mm): Symbol #PWR019 [GND]
[lib_symbol_issues]: The current configuration does not include the symbol library 'power'
    ; warning
    @(35.56 mm, 96.52 mm): Symbol #PWR029 [+24V]
[label_dangling]: Label not connected to anything
    ; error
    @(45.72 mm, 109.22 mm): Label 'UCE_MCU_VCTL_3v3'
[lib_symbol_issues]: The current configuration does not include the symbol library 'power'
    ; warning
    @(106.68 mm, 68.58 mm): Symbol #PWR08 [+12V]
[lib_symbol_issues]: The current configuration does not include the symbol library 'power'
    ; warning
    @(111.76 mm, 68.58 mm): Symbol #PWR07 [+5V]
[lib_symbol_issues]: The current configuration does not include the symbol library 'PCM_SL_Pin_Headers'
    ; warning
    @(110.49 mm, 76.20 mm): Symbol J24 [PINHD_2x3_Male]
[lib_symbol_issues]: The current configuration does not include the symbol library 'power'
    ; warning
    @(118.11 mm, 68.58 mm): Symbol #PWR01 [+3.3V]
[footprint_link_issues]: The current configuration does not include the footprint library 'TDN 5WISM Series, 5 Watt'.
    ; warning
    @(83.82 mm, 109.22 mm): Symbol PS1 [TDN5-2410WI]
[lib_symbol_issues]: The current configuration does not include the symbol library 'DC-DC Converters  Traco Power'
    ; warning
    @(83.82 mm, 109.22 mm): Symbol PS1 [TDN5-2410WI]
[label_dangling]: Label not connected to anything
    ; error
    @(45.72 mm, 139.70 mm): Label 'UCE_MCU_VCTL_5V'
[no_connect_connected]: Pin with 'no connection' type is connected
    ; warning
    @(101.60 mm, 109.22 mm): Symbol PS1 Pin 5 [NC, Unconnected, Line]
    @(101.60 mm, 109.22 mm): Vertical Wire, length 5.08 mm
[lib_symbol_issues]: The current configuration does not include the symbol library 'power'
    ; warning
    @(137.16 mm, 68.58 mm): Symbol #PWR02 [+12V]
[lib_symbol_issues]: The current configuration does not include the symbol library 'power'
    ; warning
    @(142.24 mm, 68.58 mm): Symbol #PWR03 [+5V]
[lib_symbol_issues]: The current configuration does not include the symbol library 'PCM_SL_Pin_Headers'
    ; warning
    @(140.97 mm, 76.20 mm): Symbol J25 [PINHD_2x3_Male]
[footprint_link_issues]: The current configuration does not include the footprint library 'TDN 5WISM Series, 5 Watt'.
    ; warning
    @(83.82 mm, 139.70 mm): Symbol PS2 [TDN5-2411WISM]
[lib_symbol_issues]: The current configuration does not include the symbol library 'DC-DC Converters  Traco Power  TDN5-2411WI'
    ; warning
    @(83.82 mm, 139.70 mm): Symbol PS2 [TDN5-2411WISM]
[lib_symbol_issues]: The current configuration does not include the symbol library 'power'
    ; warning
    @(148.59 mm, 68.58 mm): Symbol #PWR04 [+3.3V]
[no_connect_connected]: Pin with 'no connection' type is connected
    ; warning
    @(101.60 mm, 139.70 mm): Symbol PS2 Pin 5 [NC, Unconnected, Line]
    @(101.60 mm, 139.70 mm): Vertical Wire, length 5.08 mm
[lib_symbol_issues]: The current configuration does not include the symbol library 'PCM_SL_Pin_Headers'
    ; warning
    @(137.16 mm, 107.95 mm): Symbol J1 [PINHD_1x20_Male]
[label_dangling]: Label not connected to anything
    ; error
    @(45.72 mm, 172.72 mm): Label 'UCE_MCU_VCTL_12v'
[lib_symbol_issues]: The current configuration does not include the symbol library 'power'
    ; warning
    @(170.18 mm, 68.58 mm): Symbol #PWR05 [+12V]
[lib_symbol_issues]: The current configuration does not include the symbol library 'power'
    ; warning
    @(175.26 mm, 68.58 mm): Symbol #PWR09 [+5V]
[lib_symbol_issues]: The current configuration does not include the symbol library 'PCM_SL_Pin_Headers'
    ; warning
    @(173.99 mm, 76.20 mm): Symbol J26 [PINHD_2x3_Male]
[footprint_link_issues]: The current configuration does not include the footprint library 'TDN 5WISM Series, 5 Watt'.
    ; warning
    @(83.82 mm, 172.72 mm): Symbol PS3 [TDN_5-2412WISM]
[lib_symbol_issues]: The current configuration does not include the symbol library 'DC-DC Converters  Traco Power  TDN5-2412WI'
    ; warning
    @(83.82 mm, 172.72 mm): Symbol PS3 [TDN_5-2412WISM]
[lib_symbol_issues]: The current configuration does not include the symbol library 'power'
    ; warning
    @(40.64 mm, 187.96 mm): Symbol #PWR024 [GND]
[lib_symbol_issues]: The current configuration does not include the symbol library 'power'
    ; warning
    @(181.61 mm, 68.58 mm): Symbol #PWR010 [+3.3V]
[lib_symbol_issues]: The current configuration does not include the symbol library 'PCM_SL_Pin_Headers'
    ; warning
    @(167.64 mm, 107.95 mm): Symbol J2 [PINHD_1x20_Male]
[no_connect_connected]: Pin with 'no connection' type is connected
    ; warning
    @(101.60 mm, 172.72 mm): Symbol PS3 Pin 5 [NC, Unconnected, Line]
    @(101.60 mm, 172.72 mm): Vertical Wire, length 5.08 mm
[lib_symbol_issues]: The current configuration does not include the symbol library 'power'
    ; warning
    @(203.20 mm, 68.58 mm): Symbol #PWR011 [+12V]
[lib_symbol_issues]: The current configuration does not include the symbol library 'power'
    ; warning
    @(208.28 mm, 68.58 mm): Symbol #PWR012 [+5V]
[lib_symbol_issues]: The current configuration does not include the symbol library 'power'
    ; warning
    @(109.22 mm, 190.50 mm): Symbol #PWR032 [GND]
[lib_symbol_issues]: The current configuration does not include the symbol library 'PCM_SL_Pin_Headers'
    ; warning
    @(207.01 mm, 76.20 mm): Symbol J27 [PINHD_2x3_Male]
[lib_symbol_issues]: The current configuration does not include the symbol library 'power'
    ; warning
    @(214.63 mm, 68.58 mm): Symbol #PWR013 [+3.3V]
[lib_symbol_issues]: The current configuration does not include the symbol library 'PCM_SL_Pin_Headers'
    ; warning
    @(137.16 mm, 179.07 mm): Symbol J17 [PINHD_1x20_Male]
[lib_symbol_issues]: The current configuration does not include the symbol library 'PCM_SL_Pin_Headers'
    ; warning
    @(200.66 mm, 107.95 mm): Symbol J12 [PINHD_1x20_Male]
[lib_symbol_issues]: The current configuration does not include the symbol library 'PCM_SL_Pin_Headers'
    ; warning
    @(167.64 mm, 179.07 mm): Symbol J18 [PINHD_1x20_Male]
[lib_symbol_issues]: The current configuration does not include the symbol library 'power'
    ; warning
    @(130.81 mm, 210.82 mm): Symbol #PWR028 [GND]
[lib_symbol_issues]: The current configuration does not include the symbol library 'power'
    ; warning
    @(238.76 mm, 68.58 mm): Symbol #PWR020 [+12V]
[lib_symbol_issues]: The current configuration does not include the symbol library 'power'
    ; warning
    @(243.84 mm, 68.58 mm): Symbol #PWR021 [+5V]
[lib_symbol_issues]: The current configuration does not include the symbol library 'PCM_SL_Pin_Headers'
    ; warning
    @(242.57 mm, 76.20 mm): Symbol J30 [PINHD_2x3_Male]
[lib_symbol_issues]: The current configuration does not include the symbol library 'PCM_SL_Pin_Headers'
    ; warning
    @(233.68 mm, 107.95 mm): Symbol J13 [PINHD_1x20_Male]
[lib_symbol_issues]: The current configuration does not include the symbol library 'power'
    ; warning
    @(250.19 mm, 68.58 mm): Symbol #PWR022 [+3.3V]
[lib_symbol_issues]: The current configuration does not include the symbol library 'power'
    ; warning
    @(161.29 mm, 210.82 mm): Symbol #PWR027 [GND]
[lib_symbol_issues]: The current configuration does not include the symbol library 'PCM_SL_Pin_Headers'
    ; warning
    @(200.66 mm, 179.07 mm): Symbol J19 [PINHD_1x20_Male]
[lib_symbol_issues]: The current configuration does not include the symbol library 'power'
    ; warning
    @(270.51 mm, 68.58 mm): Symbol #PWR014 [+12V]
[lib_symbol_issues]: The current configuration does not include the symbol library 'power'
    ; warning
    @(275.59 mm, 68.58 mm): Symbol #PWR015 [+5V]
[lib_symbol_issues]: The current configuration does not include the symbol library 'PCM_SL_Pin_Headers'
    ; warning
    @(274.32 mm, 76.20 mm): Symbol J14 [PINHD_2x3_Male]
[lib_symbol_issues]: The current configuration does not include the symbol library 'power'
    ; warning
    @(194.31 mm, 210.82 mm): Symbol #PWR026 [GND]
[lib_symbol_issues]: The current configuration does not include the symbol library 'power'
    ; warning
    @(281.94 mm, 68.58 mm): Symbol #PWR016 [+3.3V]
[lib_symbol_issues]: The current configuration does not include the symbol library 'PCM_SL_Pin_Headers'
    ; warning
    @(269.24 mm, 110.49 mm): Symbol J16 [PINHD_1x10_Male]
[lib_symbol_issues]: The current configuration does not include the symbol library 'PCM_SL_Pin_Headers'
    ; warning
    @(233.68 mm, 179.07 mm): Symbol J20 [PINHD_1x20_Male]
[lib_symbol_issues]: The current configuration does not include the symbol library 'power'
    ; warning
    @(227.33 mm, 210.82 mm): Symbol #PWR025 [GND]
[lib_symbol_issues]: The current configuration does not include the symbol library 'PCM_SL_Pin_Headers'
    ; warning
    @(300.99 mm, 110.49 mm): Symbol J15 [PINHD_1x10_Male]
[lib_symbol_issues]: The current configuration does not include the symbol library 'PCM_SL_Pin_Headers'
    ; warning
    @(269.24 mm, 181.61 mm): Symbol J23 [PINHD_1x10_Male]
[lib_symbol_issues]: The current configuration does not include the symbol library 'power'
    ; warning
    @(262.89 mm, 210.82 mm): Symbol #PWR06 [GND]
[unconnected_wire_endpoint]: Unconnected wire endpoint
    ; warning
    @(262.89 mm, 210.82 mm): Vertical Wire, length 2.54 mm
[lib_symbol_issues]: The current configuration does not include the symbol library 'PCM_SL_Pin_Headers'
    ; warning
    @(300.99 mm, 181.61 mm): Symbol J21 [PINHD_1x10_Male]
[lib_symbol_issues]: The current configuration does not include the symbol library 'power'
    ; warning
    @(294.64 mm, 210.82 mm): Symbol #PWR017 [GND]
[unconnected_wire_endpoint]: Unconnected wire endpoint
    ; warning
    @(294.64 mm, 210.82 mm): Vertical Wire, length 2.54 mm
[footprint_link_issues]: The current configuration does not include the footprint library 'Shunt Rohm'.
    ; warning
    @(60.96 mm, 119.38 mm): Symbol R2 [GMR320HJAAFD5L00]
[lib_symbol_issues]: The current configuration does not include the symbol library 'Shunt Rohm'
    ; warning
    @(60.96 mm, 119.38 mm): Symbol R2 [GMR320HJAAFD5L00]
[lib_symbol_issues]: The current configuration does not include the symbol library 'power'
    ; warning
    @(83.82 mm, 111.76 mm): Symbol #PWR031 [+3.3V]
[footprint_link_issues]: The current configuration does not include the footprint library 'Shunt Rohm'.
    ; warning
    @(60.96 mm, 129.54 mm): Symbol R3 [GMR320HJAAFD5L00]
[lib_symbol_issues]: The current configuration does not include the symbol library 'Shunt Rohm'
    ; warning
    @(60.96 mm, 129.54 mm): Symbol R3 [GMR320HJAAFD5L00]
[lib_symbol_issues]: The current configuration does not include the symbol library 'power'
    ; warning
    @(91.44 mm, 111.76 mm): Symbol #PWR030 [+5V]
[lib_symbol_issues]: The current configuration does not include the symbol library 'power'
    ; warning
    @(99.06 mm, 111.76 mm): Symbol #PWR023 [+12V]
[footprint_link_issues]: The current configuration does not include the footprint library 'Shunt Rohm'.
    ; warning
    @(60.96 mm, 139.70 mm): Symbol R4 [GMR320HJAAFD5L00]
[lib_symbol_issues]: The current configuration does not include the symbol library 'Shunt Rohm'
    ; warning
    @(60.96 mm, 139.70 mm): Symbol R4 [GMR320HJAAFD5L00]
[global_label_dangling]: Global label not connected anywhere else in the schematic
    ; warning
    @(142.24 mm, 116.84 mm): Global Label '+12v Shunt'
[lib_symbol_issues]: The current configuration does not include the symbol library 'power'
    ; warning
    @(200.66 mm, 55.88 mm): Symbol #PWR033 [+3.3V]
[footprint_link_issues]: The current configuration does not include the footprint library 'Resistors SMD'.
    ; warning
    @(200.66 mm, 71.12 mm): Symbol R1 [CRCW0805100RFKEAC]
[lib_symbol_issues]: The current configuration does not include the symbol library 'CRCW0805100RFKEAC'
    ; warning
    @(200.66 mm, 71.12 mm): Symbol R1 [CRCW0805100RFKEAC]
[lib_symbol_issues]: The current configuration does not include the symbol library 'Diode'
    ; warning
    @(200.66 mm, 88.90 mm): Symbol D1 [BZV55B3V3]
[lib_symbol_issues]: The current configuration does not include the symbol library 'power'
    ; warning
    @(200.66 mm, 99.06 mm): Symbol #PWR034 [GND]
[lib_symbol_issues]: The current configuration does not include the symbol library 'MCU_ST_STM32G4'
    ; warning
    @(213.36 mm, 147.32 mm): Symbol U2 [STM32G484CETx]
[footprint_link_issues]: The current configuration does not include the footprint library 'Capacitor'.
    ; warning
    @(137.16 mm, 248.92 mm): Symbol C1 [4.7nF_Ceramic]
[lib_symbol_issues]: The current configuration does not include the symbol library 'PCM_SL_Capacitors'
    ; warning
    @(137.16 mm, 248.92 mm): Symbol C1 [4.7nF_Ceramic]
[lib_symbol_issues]: The current configuration does not include the symbol library 'power'
    ; warning
    @(213.36 mm, 193.04 mm): Symbol #PWR036 [GND]
[footprint_link_issues]: The current configuration does not include the footprint library 'Capacitor'.
    ; warning
    @(147.32 mm, 248.92 mm): Symbol C2 [4.7nF_Ceramic]
[lib_symbol_issues]: The current configuration does not include the symbol library 'PCM_SL_Capacitors'
    ; warning
    @(147.32 mm, 248.92 mm): Symbol C2 [4.7nF_Ceramic]
[footprint_link_issues]: The current configuration does not include the footprint library 'Capacitor'.
    ; warning
    @(157.48 mm, 248.92 mm): Symbol C3 [4.7nF_Ceramic]
[lib_symbol_issues]: The current configuration does not include the symbol library 'PCM_SL_Capacitors'
    ; warning
    @(157.48 mm, 248.92 mm): Symbol C3 [4.7nF_Ceramic]
[lib_symbol_issues]: The current configuration does not include the symbol library 'power'
    ; warning
    @(147.32 mm, 259.08 mm): Symbol #PWR035 [GND]
[footprint_link_issues]: The current configuration does not include the footprint library 'Capacitor'.
    ; warning
    @(167.64 mm, 248.92 mm): Symbol C4 [4.7nF_Ceramic]
[lib_symbol_issues]: The current configuration does not include the symbol library 'PCM_SL_Capacitors'
    ; warning
    @(167.64 mm, 248.92 mm): Symbol C4 [4.7nF_Ceramic]

***** Sheet /BUSes/

***** Sheet /Power/

***** Sheet /UCE board/
[multiple_net_names]: Both +3.3V and +3.3v Shunt Out are attached to the same items; +3.3V will be used in the netlist
    ; warning
    @(83.82 mm, 111.76 mm): Symbol #PWR031 Pin 1 [Power input, Line]
    @(78.74 mm, 119.38 mm): Label '+3.3v Shunt Out'
[multiple_net_names]: Both +12V and 12v Shunt Out are attached to the same items; +12V will be used in the netlist
    ; warning
    @(99.06 mm, 111.76 mm): Symbol #PWR023 Pin 1 [Power input, Line]
    @(81.28 mm, 139.70 mm): Label '12v Shunt Out'
[pin_not_connected]: Pin not connected
    ; error
    @(195.58 mm, 114.30 mm): Symbol U2 Pin 20 [VREF+, Input, Line]
[pin_not_driven]: Input pin not driven by any Output pins
    ; error
    @(195.58 mm, 114.30 mm): Symbol U2 Pin 20 [VREF+, Input, Line]
[pin_not_connected]: Pin not connected
    ; error
    @(195.58 mm, 119.38 mm): Symbol U2 Pin 7 [PG10, Bidirectional, Line]
[pin_not_connected]: Pin not connected
    ; error
    @(195.58 mm, 124.46 mm): Symbol U2 Pin 5 [PF0, Bidirectional, Line]
[pin_not_connected]: Pin not connected
    ; error
    @(195.58 mm, 127.00 mm): Symbol U2 Pin 6 [PF1, Bidirectional, Line]
[pin_not_connected]: Pin not connected
    ; error
    @(208.28 mm, 106.68 mm): Symbol U2 Pin 1 [VBAT, Power input, Line]
[power_pin_not_driven]: Input Power pin not driven by any Output Power pins
    ; error
    @(208.28 mm, 106.68 mm): Symbol U2 Pin 1 [VBAT, Power input, Line]
[pin_not_connected]: Pin not connected
    ; error
    @(195.58 mm, 132.08 mm): Symbol U2 Pin 2 [PC13, Bidirectional, Line]
[pin_not_connected]: Pin not connected
    ; error
    @(195.58 mm, 134.62 mm): Symbol U2 Pin 3 [PC14, Bidirectional, Line]
[pin_not_connected]: Pin not connected
    ; error
    @(195.58 mm, 137.16 mm): Symbol U2 Pin 4 [PC15, Bidirectional, Line]
[power_pin_not_driven]: Input Power pin not driven by any Output Power pins
    ; error
    @(218.44 mm, 106.68 mm): Symbol U2 Pin 21 [VDDA, Power input, Line]
[pin_not_connected]: Pin not connected
    ; error
    @(195.58 mm, 144.78 mm): Symbol U2 Pin 17 [PB1, Bidirectional, Line]
[pin_not_connected]: Pin not connected
    ; error
    @(195.58 mm, 149.86 mm): Symbol U2 Pin 40 [PB3, Bidirectional, Line]
[pin_not_connected]: Pin not connected
    ; error
    @(195.58 mm, 152.40 mm): Symbol U2 Pin 41 [PB4, Bidirectional, Line]
[pin_not_connected]: Pin not connected
    ; error
    @(195.58 mm, 154.94 mm): Symbol U2 Pin 42 [PB5, Bidirectional, Line]
[pin_not_connected]: Pin not connected
    ; error
    @(195.58 mm, 157.48 mm): Symbol U2 Pin 43 [PB6, Bidirectional, Line]
[pin_not_connected]: Pin not connected
    ; error
    @(195.58 mm, 160.02 mm): Symbol U2 Pin 44 [PB7, Bidirectional, Line]
[pin_not_connected]: Pin not connected
    ; error
    @(195.58 mm, 162.56 mm): Symbol U2 Pin 45 [PB8, Bidirectional, Line]
[pin_not_connected]: Pin not connected
    ; error
    @(195.58 mm, 165.10 mm): Symbol U2 Pin 46 [PB9, Bidirectional, Line]
[pin_not_connected]: Pin not connected
    ; error
    @(195.58 mm, 167.64 mm): Symbol U2 Pin 22 [PB10, Bidirectional, Line]
[pin_not_connected]: Pin not connected
    ; error
    @(231.14 mm, 114.30 mm): Symbol U2 Pin 8 [PA0, Bidirectional, Line]
[pin_not_connected]: Pin not connected
    ; error
    @(195.58 mm, 170.18 mm): Symbol U2 Pin 25 [PB11, Bidirectional, Line]
[pin_not_connected]: Pin not connected
    ; error
    @(231.14 mm, 119.38 mm): Symbol U2 Pin 10 [PA2, Bidirectional, Line]
[pin_not_connected]: Pin not connected
    ; error
    @(195.58 mm, 172.72 mm): Symbol U2 Pin 26 [PB12, Bidirectional, Line]
[pin_not_connected]: Pin not connected
    ; error
    @(231.14 mm, 124.46 mm): Symbol U2 Pin 12 [PA4, Bidirectional, Line]
[pin_not_connected]: Pin not connected
    ; error
    @(195.58 mm, 175.26 mm): Symbol U2 Pin 27 [PB13, Bidirectional, Line]
[pin_not_connected]: Pin not connected
    ; error
    @(195.58 mm, 177.80 mm): Symbol U2 Pin 28 [PB14, Bidirectional, Line]
[pin_not_connected]: Pin not connected
    ; error
    @(231.14 mm, 129.54 mm): Symbol U2 Pin 14 [PA6, Bidirectional, Line]
[pin_not_connected]: Pin not connected
    ; error
    @(195.58 mm, 180.34 mm): Symbol U2 Pin 29 [PB15, Bidirectional, Line]
[pin_not_connected]: Pin not connected
    ; error
    @(231.14 mm, 134.62 mm): Symbol U2 Pin 30 [PA8, Bidirectional, Line]
[pin_not_connected]: Pin not connected
    ; error
    @(231.14 mm, 137.16 mm): Symbol U2 Pin 31 [PA9, Bidirectional, Line]
[pin_not_connected]: Pin not connected
    ; error
    @(231.14 mm, 139.70 mm): Symbol U2 Pin 32 [PA10, Bidirectional, Line]
[multiple_net_names]: Both +5V and +5v Shunt Out are attached to the same items; +5V will be used in the netlist
    ; warning
    @(91.44 mm, 111.76 mm): Symbol #PWR030 Pin 1 [Power input, Line]
    @(236.22 mm, 132.08 mm): Label '+5v Shunt Out'
[pin_not_connected]: Pin not connected
    ; error
    @(231.14 mm, 142.24 mm): Symbol U2 Pin 33 [PA11, Bidirectional, Line]
[pin_not_connected]: Pin not connected
    ; error
    @(231.14 mm, 144.78 mm): Symbol U2 Pin 34 [PA12, Bidirectional, Line]
[pin_not_connected]: Pin not connected
    ; error
    @(231.14 mm, 147.32 mm): Symbol U2 Pin 37 [PA13, Bidirectional, Line]
[pin_not_connected]: Pin not connected
    ; error
    @(231.14 mm, 149.86 mm): Symbol U2 Pin 38 [PA14, Bidirectional, Line]
[pin_not_connected]: Pin not connected
    ; error
    @(231.14 mm, 152.40 mm): Symbol U2 Pin 39 [PA15, Bidirectional, Line]

***** Sheet /BUSes/UCE_Bus/
[pin_not_connected]: Pin not connected
    ; error
    @(294.64 mm, 48.26 mm): Symbol J11 Pin 230 [230, Passive, Line]
[pin_not_connected]: Pin not connected
    ; error
    @(297.18 mm, 48.26 mm): Symbol J11 Pin 231 [231, Passive, Line]
[pin_not_connected]: Pin not connected
    ; error
    @(299.72 mm, 48.26 mm): Symbol J11 Pin 232 [232, Passive, Line]
[pin_not_connected]: Pin not connected
    ; error
    @(294.64 mm, 73.66 mm): Symbol J11 Pin 99 [99, Passive, Line]
[pin_not_connected]: Pin not connected
    ; error
    @(302.26 mm, 48.26 mm): Symbol J11 Pin 233 [233, Passive, Line]
[pin_not_connected]: Pin not connected
    ; error
    @(297.18 mm, 73.66 mm): Symbol J11 Pin 100 [100, Passive, Line]
[pin_not_connected]: Pin not connected
    ; error
    @(304.80 mm, 48.26 mm): Symbol J11 Pin 234 [234, Passive, Line]
[pin_not_connected]: Pin not connected
    ; error
    @(299.72 mm, 73.66 mm): Symbol J11 Pin 101 [101, Passive, Line]
[pin_not_connected]: Pin not connected
    ; error
    @(302.26 mm, 73.66 mm): Symbol J11 Pin 102 [102, Passive, Line]
[pin_not_connected]: Pin not connected
    ; error
    @(304.80 mm, 73.66 mm): Symbol J11 Pin 103 [103, Passive, Line]
[pin_not_connected]: Pin not connected
    ; error
    @(309.88 mm, 48.26 mm): Symbol J11 Pin 236 [236, Passive, Line]
[pin_not_connected]: Pin not connected
    ; error
    @(307.34 mm, 73.66 mm): Symbol J11 Pin 104 [104, Passive, Line]
[pin_not_connected]: Pin not connected
    ; error
    @(312.42 mm, 48.26 mm): Symbol J11 Pin 237 [237, Passive, Line]
[pin_not_connected]: Pin not connected
    ; error
    @(309.88 mm, 73.66 mm): Symbol J11 Pin 105 [105, Passive, Line]
[pin_not_connected]: Pin not connected
    ; error
    @(314.96 mm, 48.26 mm): Symbol J11 Pin 238 [238, Passive, Line]
[pin_not_connected]: Pin not connected
    ; error
    @(312.42 mm, 73.66 mm): Symbol J11 Pin 106 [106, Passive, Line]
[pin_not_connected]: Pin not connected
    ; error
    @(317.50 mm, 48.26 mm): Symbol J11 Pin 239 [239, Passive, Line]
[pin_not_connected]: Pin not connected
    ; error
    @(314.96 mm, 73.66 mm): Symbol J11 Pin 107 [107, Passive, Line]
[pin_not_connected]: Pin not connected
    ; error
    @(320.04 mm, 48.26 mm): Symbol J11 Pin 240 [240, Passive, Line]
[pin_not_connected]: Pin not connected
    ; error
    @(317.50 mm, 73.66 mm): Symbol J11 Pin 108 [108, Passive, Line]
[pin_not_connected]: Pin not connected
    ; error
    @(322.58 mm, 48.26 mm): Symbol J11 Pin 241 [241, Passive, Line]
[pin_not_connected]: Pin not connected
    ; error
    @(320.04 mm, 73.66 mm): Symbol J11 Pin 109 [109, Passive, Line]
[pin_not_connected]: Pin not connected
    ; error
    @(325.12 mm, 48.26 mm): Symbol J11 Pin 242 [242, Passive, Line]
[pin_not_connected]: Pin not connected
    ; error
    @(322.58 mm, 73.66 mm): Symbol J11 Pin 110 [110, Passive, Line]
[pin_not_connected]: Pin not connected
    ; error
    @(327.66 mm, 48.26 mm): Symbol J11 Pin 243 [243, Passive, Line]
[pin_not_connected]: Pin not connected
    ; error
    @(325.12 mm, 73.66 mm): Symbol J11 Pin 111 [111, Passive, Line]
[pin_not_connected]: Pin not connected
    ; error
    @(330.20 mm, 48.26 mm): Symbol J11 Pin 244 [244, Passive, Line]
[pin_not_connected]: Pin not connected
    ; error
    @(327.66 mm, 73.66 mm): Symbol J11 Pin 112 [112, Passive, Line]
[pin_not_connected]: Pin not connected
    ; error
    @(332.74 mm, 48.26 mm): Symbol J11 Pin 245 [245, Passive, Line]
[pin_not_connected]: Pin not connected
    ; error
    @(330.20 mm, 73.66 mm): Symbol J11 Pin 113 [113, Passive, Line]
[pin_not_connected]: Pin not connected
    ; error
    @(335.28 mm, 48.26 mm): Symbol J11 Pin 246 [246, Passive, Line]
[pin_not_connected]: Pin not connected
    ; error
    @(332.74 mm, 73.66 mm): Symbol J11 Pin 114 [114, Passive, Line]
[pin_not_connected]: Pin not connected
    ; error
    @(337.82 mm, 48.26 mm): Symbol J11 Pin 247 [247, Passive, Line]
[pin_not_connected]: Pin not connected
    ; error
    @(335.28 mm, 73.66 mm): Symbol J11 Pin 115 [115, Passive, Line]
[pin_not_connected]: Pin not connected
    ; error
    @(340.36 mm, 48.26 mm): Symbol J11 Pin 248 [248, Passive, Line]
[pin_not_connected]: Pin not connected
    ; error
    @(337.82 mm, 73.66 mm): Symbol J11 Pin 116 [116, Passive, Line]
[pin_not_connected]: Pin not connected
    ; error
    @(342.90 mm, 48.26 mm): Symbol J11 Pin 249 [249, Passive, Line]
[pin_not_connected]: Pin not connected
    ; error
    @(340.36 mm, 73.66 mm): Symbol J11 Pin 117 [117, Passive, Line]
[pin_not_connected]: Pin not connected
    ; error
    @(345.44 mm, 48.26 mm): Symbol J11 Pin 250 [250, Passive, Line]
[pin_not_connected]: Pin not connected
    ; error
    @(342.90 mm, 73.66 mm): Symbol J11 Pin 118 [118, Passive, Line]
[pin_not_connected]: Pin not connected
    ; error
    @(347.98 mm, 48.26 mm): Symbol J11 Pin 251 [251, Passive, Line]
[pin_not_connected]: Pin not connected
    ; error
    @(345.44 mm, 73.66 mm): Symbol J11 Pin 119 [119, Passive, Line]
[pin_not_connected]: Pin not connected
    ; error
    @(350.52 mm, 48.26 mm): Symbol J11 Pin 252 [252, Passive, Line]
[pin_not_connected]: Pin not connected
    ; error
    @(347.98 mm, 73.66 mm): Symbol J11 Pin 120 [120, Passive, Line]
[pin_not_connected]: Pin not connected
    ; error
    @(353.06 mm, 48.26 mm): Symbol J11 Pin 253 [253, Passive, Line]
[pin_not_connected]: Pin not connected
    ; error
    @(350.52 mm, 73.66 mm): Symbol J11 Pin 121 [121, Passive, Line]
[pin_not_connected]: Pin not connected
    ; error
    @(355.60 mm, 48.26 mm): Symbol J11 Pin 254 [254, Passive, Line]
[pin_not_connected]: Pin not connected
    ; error
    @(353.06 mm, 73.66 mm): Symbol J11 Pin 122 [122, Passive, Line]
[pin_not_connected]: Pin not connected
    ; error
    @(358.14 mm, 48.26 mm): Symbol J11 Pin 255 [255, Passive, Line]
[pin_not_connected]: Pin not connected
    ; error
    @(355.60 mm, 73.66 mm): Symbol J11 Pin 123 [123, Passive, Line]
[pin_not_connected]: Pin not connected
    ; error
    @(360.68 mm, 48.26 mm): Symbol J11 Pin 256 [256, Passive, Line]
[pin_not_connected]: Pin not connected
    ; error
    @(358.14 mm, 73.66 mm): Symbol J11 Pin 124 [124, Passive, Line]
[pin_not_connected]: Pin not connected
    ; error
    @(363.22 mm, 48.26 mm): Symbol J11 Pin 257 [257, Passive, Line]
[pin_not_connected]: Pin not connected
    ; error
    @(360.68 mm, 73.66 mm): Symbol J11 Pin 125 [125, Passive, Line]
[pin_not_connected]: Pin not connected
    ; error
    @(365.76 mm, 48.26 mm): Symbol J11 Pin 258 [258, Passive, Line]
[pin_not_connected]: Pin not connected
    ; error
    @(363.22 mm, 73.66 mm): Symbol J11 Pin 126 [126, Passive, Line]
[pin_not_connected]: Pin not connected
    ; error
    @(365.76 mm, 73.66 mm): Symbol J11 Pin 127 [127, Passive, Line]
[pin_not_connected]: Pin not connected
    ; error
    @(373.38 mm, 48.26 mm): Symbol J11 Pin MP1 [MP1, Passive, Line]
[pin_not_connected]: Pin not connected
    ; error
    @(375.92 mm, 48.26 mm): Symbol J11 Pin MP2 [MP2, Passive, Line]
[pin_not_connected]: Pin not connected
    ; error
    @(373.38 mm, 73.66 mm): Symbol J11 Pin 130 [130, Passive, Line]
[pin_not_connected]: Pin not connected
    ; error
    @(375.92 mm, 73.66 mm): Symbol J11 Pin 131 [131, Passive, Line]

***** Sheet /BUSes/NETWORK_MOD_Bus/
[multiple_net_names]: Both MDIO and NET_CMD_ODD are attached to the same items; MDIO will be used in the netlist
    ; warning
    @(210.82 mm, 198.12 mm): Global Label 'MDIO'
    @(182.88 mm, 119.38 mm): Global Label 'NET_CMD_ODD'
[multiple_net_names]: Both NET_CLK_EVEN and NET_SPI_CLK are attached to the same items; NET_CLK_EVEN will be used in the netlist
    ; warning
    @(198.12 mm, 160.02 mm): Global Label 'NET_CLK_EVEN'
    @(210.82 mm, 160.02 mm): Global Label 'NET_SPI_CLK'
[multiple_net_names]: Both NET_D0_EVEN and NET_SPI_MOSI are attached to the same items; NET_D0_EVEN will be used in the netlist
    ; warning
    @(226.06 mm, 121.92 mm): Global Label 'NET_D0_EVEN'
    @(210.82 mm, 165.10 mm): Global Label 'NET_SPI_MOSI'
[multiple_net_names]: Both NET_SPI_RST_N and PHY_RST_N_EVEN are attached to the same items; NET_SPI_RST_N will be used in the netlist
    ; warning
    @(210.82 mm, 182.88 mm): Global Label 'NET_SPI_RST_N'
    @(198.12 mm, 182.88 mm): Global Label 'PHY_RST_N_EVEN'
[multiple_net_names]: Both NET_CMD_EVEN and RESERVADO are attached to the same items; NET_CMD_EVEN will be used in the netlist
    ; warning
    @(198.12 mm, 162.56 mm): Global Label 'NET_CMD_EVEN'
    @(210.82 mm, 172.72 mm): Global Label 'RESERVADO'
[multiple_net_names]: Both NET_CTL0_EVEN and NET_SPI_CS are attached to the same items; NET_CTL0_EVEN will be used in the netlist
    ; warning
    @(226.06 mm, 132.08 mm): Global Label 'NET_CTL0_EVEN'
    @(210.82 mm, 175.26 mm): Global Label 'NET_SPI_CS'
[multiple_net_names]: Both NET_CTL1_EVEN and NET_SPI_INT_N are attached to the same items; NET_CTL1_EVEN will be used in the netlist
    ; warning
    @(226.06 mm, 134.62 mm): Global Label 'NET_CTL1_EVEN'
    @(210.82 mm, 177.80 mm): Global Label 'NET_SPI_INT_N'
[multiple_net_names]: Both NET_CLK_ODD and RMII_REFCLK are attached to the same items; NET_CLK_ODD will be used in the netlist
    ; warning
    @(198.12 mm, 195.58 mm): Global Label 'NET_CLK_ODD'
    @(210.82 mm, 195.58 mm): Global Label 'RMII_REFCLK'
[multiple_net_names]: Both NET_D0_ODD and RMII_TX0 are attached to the same items; NET_D0_ODD will be used in the netlist
    ; warning
    @(198.12 mm, 200.66 mm): Global Label 'NET_D0_ODD'
    @(210.82 mm, 200.66 mm): Global Label 'RMII_TX0'
[multiple_net_names]: Both NET_D1_ODD and RMII_TX1 are attached to the same items; NET_D1_ODD will be used in the netlist
    ; warning
    @(182.88 mm, 124.46 mm): Global Label 'NET_D1_ODD'
    @(210.82 mm, 203.20 mm): Global Label 'RMII_TX1'
[multiple_net_names]: Both NET_D2_ODD and RMII_RX0 are attached to the same items; NET_D2_ODD will be used in the netlist
    ; warning
    @(198.12 mm, 205.74 mm): Global Label 'NET_D2_ODD'
    @(210.82 mm, 205.74 mm): Global Label 'RMII_RX0'
[multiple_net_names]: Both NET_D3_ODD and RMII_RX1 are attached to the same items; NET_D3_ODD will be used in the netlist
    ; warning
    @(198.12 mm, 208.28 mm): Global Label 'NET_D3_ODD'
    @(210.82 mm, 208.28 mm): Global Label 'RMII_RX1'
[multiple_net_names]: Both NET_CTL0_ODD and RMII_TXEN are attached to the same items; NET_CTL0_ODD will be used in the netlist
    ; warning
    @(198.12 mm, 210.82 mm): Global Label 'NET_CTL0_ODD'
    @(210.82 mm, 210.82 mm): Global Label 'RMII_TXEN'
[multiple_net_names]: Both NET_CTL1_ODD and RMII_CRS_DV are attached to the same items; NET_CTL1_ODD will be used in the netlist
    ; warning
    @(198.12 mm, 213.36 mm): Global Label 'NET_CTL1_ODD'
    @(210.82 mm, 213.36 mm): Global Label 'RMII_CRS_DV'
[multiple_net_names]: Both NET_CTL2_ODD and PHY_RST_N are attached to the same items; NET_CTL2_ODD will be used in the netlist
    ; warning
    @(182.88 mm, 137.16 mm): Global Label 'NET_CTL2_ODD'
    @(210.82 mm, 218.44 mm): Global Label 'PHY_RST_N'

***** Sheet /BUSes/DEBUG_MOD_Bus/

***** Sheet /BUSes/WIRELESS_MOD_Bus/
[multiple_net_names]: Both SDIO_CLK and SDIO_D0 are attached to the same items; SDIO_CLK will be used in the netlist
    ; warning
    @(190.50 mm, 127.00 mm): Global Label 'SDIO_CLK'
    @(190.50 mm, 129.54 mm): Global Label 'SDIO_D0'

***** Sheet /BUSes/UCE_External_Bus/
[pin_not_connected]: Pin not connected
    ; error
    @(203.20 mm, 241.30 mm): Symbol J7 Pin 1 [Pin_1, Passive, Line]
[pin_not_connected]: Pin not connected
    ; error
    @(203.20 mm, 243.84 mm): Symbol J7 Pin 3 [Pin_3, Passive, Line]
[pin_not_connected]: Pin not connected
    ; error
    @(203.20 mm, 246.38 mm): Symbol J7 Pin 5 [Pin_5, Passive, Line]
[pin_not_connected]: Pin not connected
    ; error
    @(203.20 mm, 248.92 mm): Symbol J7 Pin 7 [Pin_7, Passive, Line]
[pin_not_connected]: Pin not connected
    ; error
    @(203.20 mm, 251.46 mm): Symbol J7 Pin 9 [Pin_9, Passive, Line]
[pin_not_connected]: Pin not connected
    ; error
    @(215.90 mm, 241.30 mm): Symbol J7 Pin 2 [Pin_2, Passive, Line]
[pin_not_connected]: Pin not connected
    ; error
    @(203.20 mm, 254.00 mm): Symbol J7 Pin 11 [Pin_11, Passive, Line]
[pin_not_connected]: Pin not connected
    ; error
    @(215.90 mm, 243.84 mm): Symbol J7 Pin 4 [Pin_4, Passive, Line]
[pin_not_connected]: Pin not connected
    ; error
    @(203.20 mm, 256.54 mm): Symbol J7 Pin 13 [Pin_13, Passive, Line]
[pin_not_connected]: Pin not connected
    ; error
    @(215.90 mm, 246.38 mm): Symbol J7 Pin 6 [Pin_6, Passive, Line]
[pin_not_connected]: Pin not connected
    ; error
    @(203.20 mm, 259.08 mm): Symbol J7 Pin 15 [Pin_15, Passive, Line]
[pin_not_connected]: Pin not connected
    ; error
    @(215.90 mm, 248.92 mm): Symbol J7 Pin 8 [Pin_8, Passive, Line]
[pin_not_connected]: Pin not connected
    ; error
    @(215.90 mm, 251.46 mm): Symbol J7 Pin 10 [Pin_10, Passive, Line]
[pin_not_connected]: Pin not connected
    ; error
    @(215.90 mm, 254.00 mm): Symbol J7 Pin 12 [Pin_12, Passive, Line]
[pin_not_connected]: Pin not connected
    ; error
    @(215.90 mm, 256.54 mm): Symbol J7 Pin 14 [Pin_14, Passive, Line]
[pin_not_connected]: Pin not connected
    ; error
    @(215.90 mm, 259.08 mm): Symbol J7 Pin 16 [Pin_16, Passive, Line]
[pin_not_connected]: Pin not connected
    ; error
    @(248.92 mm, 238.76 mm): Symbol J8 Pin 1 [Pin_1, Passive, Line]
[pin_not_connected]: Pin not connected
    ; error
    @(248.92 mm, 241.30 mm): Symbol J8 Pin 2 [Pin_2, Passive, Line]
[pin_not_connected]: Pin not connected
    ; error
    @(248.92 mm, 243.84 mm): Symbol J8 Pin 3 [Pin_3, Passive, Line]
[pin_not_connected]: Pin not connected
    ; error
    @(248.92 mm, 246.38 mm): Symbol J8 Pin 4 [Pin_4, Passive, Line]
[pin_not_connected]: Pin not connected
    ; error
    @(248.92 mm, 248.92 mm): Symbol J8 Pin 5 [Pin_5, Passive, Line]
[pin_not_connected]: Pin not connected
    ; error
    @(248.92 mm, 251.46 mm): Symbol J8 Pin 6 [Pin_6, Passive, Line]
[pin_not_connected]: Pin not connected
    ; error
    @(248.92 mm, 254.00 mm): Symbol J8 Pin 7 [Pin_7, Passive, Line]
[pin_not_connected]: Pin not connected
    ; error
    @(248.92 mm, 256.54 mm): Symbol J8 Pin 8 [Pin_8, Passive, Line]

***** Sheet /Power/External Power Rails/
[power_pin_not_driven]: Input Power pin not driven by any Output Power pins
    ; error
    @(45.72 mm, 22.86 mm): Symbol #PWR018 Pin 1 [Power input, Line]
[pin_not_driven]: Input pin not driven by any Output pins
    ; error
    @(66.04 mm, 109.22 mm): Symbol PS1 Pin 4 [ON/OFF, Input, Line]
[power_pin_not_driven]: Input Power pin not driven by any Output Power pins
    ; error
    @(118.11 mm, 68.58 mm): Symbol #PWR01 Pin 1 [Power input, Line]
[pin_to_pin]: Pins of type Output and Output are connected
    ; error
    @(101.60 mm, 114.30 mm): Symbol PS1 Pin 6 [-VOUT, Output, Line]
    @(101.60 mm, 144.78 mm): Symbol PS2 Pin 6 [-VOUT, Output, Line]
[power_pin_not_driven]: Input Power pin not driven by any Output Power pins
    ; error
    @(137.16 mm, 68.58 mm): Symbol #PWR02 Pin 1 [Power input, Line]
[pin_not_driven]: Input pin not driven by any Output pins
    ; error
    @(66.04 mm, 139.70 mm): Symbol PS2 Pin 4 [ON/OFF, Input, Line]
[power_pin_not_driven]: Input Power pin not driven by any Output Power pins
    ; error
    @(142.24 mm, 68.58 mm): Symbol #PWR03 Pin 1 [Power input, Line]
[pin_to_pin]: Pins of type Output and Output are connected
    ; error
    @(101.60 mm, 144.78 mm): Symbol PS2 Pin 6 [-VOUT, Output, Line]
    @(101.60 mm, 177.80 mm): Symbol PS3 Pin 6 [-VOUT, Output, Line]
[pin_not_driven]: Input pin not driven by any Output pins
    ; error
    @(66.04 mm, 172.72 mm): Symbol PS3 Pin 4 [ON/OFF, Input, Line]
[power_pin_not_driven]: Input Power pin not driven by any Output Power pins
    ; error
    @(262.89 mm, 210.82 mm): Symbol #PWR06 Pin 1 [Power input, Line]

 ** ERC messages: 286  Errors 135  Warnings 151
